******************************************************************************
                  TI ARM Linker PC v15.12.1                    
******************************************************************************
>> Linked Tue Sep 20 18:26:08 2016

OUTPUT FILE NAME:   <lab3.0.out>
ENTRY POINT SYMBOL: "_c_int00"  address: 0000249d


MEMORY CONFIGURATION

         name            origin    length      used     unused   attr    fill
----------------------  --------  ---------  --------  --------  ----  --------
  FLASH                 00000000   00020000  00002879  0001d787  R  X
  SRAM                  20000000   00008000  00000873  0000778d  RW X


SEGMENT ALLOCATION MAP

run origin  load origin   length   init length attrs members
----------  ----------- ---------- ----------- ----- -------
00000000    00000000    0000287c   0000287c    r-x
  00000000    00000000    0000026c   0000026c    r-- .intvecs
  0000026c    0000026c    000024d0   000024d0    r-x .text
  0000273c    0000273c    00000109   00000109    r-- .const
  00002848    00002848    00000034   00000034    r-- .cinit
20000000    20000000    00000876   00000000    rw-
  20000000    20000000    00000800   00000000    rw- .stack
  20000800    20000800    00000055   00000000    rw- .bss
  20000858    20000858    0000001e   00000000    rw- .data


SECTION ALLOCATION MAP

 output                                  attributes/
section   page    origin      length       input sections
--------  ----  ----------  ----------   ----------------
.intvecs   0    00000000    0000026c     
                  00000000    0000026c     tm4c1231e6pm_startup_ccs.obj (.intvecs)

.text      0    0000026c    000024d0     
                  0000026c    00001110     rtsv7M4_T_le_v4SPD16_eabi.lib : _printfi.obj (.text)
                  0000137c    000002ec     lcd.obj (.text)
                  00001668    000001f4     rtsv7M4_T_le_v4SPD16_eabi.lib : ull_div_t2.obj (.text)
                  0000185c    000001b6                                   : fd_add_t2.obj (.text)
                  00001a12    00000002                                   : mpu_init.obj (.text)
                  00001a14    00000158     Timer.obj (.text)
                  00001b6c    00000136     rtsv7M4_T_le_v4SPD16_eabi.lib : fd_div_t2.obj (.text)
                  00001ca2    000000fc                                   : fd_mul_t2.obj (.text)
                  00001d9e    00000002                                   : startup.obj (.text)
                  00001da0    000000fc                                   : s_scalbn.obj (.text)
                  00001e9c    000000e4     button.obj (.text)
                  00001f80    000000d8     lab3_template.obj (.text)
                  00002058    0000009c     rtsv7M4_T_le_v4SPD16_eabi.lib : memcpy_t2.obj (.text)
                  000020f4    00000088                                   : vsnprintf.obj (.text)
                  0000217c    00000086                                   : fd_cmp_t2.obj (.text:__aeabi_cdcmple)
                  00002202    00000086                                   : fd_cmp_t2.obj (.text:__aeabi_cdrcmple)
                  00002288    0000007a                                   : memset_t2.obj (.text)
                  00002302    00000002     --HOLE-- [fill = 0]
                  00002304    00000070                                   : autoinit.obj (.text)
                  00002374    0000006a                                   : copy_decompress_rle.obj (.text)
                  000023de    00000002     --HOLE-- [fill = 0]
                  000023e0    00000064                                   : s_frexp.obj (.text)
                  00002444    00000056                                   : ltoa.obj (.text)
                  0000249a    00000002     --HOLE-- [fill = 0]
                  0000249c    00000054                                   : boot.obj (.text)
                  000024f0    00000054                                   : exit.obj (.text)
                  00002544    0000004c                                   : atoi.obj (.text)
                  00002590    0000004c                                   : cpy_tbl.obj (.text)
                  000025dc    00000048                                   : fd_toi_t2.obj (.text)
                  00002624    0000002e                                   : i_tofd_t2.obj (.text)
                  00002652    0000001c                                   : memccpy.obj (.text)
                  0000266e    00000002     --HOLE-- [fill = 0]
                  00002670    00000018                                   : args_main.obj (.text)
                  00002688    00000018                                   : strcmp.obj (.text)
                  000026a0    00000016                                   : strchr.obj (.text)
                  000026b6    00000002     --HOLE-- [fill = 0]
                  000026b8    00000014                                   : _lock.obj (.text)
                  000026cc    00000014                                   : s_copysign.obj (.text)
                  000026e0    00000014                                   : strcpy.obj (.text)
                  000026f4    00000014                                   : strlen.obj (.text)
                  00002708    00000010     lcd.obj (.text:lcd_clear)
                  00002718    0000000e     rtsv7M4_T_le_v4SPD16_eabi.lib : copy_decompress_none.obj (.text:decompress:none)
                  00002726    0000000c     tm4c1231e6pm_startup_ccs.obj (.text)
                  00002732    00000006     rtsv7M4_T_le_v4SPD16_eabi.lib : copy_decompress_rle.obj (.text:decompress:rle24)
                  00002738    00000004                                   : pre_init.obj (.text)

.const     0    0000273c    00000109     
                  0000273c    00000101     rtsv7M4_T_le_v4SPD16_eabi.lib : ctype.obj (.const:.string:_ctypes_)
                  0000283d    00000004     lcd.obj (.const:.string:lineAddress$1)
                  00002841    00000004     lcd.obj (.const:.string:lineAddresses$2)

.cinit     0    00002848    00000034     
                  00002848    0000000e     (.cinit..data.load) [load image, compression = rle]
                  00002856    00000002     --HOLE-- [fill = 0]
                  00002858    00000009     (.cinit..bss.load) [load image, compression = rle]
                  00002861    00000003     --HOLE-- [fill = 0]
                  00002864    00000008     (__TI_handler_table)
                  0000286c    00000010     (__TI_cinit_table)

.init_array 
*          0    00000000    00000000     UNINITIALIZED

.stack     0    20000000    00000800     UNINITIALIZED
                  20000000    00000800     --HOLE--

.bss       0    20000800    00000055     UNINITIALIZED
                  20000800    00000054     lcd.obj (.bss:lastbuffer$3)
                  20000854    00000001     (.common:_prevButton)

.data      0    20000858    0000001e     UNINITIALIZED
                  20000858    0000000c     rtsv7M4_T_le_v4SPD16_eabi.lib : exit.obj (.data:$O1$$)
                  20000864    00000008                                   : _lock.obj (.data:$O1$$)
                  2000086c    00000004                                   : errno.obj (.data)
                  20000870    00000004                                   : stkdepth_vars.obj (.data)
                  20000874    00000001     button.obj (.data)
                  20000875    00000001     lab3_template.obj (.data)

MODULE SUMMARY

       Module                         code   ro data   rw data
       ------                         ----   -------   -------
    .\
       lcd.obj                        764    8         84     
       tm4c1231e6pm_startup_ccs.obj   12     620       0      
       Timer.obj                      344    0         0      
       button.obj                     228    0         2      
       lab3_template.obj              216    0         1      
    +--+------------------------------+------+---------+---------+
       Total:                         1564   628       87     
                                                              
    C:\ti\ccsv6\tools\compiler\ti-cgt-arm_15.12.1.LTS\lib\rtsv7M4_T_le_v4SPD16_eabi.lib
       _printfi.obj                   4368   0         0      
       ull_div_t2.obj                 500    0         0      
       fd_add_t2.obj                  438    0         0      
       fd_div_t2.obj                  310    0         0      
       fd_cmp_t2.obj                  268    0         0      
       ctype.obj                      0      257       0      
       fd_mul_t2.obj                  252    0         0      
       s_scalbn.obj                   252    0         0      
       memcpy_t2.obj                  156    0         0      
       vsnprintf.obj                  136    0         0      
       memset_t2.obj                  122    0         0      
       autoinit.obj                   112    0         0      
       copy_decompress_rle.obj        112    0         0      
       s_frexp.obj                    100    0         0      
       exit.obj                       84     0         12     
       ltoa.obj                       86     0         0      
       boot.obj                       84     0         0      
       atoi.obj                       76     0         0      
       cpy_tbl.obj                    76     0         0      
       fd_toi_t2.obj                  72     0         0      
       i_tofd_t2.obj                  46     0         0      
       _lock.obj                      20     0         8      
       memccpy.obj                    28     0         0      
       args_main.obj                  24     0         0      
       strcmp.obj                     24     0         0      
       strchr.obj                     22     0         0      
       s_copysign.obj                 20     0         0      
       strcpy.obj                     20     0         0      
       strlen.obj                     20     0         0      
       copy_decompress_none.obj       14     0         0      
       errno.obj                      0      0         4      
       pre_init.obj                   4      0         0      
       stkdepth_vars.obj              0      0         4      
       mpu_init.obj                   2      0         0      
       startup.obj                    2      0         0      
    +--+------------------------------+------+---------+---------+
       Total:                         7850   257       28     
                                                              
       Stack:                         0      0         2048   
       Linker Generated:              0      47        0      
    +--+------------------------------+------+---------+---------+
       Grand Total:                   9414   932       2163   


LINKER GENERATED COPY TABLES

__TI_cinit_table @ 0000286c records: 2, size/record: 8, table size: 16
	.data: load addr=00002848, load size=0000000e bytes, run addr=20000858, run size=0000001e bytes, compression=rle
	.bss: load addr=00002858, load size=00000009 bytes, run addr=20000800, run size=00000055 bytes, compression=rle


LINKER GENERATED HANDLER TABLE

__TI_handler_table @ 00002864 records: 2, size/record: 4, table size: 8
	index: 0, handler: __TI_decompress_rle24
	index: 1, handler: __TI_decompress_none


GLOBAL SYMBOLS: SORTED ALPHABETICALLY BY Name 

address   name                           
-------   ----                           
000024f1  C$$EXIT                        
00002727  ResetISR                       
UNDEFED   SHT$$INIT_ARRAY$$Base          
UNDEFED   SHT$$INIT_ARRAY$$Limit         
20000800  __STACK_END                    
00000800  __STACK_SIZE                   
20000200  __STACK_TOP                    
0000286c  __TI_CINIT_Base                
0000287c  __TI_CINIT_Limit               
00002864  __TI_Handler_Table_Base        
0000286c  __TI_Handler_Table_Limit       
00002305  __TI_auto_init                 
20000858  __TI_cleanup_ptr               
00002719  __TI_decompress_none           
00002733  __TI_decompress_rle24          
2000085c  __TI_dtors_ptr                 
20000860  __TI_enable_exit_profile_output
ffffffff  __TI_pprof_out_hndl            
00001077  __TI_printfi                   
ffffffff  __TI_prof_data_size            
ffffffff  __TI_prof_data_start           
00000000  __TI_static_base__             
0000217d  __aeabi_cdcmpeq                
0000217d  __aeabi_cdcmple                
00002203  __aeabi_cdrcmple               
000025dd  __aeabi_d2iz                   
00001867  __aeabi_dadd                   
00001b6d  __aeabi_ddiv                   
00001ca3  __aeabi_dmul                   
0000185d  __aeabi_dsub                   
00002625  __aeabi_i2d                    
00002289  __aeabi_memclr                 
00002289  __aeabi_memclr4                
00002289  __aeabi_memclr8                
00002059  __aeabi_memcpy                 
00002059  __aeabi_memcpy4                
00002059  __aeabi_memcpy8                
0000228b  __aeabi_memset                 
0000228b  __aeabi_memset4                
0000228b  __aeabi_memset8                
00001669  __aeabi_uldivmod               
ffffffff  __binit__                      
ffffffff  __c_args__                     
00001a13  __mpu_init                     
20000000  __stack                        
00002671  _args_main                     
0000249d  _c_int00                       
0000273c  _ctypes_                       
20000864  _lock                          
000026c7  _nop                           
20000854  _prevButton                    
000026bf  _register_lock                 
000026b9  _register_unlock               
00001d9f  _system_post_cinit             
00002739  _system_pre_init               
20000868  _unlock                        
000024f5  abort                          
00002545  atoi                           
ffffffff  binit                          
00001ec9  button_checkButtons            
00001ed3  button_getButton               
00001f13  button_getButtonBlocking       
00001f27  button_getButtonChange         
00001f51  button_getButtonChangeBlocking 
00001e9d  button_init                    
00002591  copy_in                        
000026cd  copysign                       
000026cd  copysignl                      
2000086c  errno                          
000024fd  exit                           
000023e1  frexp                          
000023e1  frexpl                         
00000000  g_pfnVectors                   
00002709  lcd_clear                      
00001515  lcd_gotoLine                   
0000137d  lcd_init                       
0000157b  lcd_printf                     
0000143d  lcd_putc                       
00001475  lcd_puts                       
00001493  lcd_sendCommand                
000014d1  lcd_sendNibble                 
0000153d  lcd_setCursorPos               
00001da1  ldexp                          
00001da1  ldexpl                         
00002445  ltoa                           
0000202f  main                           
20000870  main_func_sp                   
00002653  memccpy                        
00002059  memcpy                         
00002291  memset                         
00002023  move_stepper_motor_by_step     
00001fa1  read_shaft_encoder             
00001da1  scalbn                         
00001da1  scalbnl                        
00001f81  shaft_encoder_init             
00001fe7  stepper_init                   
000026a1  strchr                         
00002689  strcmp                         
000026e1  strcpy                         
000026f5  strlen                         
00001b25  timer_getClock                 
00001ad9  timer_startClock               
00001a73  timer_startTimer               
00001b2b  timer_stopClock                
00001ac3  timer_stopTimer                
00001a49  timer_waitMicros               
00001a15  timer_waitMillis               
000020f5  vsnprintf                      


GLOBAL SYMBOLS: SORTED BY Symbol Address 

address   name                           
-------   ----                           
00000000  __TI_static_base__             
00000000  g_pfnVectors                   
00000800  __STACK_SIZE                   
00001077  __TI_printfi                   
0000137d  lcd_init                       
0000143d  lcd_putc                       
00001475  lcd_puts                       
00001493  lcd_sendCommand                
000014d1  lcd_sendNibble                 
00001515  lcd_gotoLine                   
0000153d  lcd_setCursorPos               
0000157b  lcd_printf                     
00001669  __aeabi_uldivmod               
0000185d  __aeabi_dsub                   
00001867  __aeabi_dadd                   
00001a13  __mpu_init                     
00001a15  timer_waitMillis               
00001a49  timer_waitMicros               
00001a73  timer_startTimer               
00001ac3  timer_stopTimer                
00001ad9  timer_startClock               
00001b25  timer_getClock                 
00001b2b  timer_stopClock                
00001b6d  __aeabi_ddiv                   
00001ca3  __aeabi_dmul                   
00001d9f  _system_post_cinit             
00001da1  ldexp                          
00001da1  ldexpl                         
00001da1  scalbn                         
00001da1  scalbnl                        
00001e9d  button_init                    
00001ec9  button_checkButtons            
00001ed3  button_getButton               
00001f13  button_getButtonBlocking       
00001f27  button_getButtonChange         
00001f51  button_getButtonChangeBlocking 
00001f81  shaft_encoder_init             
00001fa1  read_shaft_encoder             
00001fe7  stepper_init                   
00002023  move_stepper_motor_by_step     
0000202f  main                           
00002059  __aeabi_memcpy                 
00002059  __aeabi_memcpy4                
00002059  __aeabi_memcpy8                
00002059  memcpy                         
000020f5  vsnprintf                      
0000217d  __aeabi_cdcmpeq                
0000217d  __aeabi_cdcmple                
00002203  __aeabi_cdrcmple               
00002289  __aeabi_memclr                 
00002289  __aeabi_memclr4                
00002289  __aeabi_memclr8                
0000228b  __aeabi_memset                 
0000228b  __aeabi_memset4                
0000228b  __aeabi_memset8                
00002291  memset                         
00002305  __TI_auto_init                 
000023e1  frexp                          
000023e1  frexpl                         
00002445  ltoa                           
0000249d  _c_int00                       
000024f1  C$$EXIT                        
000024f5  abort                          
000024fd  exit                           
00002545  atoi                           
00002591  copy_in                        
000025dd  __aeabi_d2iz                   
00002625  __aeabi_i2d                    
00002653  memccpy                        
00002671  _args_main                     
00002689  strcmp                         
000026a1  strchr                         
000026b9  _register_unlock               
000026bf  _register_lock                 
000026c7  _nop                           
000026cd  copysign                       
000026cd  copysignl                      
000026e1  strcpy                         
000026f5  strlen                         
00002709  lcd_clear                      
00002719  __TI_decompress_none           
00002727  ResetISR                       
00002733  __TI_decompress_rle24          
00002739  _system_pre_init               
0000273c  _ctypes_                       
00002864  __TI_Handler_Table_Base        
0000286c  __TI_CINIT_Base                
0000286c  __TI_Handler_Table_Limit       
0000287c  __TI_CINIT_Limit               
20000000  __stack                        
20000200  __STACK_TOP                    
20000800  __STACK_END                    
20000854  _prevButton                    
20000858  __TI_cleanup_ptr               
2000085c  __TI_dtors_ptr                 
20000860  __TI_enable_exit_profile_output
20000864  _lock                          
20000868  _unlock                        
2000086c  errno                          
20000870  main_func_sp                   
ffffffff  __TI_pprof_out_hndl            
ffffffff  __TI_prof_data_size            
ffffffff  __TI_prof_data_start           
ffffffff  __binit__                      
ffffffff  __c_args__                     
ffffffff  binit                          
UNDEFED   SHT$$INIT_ARRAY$$Base          
UNDEFED   SHT$$INIT_ARRAY$$Limit         

[108 symbols]
