******************************************************************************
                  TI ARM Linker PC v15.12.1                    
******************************************************************************
>> Linked Tue Sep 06 18:37:56 2016

OUTPUT FILE NAME:   <workthistime.out>
ENTRY POINT SYMBOL: "_c_int00"  address: 00002365


MEMORY CONFIGURATION

         name            origin    length      used     unused   attr    fill
----------------------  --------  ---------  --------  --------  ----  --------
  FLASH                 00000000   00020000  0000279f  0001d861  R  X
  SRAM                  20000000   00008000  00000874  0000778c  RW X


SEGMENT ALLOCATION MAP

run origin  load origin   length   init length attrs members
----------  ----------- ---------- ----------- ----- -------
00000000    00000000    000027a4   000027a4    r-x
  00000000    00000000    0000026c   0000026c    r-- .intvecs
  0000026c    0000026c    00002398   00002398    r-x .text
  00002604    00002604    00000157   00000157    r-- .const
  00002760    00002760    00000044   00000044    r-- .cinit
20000000    20000000    00000874   00000000    rw-
  20000000    20000000    00000800   00000000    rw- .stack
  20000800    20000800    00000054   00000000    rw- .bss
  20000854    20000854    00000020   00000000    rw- .data


SECTION ALLOCATION MAP

 output                                  attributes/
section   page    origin      length       input sections
--------  ----  ----------  ----------   ----------------
.intvecs   0    00000000    0000026c     
                  00000000    0000026c     tm4c1231e6pm_startup_ccs.obj (.intvecs)

.text      0    0000026c    00002398     
                  0000026c    00001110     rtsv7M4_T_le_v4SPD16_eabi.lib : _printfi.obj (.text)
                  0000137c    000002e8     lcd.obj (.text)
                  00001664    000001f4     rtsv7M4_T_le_v4SPD16_eabi.lib : ull_div_t2.obj (.text)
                  00001858    000001b6                                   : fd_add_t2.obj (.text)
                  00001a0e    00000002                                   : mpu_init.obj (.text)
                  00001a10    00000158     timer.obj (.text)
                  00001b68    00000136     rtsv7M4_T_le_v4SPD16_eabi.lib : fd_div_t2.obj (.text)
                  00001c9e    000000fc                                   : fd_mul_t2.obj (.text)
                  00001d9a    00000002                                   : startup.obj (.text)
                  00001d9c    000000fc                                   : s_scalbn.obj (.text)
                  00001e98    0000009c                                   : memcpy_t2.obj (.text)
                  00001f34    00000088     helloworld.obj (.text)
                  00001fbc    00000088     rtsv7M4_T_le_v4SPD16_eabi.lib : vsnprintf.obj (.text)
                  00002044    00000086                                   : fd_cmp_t2.obj (.text:__aeabi_cdcmple)
                  000020ca    00000086                                   : fd_cmp_t2.obj (.text:__aeabi_cdrcmple)
                  00002150    0000007a                                   : memset_t2.obj (.text)
                  000021ca    00000002     --HOLE-- [fill = 0]
                  000021cc    00000070                                   : autoinit.obj (.text)
                  0000223c    0000006a                                   : copy_decompress_rle.obj (.text)
                  000022a6    00000002     --HOLE-- [fill = 0]
                  000022a8    00000064                                   : s_frexp.obj (.text)
                  0000230c    00000056                                   : ltoa.obj (.text)
                  00002362    00000002     --HOLE-- [fill = 0]
                  00002364    00000054                                   : boot.obj (.text)
                  000023b8    00000054                                   : exit.obj (.text)
                  0000240c    0000004c                                   : atoi.obj (.text)
                  00002458    0000004c                                   : cpy_tbl.obj (.text)
                  000024a4    00000048                                   : fd_toi_t2.obj (.text)
                  000024ec    0000002e                                   : i_tofd_t2.obj (.text)
                  0000251a    0000001c                                   : memccpy.obj (.text)
                  00002536    00000002     --HOLE-- [fill = 0]
                  00002538    00000018                                   : args_main.obj (.text)
                  00002550    00000018                                   : strcmp.obj (.text)
                  00002568    00000016                                   : strchr.obj (.text)
                  0000257e    00000002     --HOLE-- [fill = 0]
                  00002580    00000014                                   : _lock.obj (.text)
                  00002594    00000014                                   : s_copysign.obj (.text)
                  000025a8    00000014                                   : strcpy.obj (.text)
                  000025bc    00000014                                   : strlen.obj (.text)
                  000025d0    00000010     lcd.obj (.text:lcd_clear)
                  000025e0    0000000e     rtsv7M4_T_le_v4SPD16_eabi.lib : copy_decompress_none.obj (.text:decompress:none)
                  000025ee    0000000c     tm4c1231e6pm_startup_ccs.obj (.text)
                  000025fa    00000006     rtsv7M4_T_le_v4SPD16_eabi.lib : copy_decompress_rle.obj (.text:decompress:rle24)
                  00002600    00000004                                   : pre_init.obj (.text)

.const     0    00002604    00000157     
                  00002604    00000101     rtsv7M4_T_le_v4SPD16_eabi.lib : ctype.obj (.const:.string:_ctypes_)
                  00002705    0000004e     helloworld.obj (.const:.string:$P$T0$2)
                  00002753    00000004     lcd.obj (.const:.string:lineAddress$1)
                  00002757    00000004     lcd.obj (.const:.string:lineAddresses$2)

.cinit     0    00002760    00000044     
                  00002760    00000019     (.cinit..data.load) [load image, compression = rle]
                  00002779    00000007     --HOLE-- [fill = 0]
                  00002780    00000009     (.cinit..bss.load) [load image, compression = rle]
                  00002789    00000003     --HOLE-- [fill = 0]
                  0000278c    00000008     (__TI_handler_table)
                  00002794    00000010     (__TI_cinit_table)

.init_array 
*          0    00000000    00000000     UNINITIALIZED

.stack     0    20000000    00000800     UNINITIALIZED
                  20000000    00000800     --HOLE--

.bss       0    20000800    00000054     UNINITIALIZED
                  20000800    00000054     lcd.obj (.bss:lastbuffer$3)

.data      0    20000854    00000020     UNINITIALIZED
                  20000854    0000000c     rtsv7M4_T_le_v4SPD16_eabi.lib : exit.obj (.data:$O1$$)
                  20000860    00000008                                   : _lock.obj (.data:$O1$$)
                  20000868    00000004     helloworld.obj (.data)
                  2000086c    00000004     rtsv7M4_T_le_v4SPD16_eabi.lib : errno.obj (.data)
                  20000870    00000004                                   : stkdepth_vars.obj (.data)

MODULE SUMMARY

       Module                         code   ro data   rw data
       ------                         ----   -------   -------
    .\
       lcd.obj                        760    8         84     
       tm4c1231e6pm_startup_ccs.obj   12     620       0      
       timer.obj                      344    0         0      
       helloworld.obj                 136    78        4      
    +--+------------------------------+------+---------+---------+
       Total:                         1252   706       88     
                                                              
    C:\ti\ccsv6\tools\compiler\ti-cgt-arm_15.12.1.LTS\lib\rtsv7M4_T_le_v4SPD16_eabi.lib
       _printfi.obj                   4368   0         0      
       ull_div_t2.obj                 500    0         0      
       fd_add_t2.obj                  438    0         0      
       fd_div_t2.obj                  310    0         0      
       fd_cmp_t2.obj                  268    0         0      
       ctype.obj                      0      257       0      
       fd_mul_t2.obj                  252    0         0      
       s_scalbn.obj                   252    0         0      
       memcpy_t2.obj                  156    0         0      
       vsnprintf.obj                  136    0         0      
       memset_t2.obj                  122    0         0      
       autoinit.obj                   112    0         0      
       copy_decompress_rle.obj        112    0         0      
       s_frexp.obj                    100    0         0      
       exit.obj                       84     0         12     
       ltoa.obj                       86     0         0      
       boot.obj                       84     0         0      
       atoi.obj                       76     0         0      
       cpy_tbl.obj                    76     0         0      
       fd_toi_t2.obj                  72     0         0      
       i_tofd_t2.obj                  46     0         0      
       _lock.obj                      20     0         8      
       memccpy.obj                    28     0         0      
       args_main.obj                  24     0         0      
       strcmp.obj                     24     0         0      
       strchr.obj                     22     0         0      
       s_copysign.obj                 20     0         0      
       strcpy.obj                     20     0         0      
       strlen.obj                     20     0         0      
       copy_decompress_none.obj       14     0         0      
       errno.obj                      0      0         4      
       pre_init.obj                   4      0         0      
       stkdepth_vars.obj              0      0         4      
       mpu_init.obj                   2      0         0      
       startup.obj                    2      0         0      
    +--+------------------------------+------+---------+---------+
       Total:                         7850   257       28     
                                                              
       Stack:                         0      0         2048   
       Linker Generated:              0      58        0      
    +--+------------------------------+------+---------+---------+
       Grand Total:                   9102   1021      2164   


LINKER GENERATED COPY TABLES

__TI_cinit_table @ 00002794 records: 2, size/record: 8, table size: 16
	.data: load addr=00002760, load size=00000019 bytes, run addr=20000854, run size=00000020 bytes, compression=rle
	.bss: load addr=00002780, load size=00000009 bytes, run addr=20000800, run size=00000054 bytes, compression=rle


LINKER GENERATED HANDLER TABLE

__TI_handler_table @ 0000278c records: 2, size/record: 4, table size: 8
	index: 0, handler: __TI_decompress_rle24
	index: 1, handler: __TI_decompress_none


GLOBAL SYMBOLS: SORTED ALPHABETICALLY BY Name 

address   name                           
-------   ----                           
000023b9  C$$EXIT                        
000025ef  ResetISR                       
UNDEFED   SHT$$INIT_ARRAY$$Base          
UNDEFED   SHT$$INIT_ARRAY$$Limit         
20000800  __STACK_END                    
00000800  __STACK_SIZE                   
20000200  __STACK_TOP                    
00002794  __TI_CINIT_Base                
000027a4  __TI_CINIT_Limit               
0000278c  __TI_Handler_Table_Base        
00002794  __TI_Handler_Table_Limit       
000021cd  __TI_auto_init                 
20000854  __TI_cleanup_ptr               
000025e1  __TI_decompress_none           
000025fb  __TI_decompress_rle24          
20000858  __TI_dtors_ptr                 
2000085c  __TI_enable_exit_profile_output
ffffffff  __TI_pprof_out_hndl            
00001077  __TI_printfi                   
ffffffff  __TI_prof_data_size            
ffffffff  __TI_prof_data_start           
00000000  __TI_static_base__             
00002045  __aeabi_cdcmpeq                
00002045  __aeabi_cdcmple                
000020cb  __aeabi_cdrcmple               
000024a5  __aeabi_d2iz                   
00001863  __aeabi_dadd                   
00001b69  __aeabi_ddiv                   
00001c9f  __aeabi_dmul                   
00001859  __aeabi_dsub                   
000024ed  __aeabi_i2d                    
00002151  __aeabi_memclr                 
00002151  __aeabi_memclr4                
00002151  __aeabi_memclr8                
00001e99  __aeabi_memcpy                 
00001e99  __aeabi_memcpy4                
00001e99  __aeabi_memcpy8                
00002153  __aeabi_memset                 
00002153  __aeabi_memset4                
00002153  __aeabi_memset8                
00001665  __aeabi_uldivmod               
ffffffff  __binit__                      
ffffffff  __c_args__                     
00001a0f  __mpu_init                     
20000000  __stack                        
00002539  _args_main                     
00002365  _c_int00                       
00002604  _ctypes_                       
20000860  _lock                          
0000258f  _nop                           
00002587  _register_lock                 
00002581  _register_unlock               
00001d9b  _system_post_cinit             
00002601  _system_pre_init               
20000864  _unlock                        
000023bd  abort                          
0000240d  atoi                           
ffffffff  binit                          
00002459  copy_in                        
00002595  copysign                       
00002595  copysignl                      
2000086c  errno                          
000023c5  exit                           
000022a9  frexp                          
000022a9  frexpl                         
00000000  g_pfnVectors                   
000025d1  lcd_clear                      
00001511  lcd_gotoLine                   
0000137d  lcd_init                       
00001577  lcd_printf                     
00001439  lcd_putc                       
00001471  lcd_puts                       
0000148f  lcd_sendCommand                
000014cd  lcd_sendNibble                 
00001539  lcd_setCursorPos               
00001d9d  ldexp                          
00001d9d  ldexpl                         
0000230d  ltoa                           
00001f35  main                           
20000870  main_func_sp                   
0000251b  memccpy                        
00001e99  memcpy                         
00002159  memset                         
00001d9d  scalbn                         
00001d9d  scalbnl                        
00002569  strchr                         
00002551  strcmp                         
000025a9  strcpy                         
000025bd  strlen                         
00001b21  timer_getClock                 
00001ad5  timer_startClock               
00001a6f  timer_startTimer               
00001b27  timer_stopClock                
00001abf  timer_stopTimer                
00001a45  timer_waitMicros               
00001a11  timer_waitMillis               
00001fbd  vsnprintf                      


GLOBAL SYMBOLS: SORTED BY Symbol Address 

address   name                           
-------   ----                           
00000000  __TI_static_base__             
00000000  g_pfnVectors                   
00000800  __STACK_SIZE                   
00001077  __TI_printfi                   
0000137d  lcd_init                       
00001439  lcd_putc                       
00001471  lcd_puts                       
0000148f  lcd_sendCommand                
000014cd  lcd_sendNibble                 
00001511  lcd_gotoLine                   
00001539  lcd_setCursorPos               
00001577  lcd_printf                     
00001665  __aeabi_uldivmod               
00001859  __aeabi_dsub                   
00001863  __aeabi_dadd                   
00001a0f  __mpu_init                     
00001a11  timer_waitMillis               
00001a45  timer_waitMicros               
00001a6f  timer_startTimer               
00001abf  timer_stopTimer                
00001ad5  timer_startClock               
00001b21  timer_getClock                 
00001b27  timer_stopClock                
00001b69  __aeabi_ddiv                   
00001c9f  __aeabi_dmul                   
00001d9b  _system_post_cinit             
00001d9d  ldexp                          
00001d9d  ldexpl                         
00001d9d  scalbn                         
00001d9d  scalbnl                        
00001e99  __aeabi_memcpy                 
00001e99  __aeabi_memcpy4                
00001e99  __aeabi_memcpy8                
00001e99  memcpy                         
00001f35  main                           
00001fbd  vsnprintf                      
00002045  __aeabi_cdcmpeq                
00002045  __aeabi_cdcmple                
000020cb  __aeabi_cdrcmple               
00002151  __aeabi_memclr                 
00002151  __aeabi_memclr4                
00002151  __aeabi_memclr8                
00002153  __aeabi_memset                 
00002153  __aeabi_memset4                
00002153  __aeabi_memset8                
00002159  memset                         
000021cd  __TI_auto_init                 
000022a9  frexp                          
000022a9  frexpl                         
0000230d  ltoa                           
00002365  _c_int00                       
000023b9  C$$EXIT                        
000023bd  abort                          
000023c5  exit                           
0000240d  atoi                           
00002459  copy_in                        
000024a5  __aeabi_d2iz                   
000024ed  __aeabi_i2d                    
0000251b  memccpy                        
00002539  _args_main                     
00002551  strcmp                         
00002569  strchr                         
00002581  _register_unlock               
00002587  _register_lock                 
0000258f  _nop                           
00002595  copysign                       
00002595  copysignl                      
000025a9  strcpy                         
000025bd  strlen                         
000025d1  lcd_clear                      
000025e1  __TI_decompress_none           
000025ef  ResetISR                       
000025fb  __TI_decompress_rle24          
00002601  _system_pre_init               
00002604  _ctypes_                       
0000278c  __TI_Handler_Table_Base        
00002794  __TI_CINIT_Base                
00002794  __TI_Handler_Table_Limit       
000027a4  __TI_CINIT_Limit               
20000000  __stack                        
20000200  __STACK_TOP                    
20000800  __STACK_END                    
20000854  __TI_cleanup_ptr               
20000858  __TI_dtors_ptr                 
2000085c  __TI_enable_exit_profile_output
20000860  _lock                          
20000864  _unlock                        
2000086c  errno                          
20000870  main_func_sp                   
ffffffff  __TI_pprof_out_hndl            
ffffffff  __TI_prof_data_size            
ffffffff  __TI_prof_data_start           
ffffffff  __binit__                      
ffffffff  __c_args__                     
ffffffff  binit                          
UNDEFED   SHT$$INIT_ARRAY$$Base          
UNDEFED   SHT$$INIT_ARRAY$$Limit         

[97 symbols]
