******************************************************************************
                  TI ARM Linker PC v15.12.1                    
******************************************************************************
>> Linked Tue Nov 29 18:58:42 2016

OUTPUT FILE NAME:   <finalproject.out>
ENTRY POINT SYMBOL: "_c_int00"  address: 000032d9


MEMORY CONFIGURATION

         name            origin    length      used     unused   attr    fill
----------------------  --------  ---------  --------  --------  ----  --------
  FLASH                 00000000   00020000  0000374c  0001c8b4  R  X
  SRAM                  20000000   00008000  00000f04  000070fc  RW X


SEGMENT ALLOCATION MAP

run origin  load origin   length   init length attrs members
----------  ----------- ---------- ----------- ----- -------
00000000    00000000    0000374c   0000374c    r-x
  00000000    00000000    0000026c   0000026c    r-- .intvecs
  0000026c    0000026c    00003374   00003374    r-x .text
  000035e0    000035e0    00000118   00000118    r-- .const
  000036f8    000036f8    00000054   00000054    r-- .cinit
20000000    20000000    00000f08   00000000    rw-
  20000000    20000000    0000026c   00000000    rw- .vtable
  2000026c    2000026c    00000800   00000000    rw- .stack
  20000a70    20000a70    00000400   00000000    rw- .sysmem
  20000e70    20000e70    0000006c   00000000    rw- .bss
  20000edc    20000edc    0000002c   00000000    rw- .data


SECTION ALLOCATION MAP

 output                                  attributes/
section   page    origin      length       input sections
--------  ----  ----------  ----------   ----------------
.intvecs   0    00000000    0000026c     
                  00000000    0000026c     tm4c1231e6pm_startup_ccs.obj (.intvecs)

.text      0    0000026c    00003374     
                  0000026c    00001110     rtsv7M4_T_le_v4SPD16_eabi.lib : _printfi.obj (.text)
                  0000137c    00000980     open_interface.obj (.text)
                  00001cfc    000003dc     rtsv7M4_T_le_v4SPD16_eabi.lib : memory.obj (.text)
                  000020d8    000002ec     lcd.obj (.text)
                  000023c4    000001f4     rtsv7M4_T_le_v4SPD16_eabi.lib : ull_div_t2.obj (.text)
                  000025b8    000001b6                                   : fd_add_t2.obj (.text)
                  0000276e    00000002                                   : mpu_init.obj (.text)
                  00002770    0000019a     movement.obj (.text)
                  0000290a    00000002     rtsv7M4_T_le_v4SPD16_eabi.lib : startup.obj (.text)
                  0000290c    00000158     Timer.obj (.text)
                  00002a64    00000136     rtsv7M4_T_le_v4SPD16_eabi.lib : fd_div_t2.obj (.text)
                  00002b9a    000000fc                                   : fd_mul_t2.obj (.text)
                  00002c96    00000002     --HOLE-- [fill = 0]
                  00002c98    000000fc                                   : s_scalbn.obj (.text)
                  00002d94    0000009c                                   : memcpy_t2.obj (.text)
                  00002e30    00000092     botlogic.obj (.text)
                  00002ec2    00000002     --HOLE-- [fill = 0]
                  00002ec4    00000088     rtsv7M4_T_le_v4SPD16_eabi.lib : vsnprintf.obj (.text)
                  00002f4c    00000086                                   : fd_cmp_t2.obj (.text:__aeabi_cdcmple)
                  00002fd2    00000086                                   : fd_cmp_t2.obj (.text:__aeabi_cdrcmple)
                  00003058    0000007a                                   : memset_t2.obj (.text)
                  000030d2    00000002     --HOLE-- [fill = 0]
                  000030d4    00000070                                   : autoinit.obj (.text)
                  00003144    0000006e     edge.obj (.text)
                  000031b2    0000006a     rtsv7M4_T_le_v4SPD16_eabi.lib : copy_decompress_rle.obj (.text)
                  0000321c    00000064                                   : s_frexp.obj (.text)
                  00003280    00000056                                   : ltoa.obj (.text)
                  000032d6    00000002     --HOLE-- [fill = 0]
                  000032d8    00000054                                   : boot.obj (.text)
                  0000332c    00000054                                   : exit.obj (.text)
                  00003380    0000004c                                   : atoi.obj (.text)
                  000033cc    0000004c                                   : cpy_tbl.obj (.text)
                  00003418    00000048                                   : fd_toi_t2.obj (.text)
                  00003460    00000034     driverlib.lib : interrupt.obj (.text:IntRegister)
                  00003494    0000002e     rtsv7M4_T_le_v4SPD16_eabi.lib : i_tofd_t2.obj (.text)
                  000034c2    0000001c                                   : memccpy.obj (.text)
                  000034de    00000018     open_interface.obj (.text:oi_parseInt)
                  000034f6    00000002     --HOLE-- [fill = 0]
                  000034f8    00000018     rtsv7M4_T_le_v4SPD16_eabi.lib : args_main.obj (.text)
                  00003510    00000018                                   : strcmp.obj (.text)
                  00003528    00000016                                   : strchr.obj (.text)
                  0000353e    00000002     --HOLE-- [fill = 0]
                  00003540    00000014                                   : _lock.obj (.text)
                  00003554    00000014                                   : s_copysign.obj (.text)
                  00003568    00000014                                   : strcpy.obj (.text)
                  0000357c    00000014                                   : strlen.obj (.text)
                  00003590    00000010     driverlib.lib : interrupt.obj (.text:IntMasterEnable)
                  000035a0    00000010     lcd.obj (.text:lcd_clear)
                  000035b0    0000000e     rtsv7M4_T_le_v4SPD16_eabi.lib : copy_decompress_none.obj (.text:decompress:none)
                  000035be    0000000c     driverlib.lib : cpu.obj (.text:CPUcpsie)
                  000035ca    0000000c     tm4c1231e6pm_startup_ccs.obj (.text)
                  000035d6    00000006     rtsv7M4_T_le_v4SPD16_eabi.lib : copy_decompress_rle.obj (.text:decompress:rle24)
                  000035dc    00000004                                   : pre_init.obj (.text)

.const     0    000035e0    00000118     
                  000035e0    00000101     rtsv7M4_T_le_v4SPD16_eabi.lib : ctype.obj (.const:.string:_ctypes_)
                  000036e1    0000000f     open_interface.obj (.const:.string:$P$T0$3)
                  000036f0    00000004     lcd.obj (.const:.string:lineAddress$1)
                  000036f4    00000004     lcd.obj (.const:.string:lineAddresses$2)

.cinit     0    000036f8    00000054     
                  000036f8    00000011     (.cinit..data.load) [load image, compression = rle]
                  00003709    00000007     --HOLE-- [fill = 0]
                  00003710    0000000b     (.cinit..vtable.load) [load image, compression = rle]
                  0000371b    00000005     --HOLE-- [fill = 0]
                  00003720    00000009     (.cinit..bss.load) [load image, compression = rle]
                  00003729    00000003     --HOLE-- [fill = 0]
                  0000372c    00000008     (__TI_handler_table)
                  00003734    00000018     (__TI_cinit_table)

.init_array 
*          0    00000000    00000000     UNINITIALIZED

.vtable    0    20000000    0000026c     UNINITIALIZED
                  20000000    0000026c     driverlib.lib : interrupt.obj (.vtable)

.stack     0    2000026c    00000800     UNINITIALIZED
                  2000026c    00000800     --HOLE--

.sysmem    0    20000a70    00000400     UNINITIALIZED
                  20000a70    00000008     rtsv7M4_T_le_v4SPD16_eabi.lib : memory.obj (.sysmem)
                  20000a78    000003f8     --HOLE--

.bss       0    20000e70    0000006c     UNINITIALIZED
                  20000e70    00000054     lcd.obj (.bss:lastbuffer$3)
                  20000ec4    00000018     open_interface.obj (.bss:firmware$2)

.data      0    20000edc    0000002c     UNINITIALIZED
                  20000edc    0000000c     rtsv7M4_T_le_v4SPD16_eabi.lib : exit.obj (.data:$O1$$)
                  20000ee8    0000000c                                   : memory.obj (.data:$O1$$)
                  20000ef4    00000008                                   : _lock.obj (.data:$O1$$)
                  20000efc    00000004     open_interface.obj (.data)
                  20000f00    00000004     rtsv7M4_T_le_v4SPD16_eabi.lib : errno.obj (.data)
                  20000f04    00000004                                   : stkdepth_vars.obj (.data)

MODULE SUMMARY

       Module                         code    ro data   rw data
       ------                         ----    -------   -------
    .\
       open_interface.obj             2456    15        28     
       lcd.obj                        764     8         84     
       tm4c1231e6pm_startup_ccs.obj   12      620       0      
       movement.obj                   410     0         0      
       Timer.obj                      344     0         0      
       botlogic.obj                   146     0         0      
       edge.obj                       110     0         0      
    +--+------------------------------+-------+---------+---------+
       Total:                         4242    643       112    
                                                               
    C:/ti/TivaWare_C_Series-2.1.2.111/driverlib/ccs/Debug/driverlib.lib
       interrupt.obj                  68      0         620    
       cpu.obj                        12      0         0      
    +--+------------------------------+-------+---------+---------+
       Total:                         80      0         620    
                                                               
    C:\ti\ccsv6\tools\compiler\ti-cgt-arm_15.12.1.LTS\lib\rtsv7M4_T_le_v4SPD16_eabi.lib
       _printfi.obj                   4368    0         0      
       memory.obj                     988     0         12     
       ull_div_t2.obj                 500     0         0      
       fd_add_t2.obj                  438     0         0      
       fd_div_t2.obj                  310     0         0      
       fd_cmp_t2.obj                  268     0         0      
       ctype.obj                      0       257       0      
       fd_mul_t2.obj                  252     0         0      
       s_scalbn.obj                   252     0         0      
       memcpy_t2.obj                  156     0         0      
       vsnprintf.obj                  136     0         0      
       memset_t2.obj                  122     0         0      
       autoinit.obj                   112     0         0      
       copy_decompress_rle.obj        112     0         0      
       s_frexp.obj                    100     0         0      
       exit.obj                       84      0         12     
       ltoa.obj                       86      0         0      
       boot.obj                       84      0         0      
       atoi.obj                       76      0         0      
       cpy_tbl.obj                    76      0         0      
       fd_toi_t2.obj                  72      0         0      
       i_tofd_t2.obj                  46      0         0      
       _lock.obj                      20      0         8      
       memccpy.obj                    28      0         0      
       args_main.obj                  24      0         0      
       strcmp.obj                     24      0         0      
       strchr.obj                     22      0         0      
       s_copysign.obj                 20      0         0      
       strcpy.obj                     20      0         0      
       strlen.obj                     20      0         0      
       copy_decompress_none.obj       14      0         0      
       errno.obj                      0       0         4      
       pre_init.obj                   4       0         0      
       stkdepth_vars.obj              0       0         4      
       mpu_init.obj                   2       0         0      
       startup.obj                    2       0         0      
    +--+------------------------------+-------+---------+---------+
       Total:                         8838    257       40     
                                                               
       Heap:                          0       0         1024   
       Stack:                         0       0         2048   
       Linker Generated:              0       69        0      
    +--+------------------------------+-------+---------+---------+
       Grand Total:                   13160   969       3844   


LINKER GENERATED COPY TABLES

__TI_cinit_table @ 00003734 records: 3, size/record: 8, table size: 24
	.data: load addr=000036f8, load size=00000011 bytes, run addr=20000edc, run size=0000002c bytes, compression=rle
	.vtable: load addr=00003710, load size=0000000b bytes, run addr=20000000, run size=0000026c bytes, compression=rle
	.bss: load addr=00003720, load size=00000009 bytes, run addr=20000e70, run size=0000006c bytes, compression=rle


LINKER GENERATED HANDLER TABLE

__TI_handler_table @ 0000372c records: 2, size/record: 4, table size: 8
	index: 0, handler: __TI_decompress_rle24
	index: 1, handler: __TI_decompress_none


GLOBAL SYMBOLS: SORTED ALPHABETICALLY BY Name 

address   name                           
-------   ----                           
0000332d  C$$EXIT                        
000035bf  CPUcpsie                       
00001c71  GPIOF_Handler                  
00003591  IntMasterEnable                
00003461  IntRegister                    
000035cb  ResetISR                       
UNDEFED   SHT$$INIT_ARRAY$$Base          
UNDEFED   SHT$$INIT_ARRAY$$Limit         
20000a6c  __STACK_END                    
00000800  __STACK_SIZE                   
2000046c  __STACK_TOP                    
00000400  __SYSMEM_SIZE                  
00003734  __TI_CINIT_Base                
0000374c  __TI_CINIT_Limit               
0000372c  __TI_Handler_Table_Base        
00003734  __TI_Handler_Table_Limit       
000030d5  __TI_auto_init                 
20000edc  __TI_cleanup_ptr               
000035b1  __TI_decompress_none           
000035d7  __TI_decompress_rle24          
20000ee0  __TI_dtors_ptr                 
20000ee4  __TI_enable_exit_profile_output
ffffffff  __TI_pprof_out_hndl            
00001077  __TI_printfi                   
ffffffff  __TI_prof_data_size            
ffffffff  __TI_prof_data_start           
00000000  __TI_static_base__             
00002f4d  __aeabi_cdcmpeq                
00002f4d  __aeabi_cdcmple                
00002fd3  __aeabi_cdrcmple               
00003419  __aeabi_d2iz                   
000025c3  __aeabi_dadd                   
00002a65  __aeabi_ddiv                   
00002b9b  __aeabi_dmul                   
000025b9  __aeabi_dsub                   
00003495  __aeabi_i2d                    
00003059  __aeabi_memclr                 
00003059  __aeabi_memclr4                
00003059  __aeabi_memclr8                
00002d95  __aeabi_memcpy                 
00002d95  __aeabi_memcpy4                
00002d95  __aeabi_memcpy8                
0000305b  __aeabi_memset                 
0000305b  __aeabi_memset4                
0000305b  __aeabi_memset8                
000023c5  __aeabi_uldivmod               
ffffffff  __binit__                      
ffffffff  __c_args__                     
0000276f  __mpu_init                     
2000026c  __stack                        
000034f9  _args_main                     
000032d9  _c_int00                       
000035e0  _ctypes_                       
20000ef4  _lock                          
0000354f  _nop                           
00003547  _register_lock                 
00003541  _register_unlock               
20000a70  _sys_memory                    
0000290b  _system_post_cinit             
000035dd  _system_pre_init               
20000ef8  _unlock                        
00003331  abort                          
00003381  atoi                           
00002e8d  avoid                          
ffffffff  binit                          
00002771  botpos_init                    
000020a5  calloc                         
000033cd  copy_in                        
00003555  copysign                       
00003555  copysignl                      
20000f00  errno                          
00003339  exit                           
0000278d  forward                        
00001df3  free                           
0000321d  frexp                          
0000321d  frexpl                         
20000000  g_pfnRAMVectors                
00000000  g_pfnVectors                   
00002e31  getTo                          
00001a23  go_charge                      
000035a1  lcd_clear                      
00002271  lcd_gotoLine                   
000020d9  lcd_init                       
000022d7  lcd_printf                     
00002199  lcd_putc                       
000021d1  lcd_puts                       
000021ef  lcd_sendCommand                
0000222d  lcd_sendNibble                 
00002299  lcd_setCursorPos               
00002c99  ldexp                          
00002c99  ldexpl                         
00003281  ltoa                           
00003187  main                           
20000f04  main_func_sp                   
00001d8b  malloc                         
00001fc1  memalign                       
000034c3  memccpy                        
00002d95  memcpy                         
00003061  memset                         
00001cfd  minit                          
0000137d  oi_alloc                       
00001b4d  oi_checkFirmware               
000013d3  oi_close                       
00001389  oi_free                        
000013bd  oi_init                        
00001399  oi_init_noupdate               
000019b9  oi_loadSong                    
000034df  oi_parseInt                    
00001437  oi_parsePacket                 
00001a0f  oi_play_song                   
00001933  oi_setLeds                     
00001977  oi_setWheels                   
00001bff  oi_shutoff_init                
00001a31  oi_uartInit                    
00001ad5  oi_uartReceive                 
00001b1b  oi_uartSendBuff                
00001ab9  oi_uartSendChar                
00001afd  oi_uartSendStr                 
000013e5  oi_update                      
00001eb5  realloc                        
00002c99  scalbn                         
00002c99  scalbnl                        
00003529  strchr                         
00003511  strcmp                         
00003569  strcpy                         
0000357d  strlen                         
00002a1d  timer_getClock                 
000029d1  timer_startClock               
0000296b  timer_startTimer               
00002a23  timer_stopClock                
000029bb  timer_stopTimer                
00002941  timer_waitMicros               
0000290d  timer_waitMillis               
0000287b  turn                           
00003145  updateedge                     
00002ec5  vsnprintf                      


GLOBAL SYMBOLS: SORTED BY Symbol Address 

address   name                           
-------   ----                           
00000000  __TI_static_base__             
00000000  g_pfnVectors                   
00000400  __SYSMEM_SIZE                  
00000800  __STACK_SIZE                   
00001077  __TI_printfi                   
0000137d  oi_alloc                       
00001389  oi_free                        
00001399  oi_init_noupdate               
000013bd  oi_init                        
000013d3  oi_close                       
000013e5  oi_update                      
00001437  oi_parsePacket                 
00001933  oi_setLeds                     
00001977  oi_setWheels                   
000019b9  oi_loadSong                    
00001a0f  oi_play_song                   
00001a23  go_charge                      
00001a31  oi_uartInit                    
00001ab9  oi_uartSendChar                
00001ad5  oi_uartReceive                 
00001afd  oi_uartSendStr                 
00001b1b  oi_uartSendBuff                
00001b4d  oi_checkFirmware               
00001bff  oi_shutoff_init                
00001c71  GPIOF_Handler                  
00001cfd  minit                          
00001d8b  malloc                         
00001df3  free                           
00001eb5  realloc                        
00001fc1  memalign                       
000020a5  calloc                         
000020d9  lcd_init                       
00002199  lcd_putc                       
000021d1  lcd_puts                       
000021ef  lcd_sendCommand                
0000222d  lcd_sendNibble                 
00002271  lcd_gotoLine                   
00002299  lcd_setCursorPos               
000022d7  lcd_printf                     
000023c5  __aeabi_uldivmod               
000025b9  __aeabi_dsub                   
000025c3  __aeabi_dadd                   
0000276f  __mpu_init                     
00002771  botpos_init                    
0000278d  forward                        
0000287b  turn                           
0000290b  _system_post_cinit             
0000290d  timer_waitMillis               
00002941  timer_waitMicros               
0000296b  timer_startTimer               
000029bb  timer_stopTimer                
000029d1  timer_startClock               
00002a1d  timer_getClock                 
00002a23  timer_stopClock                
00002a65  __aeabi_ddiv                   
00002b9b  __aeabi_dmul                   
00002c99  ldexp                          
00002c99  ldexpl                         
00002c99  scalbn                         
00002c99  scalbnl                        
00002d95  __aeabi_memcpy                 
00002d95  __aeabi_memcpy4                
00002d95  __aeabi_memcpy8                
00002d95  memcpy                         
00002e31  getTo                          
00002e8d  avoid                          
00002ec5  vsnprintf                      
00002f4d  __aeabi_cdcmpeq                
00002f4d  __aeabi_cdcmple                
00002fd3  __aeabi_cdrcmple               
00003059  __aeabi_memclr                 
00003059  __aeabi_memclr4                
00003059  __aeabi_memclr8                
0000305b  __aeabi_memset                 
0000305b  __aeabi_memset4                
0000305b  __aeabi_memset8                
00003061  memset                         
000030d5  __TI_auto_init                 
00003145  updateedge                     
00003187  main                           
0000321d  frexp                          
0000321d  frexpl                         
00003281  ltoa                           
000032d9  _c_int00                       
0000332d  C$$EXIT                        
00003331  abort                          
00003339  exit                           
00003381  atoi                           
000033cd  copy_in                        
00003419  __aeabi_d2iz                   
00003461  IntRegister                    
00003495  __aeabi_i2d                    
000034c3  memccpy                        
000034df  oi_parseInt                    
000034f9  _args_main                     
00003511  strcmp                         
00003529  strchr                         
00003541  _register_unlock               
00003547  _register_lock                 
0000354f  _nop                           
00003555  copysign                       
00003555  copysignl                      
00003569  strcpy                         
0000357d  strlen                         
00003591  IntMasterEnable                
000035a1  lcd_clear                      
000035b1  __TI_decompress_none           
000035bf  CPUcpsie                       
000035cb  ResetISR                       
000035d7  __TI_decompress_rle24          
000035dd  _system_pre_init               
000035e0  _ctypes_                       
0000372c  __TI_Handler_Table_Base        
00003734  __TI_CINIT_Base                
00003734  __TI_Handler_Table_Limit       
0000374c  __TI_CINIT_Limit               
20000000  g_pfnRAMVectors                
2000026c  __stack                        
2000046c  __STACK_TOP                    
20000a6c  __STACK_END                    
20000a70  _sys_memory                    
20000edc  __TI_cleanup_ptr               
20000ee0  __TI_dtors_ptr                 
20000ee4  __TI_enable_exit_profile_output
20000ef4  _lock                          
20000ef8  _unlock                        
20000f00  errno                          
20000f04  main_func_sp                   
ffffffff  __TI_pprof_out_hndl            
ffffffff  __TI_prof_data_size            
ffffffff  __TI_prof_data_start           
ffffffff  __binit__                      
ffffffff  __c_args__                     
ffffffff  binit                          
UNDEFED   SHT$$INIT_ARRAY$$Base          
UNDEFED   SHT$$INIT_ARRAY$$Limit         

[136 symbols]
