<?xml version="1.0"?>
<link_info>
   <banner>TI ARM Linker PC v15.12.1.LTS</banner>
   <copyright>Copyright (c) 1996-2015 Texas Instruments Incorporated</copyright>
   <link_time>0x583e2442</link_time>
   <link_errors>0x1</link_errors>
   <output_file>finalproject.out</output_file>
   <entry_point>
      <name>_c_int00</name>
      <address>0x32d9</address>
   </entry_point>
   <input_file_list>
      <input_file id="fl-2">
         <path>.\</path>
         <kind>object</kind>
         <file>Timer.obj</file>
         <name>Timer.obj</name>
      </input_file>
      <input_file id="fl-3">
         <path>.\</path>
         <kind>object</kind>
         <file>botlogic.obj</file>
         <name>botlogic.obj</name>
      </input_file>
      <input_file id="fl-4">
         <path>.\</path>
         <kind>object</kind>
         <file>button.obj</file>
         <name>button.obj</name>
      </input_file>
      <input_file id="fl-5">
         <path>.\</path>
         <kind>object</kind>
         <file>edge.obj</file>
         <name>edge.obj</name>
      </input_file>
      <input_file id="fl-6">
         <path>.\</path>
         <kind>object</kind>
         <file>lcd.obj</file>
         <name>lcd.obj</name>
      </input_file>
      <input_file id="fl-7">
         <path>.\</path>
         <kind>object</kind>
         <file>main.obj</file>
         <name>main.obj</name>
      </input_file>
      <input_file id="fl-8">
         <path>.\</path>
         <kind>object</kind>
         <file>movement.obj</file>
         <name>movement.obj</name>
      </input_file>
      <input_file id="fl-9">
         <path>.\</path>
         <kind>object</kind>
         <file>open_interface.obj</file>
         <name>open_interface.obj</name>
      </input_file>
      <input_file id="fl-a">
         <path>.\</path>
         <kind>object</kind>
         <file>tm4c1231e6pm_startup_ccs.obj</file>
         <name>tm4c1231e6pm_startup_ccs.obj</name>
      </input_file>
      <input_file id="fl-c5">
         <path>C:\ti\ccsv6\tools\compiler\ti-cgt-arm_15.12.1.LTS\lib\</path>
         <kind>archive</kind>
         <file>rtsv7M4_T_le_v4SPD16_eabi.lib</file>
         <name>boot.obj</name>
      </input_file>
      <input_file id="fl-c6">
         <path>C:\ti\ccsv6\tools\compiler\ti-cgt-arm_15.12.1.LTS\lib\</path>
         <kind>archive</kind>
         <file>rtsv7M4_T_le_v4SPD16_eabi.lib</file>
         <name>copy_decompress_none.obj</name>
      </input_file>
      <input_file id="fl-c7">
         <path>C:\ti\ccsv6\tools\compiler\ti-cgt-arm_15.12.1.LTS\lib\</path>
         <kind>archive</kind>
         <file>rtsv7M4_T_le_v4SPD16_eabi.lib</file>
         <name>copy_decompress_rle.obj</name>
      </input_file>
      <input_file id="fl-c8">
         <path>C:\ti\ccsv6\tools\compiler\ti-cgt-arm_15.12.1.LTS\lib\</path>
         <kind>archive</kind>
         <file>rtsv7M4_T_le_v4SPD16_eabi.lib</file>
         <name>copy_zero_init.obj</name>
      </input_file>
      <input_file id="fl-c9">
         <path>C:\ti\ccsv6\tools\compiler\ti-cgt-arm_15.12.1.LTS\lib\</path>
         <kind>archive</kind>
         <file>rtsv7M4_T_le_v4SPD16_eabi.lib</file>
         <name>exit.obj</name>
      </input_file>
      <input_file id="fl-ca">
         <path>C:\ti\ccsv6\tools\compiler\ti-cgt-arm_15.12.1.LTS\lib\</path>
         <kind>archive</kind>
         <file>rtsv7M4_T_le_v4SPD16_eabi.lib</file>
         <name>memcpy_t2.obj</name>
      </input_file>
      <input_file id="fl-cb">
         <path>C:\ti\ccsv6\tools\compiler\ti-cgt-arm_15.12.1.LTS\lib\</path>
         <kind>archive</kind>
         <file>rtsv7M4_T_le_v4SPD16_eabi.lib</file>
         <name>memory.obj</name>
      </input_file>
      <input_file id="fl-cc">
         <path>C:\ti\ccsv6\tools\compiler\ti-cgt-arm_15.12.1.LTS\lib\</path>
         <kind>archive</kind>
         <file>rtsv7M4_T_le_v4SPD16_eabi.lib</file>
         <name>memset_t2.obj</name>
      </input_file>
      <input_file id="fl-cd">
         <path>C:\ti\ccsv6\tools\compiler\ti-cgt-arm_15.12.1.LTS\lib\</path>
         <kind>archive</kind>
         <file>rtsv7M4_T_le_v4SPD16_eabi.lib</file>
         <name>mpu_init.obj</name>
      </input_file>
      <input_file id="fl-ce">
         <path>C:\ti\ccsv6\tools\compiler\ti-cgt-arm_15.12.1.LTS\lib\</path>
         <kind>archive</kind>
         <file>rtsv7M4_T_le_v4SPD16_eabi.lib</file>
         <name>pre_init.obj</name>
      </input_file>
      <input_file id="fl-cf">
         <path>C:\ti\ccsv6\tools\compiler\ti-cgt-arm_15.12.1.LTS\lib\</path>
         <kind>archive</kind>
         <file>rtsv7M4_T_le_v4SPD16_eabi.lib</file>
         <name>stkdepth_vars.obj</name>
      </input_file>
      <input_file id="fl-d0">
         <path>C:\ti\ccsv6\tools\compiler\ti-cgt-arm_15.12.1.LTS\lib\</path>
         <kind>archive</kind>
         <file>rtsv7M4_T_le_v4SPD16_eabi.lib</file>
         <name>strcmp.obj</name>
      </input_file>
      <input_file id="fl-d1">
         <path>C:\ti\ccsv6\tools\compiler\ti-cgt-arm_15.12.1.LTS\lib\</path>
         <kind>archive</kind>
         <file>rtsv7M4_T_le_v4SPD16_eabi.lib</file>
         <name>strcpy.obj</name>
      </input_file>
      <input_file id="fl-d2">
         <path>C:\ti\ccsv6\tools\compiler\ti-cgt-arm_15.12.1.LTS\lib\</path>
         <kind>archive</kind>
         <file>rtsv7M4_T_le_v4SPD16_eabi.lib</file>
         <name>vsnprintf.obj</name>
      </input_file>
      <input_file id="fl-d3">
         <path>C:\ti\ccsv6\tools\compiler\ti-cgt-arm_15.12.1.LTS\lib\</path>
         <kind>archive</kind>
         <file>rtsv7M4_T_le_v4SPD16_eabi.lib</file>
         <name>_lock.obj</name>
      </input_file>
      <input_file id="fl-d4">
         <path>C:\ti\ccsv6\tools\compiler\ti-cgt-arm_15.12.1.LTS\lib\</path>
         <kind>archive</kind>
         <file>rtsv7M4_T_le_v4SPD16_eabi.lib</file>
         <name>_printfi.obj</name>
      </input_file>
      <input_file id="fl-d5">
         <path>C:\ti\ccsv6\tools\compiler\ti-cgt-arm_15.12.1.LTS\lib\</path>
         <kind>archive</kind>
         <file>rtsv7M4_T_le_v4SPD16_eabi.lib</file>
         <name>args_main.obj</name>
      </input_file>
      <input_file id="fl-d6">
         <path>C:\ti\ccsv6\tools\compiler\ti-cgt-arm_15.12.1.LTS\lib\</path>
         <kind>archive</kind>
         <file>rtsv7M4_T_le_v4SPD16_eabi.lib</file>
         <name>atoi.obj</name>
      </input_file>
      <input_file id="fl-d7">
         <path>C:\ti\ccsv6\tools\compiler\ti-cgt-arm_15.12.1.LTS\lib\</path>
         <kind>archive</kind>
         <file>rtsv7M4_T_le_v4SPD16_eabi.lib</file>
         <name>autoinit.obj</name>
      </input_file>
      <input_file id="fl-d8">
         <path>C:\ti\ccsv6\tools\compiler\ti-cgt-arm_15.12.1.LTS\lib\</path>
         <kind>archive</kind>
         <file>rtsv7M4_T_le_v4SPD16_eabi.lib</file>
         <name>cpy_tbl.obj</name>
      </input_file>
      <input_file id="fl-d9">
         <path>C:\ti\ccsv6\tools\compiler\ti-cgt-arm_15.12.1.LTS\lib\</path>
         <kind>archive</kind>
         <file>rtsv7M4_T_le_v4SPD16_eabi.lib</file>
         <name>ctype.obj</name>
      </input_file>
      <input_file id="fl-da">
         <path>C:\ti\ccsv6\tools\compiler\ti-cgt-arm_15.12.1.LTS\lib\</path>
         <kind>archive</kind>
         <file>rtsv7M4_T_le_v4SPD16_eabi.lib</file>
         <name>fd_add_t2.obj</name>
      </input_file>
      <input_file id="fl-db">
         <path>C:\ti\ccsv6\tools\compiler\ti-cgt-arm_15.12.1.LTS\lib\</path>
         <kind>archive</kind>
         <file>rtsv7M4_T_le_v4SPD16_eabi.lib</file>
         <name>fd_cmp_t2.obj</name>
      </input_file>
      <input_file id="fl-dc">
         <path>C:\ti\ccsv6\tools\compiler\ti-cgt-arm_15.12.1.LTS\lib\</path>
         <kind>archive</kind>
         <file>rtsv7M4_T_le_v4SPD16_eabi.lib</file>
         <name>fd_div_t2.obj</name>
      </input_file>
      <input_file id="fl-dd">
         <path>C:\ti\ccsv6\tools\compiler\ti-cgt-arm_15.12.1.LTS\lib\</path>
         <kind>archive</kind>
         <file>rtsv7M4_T_le_v4SPD16_eabi.lib</file>
         <name>fd_mul_t2.obj</name>
      </input_file>
      <input_file id="fl-de">
         <path>C:\ti\ccsv6\tools\compiler\ti-cgt-arm_15.12.1.LTS\lib\</path>
         <kind>archive</kind>
         <file>rtsv7M4_T_le_v4SPD16_eabi.lib</file>
         <name>fd_toi_t2.obj</name>
      </input_file>
      <input_file id="fl-df">
         <path>C:\ti\ccsv6\tools\compiler\ti-cgt-arm_15.12.1.LTS\lib\</path>
         <kind>archive</kind>
         <file>rtsv7M4_T_le_v4SPD16_eabi.lib</file>
         <name>i_tofd_t2.obj</name>
      </input_file>
      <input_file id="fl-e0">
         <path>C:\ti\ccsv6\tools\compiler\ti-cgt-arm_15.12.1.LTS\lib\</path>
         <kind>archive</kind>
         <file>rtsv7M4_T_le_v4SPD16_eabi.lib</file>
         <name>ltoa.obj</name>
      </input_file>
      <input_file id="fl-e1">
         <path>C:\ti\ccsv6\tools\compiler\ti-cgt-arm_15.12.1.LTS\lib\</path>
         <kind>archive</kind>
         <file>rtsv7M4_T_le_v4SPD16_eabi.lib</file>
         <name>memccpy.obj</name>
      </input_file>
      <input_file id="fl-e2">
         <path>C:\ti\ccsv6\tools\compiler\ti-cgt-arm_15.12.1.LTS\lib\</path>
         <kind>archive</kind>
         <file>rtsv7M4_T_le_v4SPD16_eabi.lib</file>
         <name>s_frexp.obj</name>
      </input_file>
      <input_file id="fl-e3">
         <path>C:\ti\ccsv6\tools\compiler\ti-cgt-arm_15.12.1.LTS\lib\</path>
         <kind>archive</kind>
         <file>rtsv7M4_T_le_v4SPD16_eabi.lib</file>
         <name>s_scalbn.obj</name>
      </input_file>
      <input_file id="fl-e4">
         <path>C:\ti\ccsv6\tools\compiler\ti-cgt-arm_15.12.1.LTS\lib\</path>
         <kind>archive</kind>
         <file>rtsv7M4_T_le_v4SPD16_eabi.lib</file>
         <name>startup.obj</name>
      </input_file>
      <input_file id="fl-e5">
         <path>C:\ti\ccsv6\tools\compiler\ti-cgt-arm_15.12.1.LTS\lib\</path>
         <kind>archive</kind>
         <file>rtsv7M4_T_le_v4SPD16_eabi.lib</file>
         <name>strchr.obj</name>
      </input_file>
      <input_file id="fl-e6">
         <path>C:\ti\ccsv6\tools\compiler\ti-cgt-arm_15.12.1.LTS\lib\</path>
         <kind>archive</kind>
         <file>rtsv7M4_T_le_v4SPD16_eabi.lib</file>
         <name>strlen.obj</name>
      </input_file>
      <input_file id="fl-e7">
         <path>C:\ti\ccsv6\tools\compiler\ti-cgt-arm_15.12.1.LTS\lib\</path>
         <kind>archive</kind>
         <file>rtsv7M4_T_le_v4SPD16_eabi.lib</file>
         <name>ull_div_t2.obj</name>
      </input_file>
      <input_file id="fl-e8">
         <path>C:\ti\ccsv6\tools\compiler\ti-cgt-arm_15.12.1.LTS\lib\</path>
         <kind>archive</kind>
         <file>rtsv7M4_T_le_v4SPD16_eabi.lib</file>
         <name>errno.obj</name>
      </input_file>
      <input_file id="fl-e9">
         <path>C:\ti\ccsv6\tools\compiler\ti-cgt-arm_15.12.1.LTS\lib\</path>
         <kind>archive</kind>
         <file>rtsv7M4_T_le_v4SPD16_eabi.lib</file>
         <name>s_copysign.obj</name>
      </input_file>
      <input_file id="fl-ea">
         <path>C:\ti\TivaWare_C_Series-2.1.2.111\driverlib\ccs\Debug\</path>
         <kind>archive</kind>
         <file>driverlib.lib</file>
         <name>interrupt.obj</name>
      </input_file>
      <input_file id="fl-eb">
         <path>C:\ti\TivaWare_C_Series-2.1.2.111\driverlib\ccs\Debug\</path>
         <kind>archive</kind>
         <file>driverlib.lib</file>
         <name>cpu.obj</name>
      </input_file>
   </input_file_list>
   <object_component_list>
      <object_component id="oc-f">
         <name>.intvecs</name>
         <load_address>0x0</load_address>
         <run_address>0x0</run_address>
         <size>0x26c</size>
         <input_file_ref idref="fl-a"/>
      </object_component>
      <object_component id="oc-1a5">
         <name>.text</name>
         <load_address>0x26c</load_address>
         <run_address>0x26c</run_address>
         <size>0x1110</size>
         <input_file_ref idref="fl-d4"/>
      </object_component>
      <object_component id="oc-e0">
         <name>.text</name>
         <load_address>0x137c</load_address>
         <run_address>0x137c</run_address>
         <size>0x980</size>
         <input_file_ref idref="fl-9"/>
      </object_component>
      <object_component id="oc-10a">
         <name>.text</name>
         <load_address>0x1cfc</load_address>
         <run_address>0x1cfc</run_address>
         <size>0x3dc</size>
         <input_file_ref idref="fl-cb"/>
      </object_component>
      <object_component id="oc-17a">
         <name>.text</name>
         <load_address>0x20d8</load_address>
         <run_address>0x20d8</run_address>
         <size>0x2ec</size>
         <input_file_ref idref="fl-6"/>
      </object_component>
      <object_component id="oc-1bb">
         <name>.text</name>
         <load_address>0x23c4</load_address>
         <run_address>0x23c4</run_address>
         <size>0x1f4</size>
         <input_file_ref idref="fl-e7"/>
      </object_component>
      <object_component id="oc-1ea">
         <name>.text</name>
         <load_address>0x25b8</load_address>
         <run_address>0x25b8</run_address>
         <size>0x1b6</size>
         <input_file_ref idref="fl-da"/>
      </object_component>
      <object_component id="oc-5c">
         <name>.text</name>
         <load_address>0x276e</load_address>
         <run_address>0x276e</run_address>
         <size>0x2</size>
         <input_file_ref idref="fl-cd"/>
      </object_component>
      <object_component id="oc-136">
         <name>.text</name>
         <load_address>0x2770</load_address>
         <run_address>0x2770</run_address>
         <size>0x19a</size>
         <input_file_ref idref="fl-8"/>
      </object_component>
      <object_component id="oc-aa">
         <name>.text</name>
         <load_address>0x290a</load_address>
         <run_address>0x290a</run_address>
         <size>0x2</size>
         <input_file_ref idref="fl-e4"/>
      </object_component>
      <object_component id="oc-110">
         <name>.text</name>
         <load_address>0x290c</load_address>
         <run_address>0x290c</run_address>
         <size>0x158</size>
         <input_file_ref idref="fl-2"/>
      </object_component>
      <object_component id="oc-1d0">
         <name>.text</name>
         <load_address>0x2a64</load_address>
         <run_address>0x2a64</run_address>
         <size>0x136</size>
         <input_file_ref idref="fl-dc"/>
      </object_component>
      <object_component id="oc-1cb">
         <name>.text</name>
         <load_address>0x2b9a</load_address>
         <run_address>0x2b9a</run_address>
         <size>0xfc</size>
         <input_file_ref idref="fl-dd"/>
      </object_component>
      <object_component id="oc-1f5">
         <name>.text</name>
         <load_address>0x2c98</load_address>
         <run_address>0x2c98</run_address>
         <size>0xfc</size>
         <input_file_ref idref="fl-e3"/>
      </object_component>
      <object_component id="oc-37">
         <name>.text</name>
         <load_address>0x2d94</load_address>
         <run_address>0x2d94</run_address>
         <size>0x9c</size>
         <input_file_ref idref="fl-ca"/>
      </object_component>
      <object_component id="oc-e6">
         <name>.text</name>
         <load_address>0x2e30</load_address>
         <run_address>0x2e30</run_address>
         <size>0x92</size>
         <input_file_ref idref="fl-3"/>
      </object_component>
      <object_component id="oc-18d">
         <name>.text</name>
         <load_address>0x2ec4</load_address>
         <run_address>0x2ec4</run_address>
         <size>0x88</size>
         <input_file_ref idref="fl-d2"/>
      </object_component>
      <object_component id="oc-1c6">
         <name>.text:__aeabi_cdcmple</name>
         <load_address>0x2f4c</load_address>
         <run_address>0x2f4c</run_address>
         <size>0x86</size>
         <input_file_ref idref="fl-db"/>
      </object_component>
      <object_component id="oc-1d5">
         <name>.text:__aeabi_cdrcmple</name>
         <load_address>0x2fd2</load_address>
         <run_address>0x2fd2</run_address>
         <size>0x86</size>
         <input_file_ref idref="fl-db"/>
      </object_component>
      <object_component id="oc-50">
         <name>.text</name>
         <load_address>0x3058</load_address>
         <run_address>0x3058</run_address>
         <size>0x7a</size>
         <input_file_ref idref="fl-cc"/>
      </object_component>
      <object_component id="oc-68">
         <name>.text</name>
         <load_address>0x30d4</load_address>
         <run_address>0x30d4</run_address>
         <size>0x70</size>
         <input_file_ref idref="fl-d7"/>
      </object_component>
      <object_component id="oc-b2">
         <name>.text</name>
         <load_address>0x3144</load_address>
         <run_address>0x3144</run_address>
         <size>0x6e</size>
         <input_file_ref idref="fl-5"/>
      </object_component>
      <object_component id="oc-43">
         <name>.text</name>
         <load_address>0x31b2</load_address>
         <run_address>0x31b2</run_address>
         <size>0x6a</size>
         <input_file_ref idref="fl-c7"/>
      </object_component>
      <object_component id="oc-1ef">
         <name>.text</name>
         <load_address>0x321c</load_address>
         <run_address>0x321c</run_address>
         <size>0x64</size>
         <input_file_ref idref="fl-e2"/>
      </object_component>
      <object_component id="oc-1df">
         <name>.text</name>
         <load_address>0x3280</load_address>
         <run_address>0x3280</run_address>
         <size>0x56</size>
         <input_file_ref idref="fl-e0"/>
      </object_component>
      <object_component id="oc-24">
         <name>.text</name>
         <load_address>0x32d8</load_address>
         <run_address>0x32d8</run_address>
         <size>0x54</size>
         <input_file_ref idref="fl-c5"/>
      </object_component>
      <object_component id="oc-74">
         <name>.text</name>
         <load_address>0x332c</load_address>
         <run_address>0x332c</run_address>
         <size>0x54</size>
         <input_file_ref idref="fl-c9"/>
      </object_component>
      <object_component id="oc-207">
         <name>.text</name>
         <load_address>0x3380</load_address>
         <run_address>0x3380</run_address>
         <size>0x4c</size>
         <input_file_ref idref="fl-d6"/>
      </object_component>
      <object_component id="oc-a4">
         <name>.text</name>
         <load_address>0x33cc</load_address>
         <run_address>0x33cc</run_address>
         <size>0x4c</size>
         <input_file_ref idref="fl-d8"/>
      </object_component>
      <object_component id="oc-1da">
         <name>.text</name>
         <load_address>0x3418</load_address>
         <run_address>0x3418</run_address>
         <size>0x48</size>
         <input_file_ref idref="fl-de"/>
      </object_component>
      <object_component id="oc-123">
         <name>.text:IntRegister</name>
         <load_address>0x3460</load_address>
         <run_address>0x3460</run_address>
         <size>0x34</size>
         <input_file_ref idref="fl-ea"/>
      </object_component>
      <object_component id="oc-1e5">
         <name>.text</name>
         <load_address>0x3494</load_address>
         <run_address>0x3494</run_address>
         <size>0x2e</size>
         <input_file_ref idref="fl-df"/>
      </object_component>
      <object_component id="oc-201">
         <name>.text</name>
         <load_address>0x34c2</load_address>
         <run_address>0x34c2</run_address>
         <size>0x1c</size>
         <input_file_ref idref="fl-e1"/>
      </object_component>
      <object_component id="oc-116">
         <name>.text:oi_parseInt</name>
         <load_address>0x34de</load_address>
         <run_address>0x34de</run_address>
         <size>0x18</size>
         <input_file_ref idref="fl-9"/>
      </object_component>
      <object_component id="oc-6e">
         <name>.text</name>
         <load_address>0x34f8</load_address>
         <run_address>0x34f8</run_address>
         <size>0x18</size>
         <input_file_ref idref="fl-d5"/>
      </object_component>
      <object_component id="oc-11d">
         <name>.text</name>
         <load_address>0x3510</load_address>
         <run_address>0x3510</run_address>
         <size>0x18</size>
         <input_file_ref idref="fl-d0"/>
      </object_component>
      <object_component id="oc-1fb">
         <name>.text</name>
         <load_address>0x3528</load_address>
         <run_address>0x3528</run_address>
         <size>0x16</size>
         <input_file_ref idref="fl-e5"/>
      </object_component>
      <object_component id="oc-f7">
         <name>.text</name>
         <load_address>0x3540</load_address>
         <run_address>0x3540</run_address>
         <size>0x14</size>
         <input_file_ref idref="fl-d3"/>
      </object_component>
      <object_component id="oc-230">
         <name>.text</name>
         <load_address>0x3554</load_address>
         <run_address>0x3554</run_address>
         <size>0x14</size>
         <input_file_ref idref="fl-e9"/>
      </object_component>
      <object_component id="oc-193">
         <name>.text</name>
         <load_address>0x3568</load_address>
         <run_address>0x3568</run_address>
         <size>0x14</size>
         <input_file_ref idref="fl-d1"/>
      </object_component>
      <object_component id="oc-1c0">
         <name>.text</name>
         <load_address>0x357c</load_address>
         <run_address>0x357c</run_address>
         <size>0x14</size>
         <input_file_ref idref="fl-e6"/>
      </object_component>
      <object_component id="oc-129">
         <name>.text:IntMasterEnable</name>
         <load_address>0x3590</load_address>
         <run_address>0x3590</run_address>
         <size>0x10</size>
         <input_file_ref idref="fl-ea"/>
      </object_component>
      <object_component id="oc-173">
         <name>.text:lcd_clear</name>
         <load_address>0x35a0</load_address>
         <run_address>0x35a0</run_address>
         <size>0x10</size>
         <input_file_ref idref="fl-6"/>
      </object_component>
      <object_component id="oc-12">
         <name>.text:decompress:none</name>
         <load_address>0x35b0</load_address>
         <run_address>0x35b0</run_address>
         <size>0xe</size>
         <input_file_ref idref="fl-c6"/>
      </object_component>
      <object_component id="oc-15e">
         <name>.text:CPUcpsie</name>
         <load_address>0x35be</load_address>
         <run_address>0x35be</run_address>
         <size>0xc</size>
         <input_file_ref idref="fl-eb"/>
      </object_component>
      <object_component id="oc-2e">
         <name>.text</name>
         <load_address>0x35ca</load_address>
         <run_address>0x35ca</run_address>
         <size>0xc</size>
         <input_file_ref idref="fl-a"/>
      </object_component>
      <object_component id="oc-18">
         <name>.text:decompress:rle24</name>
         <load_address>0x35d6</load_address>
         <run_address>0x35d6</run_address>
         <size>0x6</size>
         <input_file_ref idref="fl-c7"/>
      </object_component>
      <object_component id="oc-62">
         <name>.text</name>
         <load_address>0x35dc</load_address>
         <run_address>0x35dc</run_address>
         <size>0x4</size>
         <input_file_ref idref="fl-ce"/>
      </object_component>
      <object_component id="oc-23f">
         <name>.const:.string:_ctypes_</name>
         <load_address>0x35e0</load_address>
         <run_address>0x35e0</run_address>
         <size>0x101</size>
         <input_file_ref idref="fl-d9"/>
      </object_component>
      <object_component id="oc-130">
         <name>.const:.string:$P$T0$3</name>
         <load_address>0x36e1</load_address>
         <run_address>0x36e1</run_address>
         <size>0xf</size>
         <input_file_ref idref="fl-9"/>
      </object_component>
      <object_component id="oc-199">
         <name>.const:.string:lineAddress$1</name>
         <load_address>0x36f0</load_address>
         <run_address>0x36f0</run_address>
         <size>0x4</size>
         <input_file_ref idref="fl-6"/>
      </object_component>
      <object_component id="oc-19a">
         <name>.const:.string:lineAddresses$2</name>
         <load_address>0x36f4</load_address>
         <run_address>0x36f4</run_address>
         <size>0x4</size>
         <input_file_ref idref="fl-6"/>
      </object_component>
      <object_component id="oc-283">
         <name>.cinit..data.load</name>
         <load_address>0x36f8</load_address>
         <run_address>0x36f8</run_address>
         <size>0x11</size>
      </object_component>
      <object_component id="oc-282">
         <name>.cinit..vtable.load</name>
         <load_address>0x3710</load_address>
         <run_address>0x3710</run_address>
         <size>0xb</size>
      </object_component>
      <object_component id="oc-284">
         <name>.cinit..bss.load</name>
         <load_address>0x3720</load_address>
         <run_address>0x3720</run_address>
         <size>0x9</size>
      </object_component>
      <object_component id="oc-280">
         <name>__TI_handler_table</name>
         <load_address>0x372c</load_address>
         <run_address>0x372c</run_address>
         <size>0x8</size>
      </object_component>
      <object_component id="oc-281">
         <name>__TI_cinit_table</name>
         <load_address>0x3734</load_address>
         <run_address>0x3734</run_address>
         <size>0x18</size>
      </object_component>
      <object_component id="oc-159">
         <name>.vtable</name>
         <uninitialized>true</uninitialized>
         <run_address>0x20000000</run_address>
         <size>0x26c</size>
         <input_file_ref idref="fl-ea"/>
      </object_component>
      <object_component id="oc-12f">
         <name>.data</name>
         <load_address>0x20000efc</load_address>
         <run_address>0x20000efc</run_address>
         <size>0x4</size>
         <input_file_ref idref="fl-9"/>
      </object_component>
      <object_component id="oc-ba">
         <name>.data:$O1$$</name>
         <load_address>0x20000edc</load_address>
         <run_address>0x20000edc</run_address>
         <size>0xc</size>
         <input_file_ref idref="fl-c9"/>
      </object_component>
      <object_component id="oc-14d">
         <name>.data:$O1$$</name>
         <load_address>0x20000ee8</load_address>
         <run_address>0x20000ee8</run_address>
         <size>0xc</size>
         <input_file_ref idref="fl-cb"/>
      </object_component>
      <object_component id="oc-7a">
         <name>.data</name>
         <load_address>0x20000f04</load_address>
         <run_address>0x20000f04</run_address>
         <size>0x4</size>
         <input_file_ref idref="fl-cf"/>
      </object_component>
      <object_component id="oc-bd">
         <name>.data:$O1$$</name>
         <load_address>0x20000ef4</load_address>
         <run_address>0x20000ef4</run_address>
         <size>0x8</size>
         <input_file_ref idref="fl-d3"/>
      </object_component>
      <object_component id="oc-236">
         <name>.data</name>
         <load_address>0x20000f00</load_address>
         <run_address>0x20000f00</run_address>
         <size>0x4</size>
         <input_file_ref idref="fl-e8"/>
      </object_component>
      <object_component id="oc-19b">
         <name>.bss:lastbuffer$3</name>
         <uninitialized>true</uninitialized>
         <run_address>0x20000e70</run_address>
         <size>0x54</size>
         <input_file_ref idref="fl-6"/>
      </object_component>
      <object_component id="oc-133">
         <name>.bss:firmware$2</name>
         <uninitialized>true</uninitialized>
         <run_address>0x20000ec4</run_address>
         <size>0x18</size>
         <input_file_ref idref="fl-9"/>
      </object_component>
      <object_component id="oc-2b">
         <name>.sysmem</name>
         <uninitialized>true</uninitialized>
         <run_address>0x20000a70</run_address>
         <size>0x8</size>
         <input_file_ref idref="fl-cb"/>
      </object_component>
      <object_component id="oc-286">
         <name>.sysmem</name>
         <uninitialized>true</uninitialized>
         <run_address>0x20000a70</run_address>
         <size>0x0</size>
      </object_component>
      <object_component id="oc-2a">
         <name>.stack</name>
         <uninitialized>true</uninitialized>
         <run_address>0x2000026c</run_address>
         <size>0x0</size>
         <input_file_ref idref="fl-c5"/>
      </object_component>
      <object_component id="oc-285">
         <name>.stack</name>
         <uninitialized>true</uninitialized>
         <run_address>0x2000026c</run_address>
         <size>0x0</size>
      </object_component>
      <object_component id="oc-111">
         <name>.debug_info</name>
         <load_address>0x0</load_address>
         <run_address>0x0</run_address>
         <size>0x3e1</size>
         <input_file_ref idref="fl-2"/>
      </object_component>
      <object_component id="oc-92">
         <name>.debug_info</name>
         <load_address>0x3e1</load_address>
         <run_address>0x3e1</run_address>
         <size>0x84</size>
         <input_file_ref idref="fl-2"/>
      </object_component>
      <object_component id="oc-85">
         <name>.debug_info</name>
         <load_address>0x465</load_address>
         <run_address>0x465</run_address>
         <size>0x18b</size>
         <input_file_ref idref="fl-2"/>
      </object_component>
      <object_component id="oc-152">
         <name>.debug_info</name>
         <load_address>0x5f0</load_address>
         <run_address>0x5f0</run_address>
         <size>0x2c</size>
         <input_file_ref idref="fl-2"/>
      </object_component>
      <object_component id="oc-13d">
         <name>.debug_info</name>
         <load_address>0x61c</load_address>
         <run_address>0x61c</run_address>
         <size>0x13e</size>
         <input_file_ref idref="fl-3"/>
      </object_component>
      <object_component id="oc-e7">
         <name>.debug_info</name>
         <load_address>0x75a</load_address>
         <run_address>0x75a</run_address>
         <size>0x28f</size>
         <input_file_ref idref="fl-3"/>
      </object_component>
      <object_component id="oc-145">
         <name>.debug_info</name>
         <load_address>0x9e9</load_address>
         <run_address>0x9e9</run_address>
         <size>0x5aa</size>
         <input_file_ref idref="fl-3"/>
      </object_component>
      <object_component id="oc-19e">
         <name>.debug_info</name>
         <load_address>0xf93</load_address>
         <run_address>0xf93</run_address>
         <size>0x4e</size>
         <input_file_ref idref="fl-3"/>
      </object_component>
      <object_component id="oc-13e">
         <name>.debug_info</name>
         <load_address>0xfe1</load_address>
         <run_address>0xfe1</run_address>
         <size>0xdd</size>
         <input_file_ref idref="fl-3"/>
      </object_component>
      <object_component id="oc-ed">
         <name>.debug_info</name>
         <load_address>0x10be</load_address>
         <run_address>0x10be</run_address>
         <size>0x1a3</size>
         <input_file_ref idref="fl-5"/>
      </object_component>
      <object_component id="oc-b3">
         <name>.debug_info</name>
         <load_address>0x1261</load_address>
         <run_address>0x1261</run_address>
         <size>0x1a9</size>
         <input_file_ref idref="fl-5"/>
      </object_component>
      <object_component id="oc-16e">
         <name>.debug_info</name>
         <load_address>0x140a</load_address>
         <run_address>0x140a</run_address>
         <size>0xc8</size>
         <input_file_ref idref="fl-5"/>
      </object_component>
      <object_component id="oc-19d">
         <name>.debug_info</name>
         <load_address>0x14d2</load_address>
         <run_address>0x14d2</run_address>
         <size>0x1c6</size>
         <input_file_ref idref="fl-6"/>
      </object_component>
      <object_component id="oc-174">
         <name>.debug_info</name>
         <load_address>0x1698</load_address>
         <run_address>0x1698</run_address>
         <size>0x111</size>
         <input_file_ref idref="fl-6"/>
      </object_component>
      <object_component id="oc-17c">
         <name>.debug_info</name>
         <load_address>0x17a9</load_address>
         <run_address>0x17a9</run_address>
         <size>0x832</size>
         <input_file_ref idref="fl-6"/>
      </object_component>
      <object_component id="oc-181">
         <name>.debug_info</name>
         <load_address>0x1fdb</load_address>
         <run_address>0x1fdb</run_address>
         <size>0x20c</size>
         <input_file_ref idref="fl-8"/>
      </object_component>
      <object_component id="oc-137">
         <name>.debug_info</name>
         <load_address>0x21e7</load_address>
         <run_address>0x21e7</run_address>
         <size>0x313</size>
         <input_file_ref idref="fl-8"/>
      </object_component>
      <object_component id="oc-135">
         <name>.debug_info</name>
         <load_address>0x24fa</load_address>
         <run_address>0x24fa</run_address>
         <size>0x228</size>
         <input_file_ref idref="fl-9"/>
      </object_component>
      <object_component id="oc-131">
         <name>.debug_info</name>
         <load_address>0x2722</load_address>
         <run_address>0x2722</run_address>
         <size>0xc3</size>
         <input_file_ref idref="fl-9"/>
      </object_component>
      <object_component id="oc-118">
         <name>.debug_info</name>
         <load_address>0x27e5</load_address>
         <run_address>0x27e5</run_address>
         <size>0x13b</size>
         <input_file_ref idref="fl-9"/>
      </object_component>
      <object_component id="oc-e2">
         <name>.debug_info</name>
         <load_address>0x2920</load_address>
         <run_address>0x2920</run_address>
         <size>0x12d8</size>
         <input_file_ref idref="fl-9"/>
      </object_component>
      <object_component id="oc-36">
         <name>.debug_info</name>
         <load_address>0x3bf8</load_address>
         <run_address>0x3bf8</run_address>
         <size>0xec</size>
         <input_file_ref idref="fl-a"/>
      </object_component>
      <object_component id="oc-10">
         <name>.debug_info</name>
         <load_address>0x3ce4</load_address>
         <run_address>0x3ce4</run_address>
         <size>0xd7</size>
         <input_file_ref idref="fl-a"/>
      </object_component>
      <object_component id="oc-31">
         <name>.debug_info</name>
         <load_address>0x3dbb</load_address>
         <run_address>0x3dbb</run_address>
         <size>0x253</size>
         <input_file_ref idref="fl-a"/>
      </object_component>
      <object_component id="oc-27">
         <name>.debug_info</name>
         <load_address>0x400e</load_address>
         <run_address>0x400e</run_address>
         <size>0x17c</size>
         <input_file_ref idref="fl-c5"/>
      </object_component>
      <object_component id="oc-42">
         <name>.debug_info</name>
         <load_address>0x418a</load_address>
         <run_address>0x418a</run_address>
         <size>0x15c</size>
         <input_file_ref idref="fl-c6"/>
      </object_component>
      <object_component id="oc-13">
         <name>.debug_info</name>
         <load_address>0x42e6</load_address>
         <run_address>0x42e6</run_address>
         <size>0x1fb</size>
         <input_file_ref idref="fl-c6"/>
      </object_component>
      <object_component id="oc-3d">
         <name>.debug_info</name>
         <load_address>0x44e1</load_address>
         <run_address>0x44e1</run_address>
         <size>0x46</size>
         <input_file_ref idref="fl-c6"/>
      </object_component>
      <object_component id="oc-8b">
         <name>.debug_info</name>
         <load_address>0x4527</load_address>
         <run_address>0x4527</run_address>
         <size>0x2c</size>
         <input_file_ref idref="fl-c6"/>
      </object_component>
      <object_component id="oc-4a">
         <name>.debug_info</name>
         <load_address>0x4553</load_address>
         <run_address>0x4553</run_address>
         <size>0x150</size>
         <input_file_ref idref="fl-c7"/>
      </object_component>
      <object_component id="oc-44">
         <name>.debug_info</name>
         <load_address>0x46a3</load_address>
         <run_address>0x46a3</run_address>
         <size>0x263</size>
         <input_file_ref idref="fl-c7"/>
      </object_component>
      <object_component id="oc-1b">
         <name>.debug_info</name>
         <load_address>0x4906</load_address>
         <run_address>0x4906</run_address>
         <size>0x1cd</size>
         <input_file_ref idref="fl-c7"/>
      </object_component>
      <object_component id="oc-4b">
         <name>.debug_info</name>
         <load_address>0x4ad3</load_address>
         <run_address>0x4ad3</run_address>
         <size>0x39</size>
         <input_file_ref idref="fl-c7"/>
      </object_component>
      <object_component id="oc-9a">
         <name>.debug_info</name>
         <load_address>0x4b0c</load_address>
         <run_address>0x4b0c</run_address>
         <size>0x2c</size>
         <input_file_ref idref="fl-c7"/>
      </object_component>
      <object_component id="oc-c1">
         <name>.debug_info</name>
         <load_address>0x4b38</load_address>
         <run_address>0x4b38</run_address>
         <size>0x250</size>
         <input_file_ref idref="fl-c9"/>
      </object_component>
      <object_component id="oc-bb">
         <name>.debug_info</name>
         <load_address>0x4d88</load_address>
         <run_address>0x4d88</run_address>
         <size>0x1a1</size>
         <input_file_ref idref="fl-c9"/>
      </object_component>
      <object_component id="oc-78">
         <name>.debug_info</name>
         <load_address>0x4f29</load_address>
         <run_address>0x4f29</run_address>
         <size>0x230</size>
         <input_file_ref idref="fl-c9"/>
      </object_component>
      <object_component id="oc-39">
         <name>.debug_info</name>
         <load_address>0x5159</load_address>
         <run_address>0x5159</run_address>
         <size>0x12d</size>
         <input_file_ref idref="fl-ca"/>
      </object_component>
      <object_component id="oc-80">
         <name>.debug_info</name>
         <load_address>0x5286</load_address>
         <run_address>0x5286</run_address>
         <size>0x23e</size>
         <input_file_ref idref="fl-cb"/>
      </object_component>
      <object_component id="oc-2c">
         <name>.debug_info</name>
         <load_address>0x54c4</load_address>
         <run_address>0x54c4</run_address>
         <size>0x11d</size>
         <input_file_ref idref="fl-cb"/>
      </object_component>
      <object_component id="oc-14e">
         <name>.debug_info</name>
         <load_address>0x55e1</load_address>
         <run_address>0x55e1</run_address>
         <size>0x168</size>
         <input_file_ref idref="fl-cb"/>
      </object_component>
      <object_component id="oc-10d">
         <name>.debug_info</name>
         <load_address>0x5749</load_address>
         <run_address>0x5749</run_address>
         <size>0x8a7</size>
         <input_file_ref idref="fl-cb"/>
      </object_component>
      <object_component id="oc-c7">
         <name>.debug_info</name>
         <load_address>0x5ff0</load_address>
         <run_address>0x5ff0</run_address>
         <size>0x2c</size>
         <input_file_ref idref="fl-cb"/>
      </object_component>
      <object_component id="oc-cc">
         <name>.debug_info</name>
         <load_address>0x601c</load_address>
         <run_address>0x601c</run_address>
         <size>0x62</size>
         <input_file_ref idref="fl-cb"/>
      </object_component>
      <object_component id="oc-52">
         <name>.debug_info</name>
         <load_address>0x607e</load_address>
         <run_address>0x607e</run_address>
         <size>0x15b</size>
         <input_file_ref idref="fl-cc"/>
      </object_component>
      <object_component id="oc-5e">
         <name>.debug_info</name>
         <load_address>0x61d9</load_address>
         <run_address>0x61d9</run_address>
         <size>0x154</size>
         <input_file_ref idref="fl-cd"/>
      </object_component>
      <object_component id="oc-64">
         <name>.debug_info</name>
         <load_address>0x632d</load_address>
         <run_address>0x632d</run_address>
         <size>0x164</size>
         <input_file_ref idref="fl-ce"/>
      </object_component>
      <object_component id="oc-7b">
         <name>.debug_info</name>
         <load_address>0x6491</load_address>
         <run_address>0x6491</run_address>
         <size>0x125</size>
         <input_file_ref idref="fl-cf"/>
      </object_component>
      <object_component id="oc-158">
         <name>.debug_info</name>
         <load_address>0x65b6</load_address>
         <run_address>0x65b6</run_address>
         <size>0x101</size>
         <input_file_ref idref="fl-d0"/>
      </object_component>
      <object_component id="oc-11e">
         <name>.debug_info</name>
         <load_address>0x66b7</load_address>
         <run_address>0x66b7</run_address>
         <size>0x2aa</size>
         <input_file_ref idref="fl-d0"/>
      </object_component>
      <object_component id="oc-1b8">
         <name>.debug_info</name>
         <load_address>0x6961</load_address>
         <run_address>0x6961</run_address>
         <size>0x10c</size>
         <input_file_ref idref="fl-d1"/>
      </object_component>
      <object_component id="oc-197">
         <name>.debug_info</name>
         <load_address>0x6a6d</load_address>
         <run_address>0x6a6d</run_address>
         <size>0x283</size>
         <input_file_ref idref="fl-d1"/>
      </object_component>
      <object_component id="oc-1ac">
         <name>.debug_info</name>
         <load_address>0x6cf0</load_address>
         <run_address>0x6cf0</run_address>
         <size>0x1e4</size>
         <input_file_ref idref="fl-d2"/>
      </object_component>
      <object_component id="oc-190">
         <name>.debug_info</name>
         <load_address>0x6ed4</load_address>
         <run_address>0x6ed4</run_address>
         <size>0x378</size>
         <input_file_ref idref="fl-d2"/>
      </object_component>
      <object_component id="oc-1ad">
         <name>.debug_info</name>
         <load_address>0x724c</load_address>
         <run_address>0x724c</run_address>
         <size>0x2c</size>
         <input_file_ref idref="fl-d2"/>
      </object_component>
      <object_component id="oc-1b2">
         <name>.debug_info</name>
         <load_address>0x7278</load_address>
         <run_address>0x7278</run_address>
         <size>0x69</size>
         <input_file_ref idref="fl-d2"/>
      </object_component>
      <object_component id="oc-ff">
         <name>.debug_info</name>
         <load_address>0x72e1</load_address>
         <run_address>0x72e1</run_address>
         <size>0x140</size>
         <input_file_ref idref="fl-d3"/>
      </object_component>
      <object_component id="oc-be">
         <name>.debug_info</name>
         <load_address>0x7421</load_address>
         <run_address>0x7421</run_address>
         <size>0x12f</size>
         <input_file_ref idref="fl-d3"/>
      </object_component>
      <object_component id="oc-f9">
         <name>.debug_info</name>
         <load_address>0x7550</load_address>
         <run_address>0x7550</run_address>
         <size>0x23b</size>
         <input_file_ref idref="fl-d3"/>
      </object_component>
      <object_component id="oc-20e">
         <name>.debug_info</name>
         <load_address>0x778b</load_address>
         <run_address>0x778b</run_address>
         <size>0x3ac</size>
         <input_file_ref idref="fl-d4"/>
      </object_component>
      <object_component id="oc-1a7">
         <name>.debug_info</name>
         <load_address>0x7b37</load_address>
         <run_address>0x7b37</run_address>
         <size>0x180c</size>
         <input_file_ref idref="fl-d4"/>
      </object_component>
      <object_component id="oc-20f">
         <name>.debug_info</name>
         <load_address>0x9343</load_address>
         <run_address>0x9343</run_address>
         <size>0x86</size>
         <input_file_ref idref="fl-d4"/>
      </object_component>
      <object_component id="oc-246">
         <name>.debug_info</name>
         <load_address>0x93c9</load_address>
         <run_address>0x93c9</run_address>
         <size>0x46</size>
         <input_file_ref idref="fl-d4"/>
      </object_component>
      <object_component id="oc-214">
         <name>.debug_info</name>
         <load_address>0x940f</load_address>
         <run_address>0x940f</run_address>
         <size>0x39</size>
         <input_file_ref idref="fl-d4"/>
      </object_component>
      <object_component id="oc-b9">
         <name>.debug_info</name>
         <load_address>0x9448</load_address>
         <run_address>0x9448</run_address>
         <size>0x182</size>
         <input_file_ref idref="fl-d5"/>
      </object_component>
      <object_component id="oc-70">
         <name>.debug_info</name>
         <load_address>0x95ca</load_address>
         <run_address>0x95ca</run_address>
         <size>0x183</size>
         <input_file_ref idref="fl-d5"/>
      </object_component>
      <object_component id="oc-f0">
         <name>.debug_info</name>
         <load_address>0x974d</load_address>
         <run_address>0x974d</run_address>
         <size>0x5e</size>
         <input_file_ref idref="fl-d5"/>
      </object_component>
      <object_component id="oc-243">
         <name>.debug_info</name>
         <load_address>0x97ab</load_address>
         <run_address>0x97ab</run_address>
         <size>0x130</size>
         <input_file_ref idref="fl-d6"/>
      </object_component>
      <object_component id="oc-208">
         <name>.debug_info</name>
         <load_address>0x98db</load_address>
         <run_address>0x98db</run_address>
         <size>0x18d</size>
         <input_file_ref idref="fl-d6"/>
      </object_component>
      <object_component id="oc-b1">
         <name>.debug_info</name>
         <load_address>0x9a68</load_address>
         <run_address>0x9a68</run_address>
         <size>0x305</size>
         <input_file_ref idref="fl-d7"/>
      </object_component>
      <object_component id="oc-6c">
         <name>.debug_info</name>
         <load_address>0x9d6d</load_address>
         <run_address>0x9d6d</run_address>
         <size>0x1ac</size>
         <input_file_ref idref="fl-d7"/>
      </object_component>
      <object_component id="oc-d6">
         <name>.debug_info</name>
         <load_address>0x9f19</load_address>
         <run_address>0x9f19</run_address>
         <size>0x39</size>
         <input_file_ref idref="fl-d7"/>
      </object_component>
      <object_component id="oc-db">
         <name>.debug_info</name>
         <load_address>0x9f52</load_address>
         <run_address>0x9f52</run_address>
         <size>0xcd</size>
         <input_file_ref idref="fl-d7"/>
      </object_component>
      <object_component id="oc-d2">
         <name>.debug_info</name>
         <load_address>0xa01f</load_address>
         <run_address>0xa01f</run_address>
         <size>0x1fc</size>
         <input_file_ref idref="fl-d8"/>
      </object_component>
      <object_component id="oc-a5">
         <name>.debug_info</name>
         <load_address>0xa21b</load_address>
         <run_address>0xa21b</run_address>
         <size>0x19f</size>
         <input_file_ref idref="fl-d8"/>
      </object_component>
      <object_component id="oc-105">
         <name>.debug_info</name>
         <load_address>0xa3ba</load_address>
         <run_address>0xa3ba</run_address>
         <size>0x2c</size>
         <input_file_ref idref="fl-d8"/>
      </object_component>
      <object_component id="oc-25c">
         <name>.debug_info</name>
         <load_address>0xa3e6</load_address>
         <run_address>0xa3e6</run_address>
         <size>0x10a</size>
         <input_file_ref idref="fl-d9"/>
      </object_component>
      <object_component id="oc-240">
         <name>.debug_info</name>
         <load_address>0xa4f0</load_address>
         <run_address>0xa4f0</run_address>
         <size>0x116</size>
         <input_file_ref idref="fl-d9"/>
      </object_component>
      <object_component id="oc-1eb">
         <name>.debug_info</name>
         <load_address>0xa606</load_address>
         <run_address>0xa606</run_address>
         <size>0x160</size>
         <input_file_ref idref="fl-da"/>
      </object_component>
      <object_component id="oc-1c7">
         <name>.debug_info</name>
         <load_address>0xa766</load_address>
         <run_address>0xa766</run_address>
         <size>0x13c</size>
         <input_file_ref idref="fl-db"/>
      </object_component>
      <object_component id="oc-1d8">
         <name>.debug_info</name>
         <load_address>0xa8a2</load_address>
         <run_address>0xa8a2</run_address>
         <size>0x13e</size>
         <input_file_ref idref="fl-db"/>
      </object_component>
      <object_component id="oc-1d3">
         <name>.debug_info</name>
         <load_address>0xa9e0</load_address>
         <run_address>0xa9e0</run_address>
         <size>0x14e</size>
         <input_file_ref idref="fl-dc"/>
      </object_component>
      <object_component id="oc-1cd">
         <name>.debug_info</name>
         <load_address>0xab2e</load_address>
         <run_address>0xab2e</run_address>
         <size>0x14e</size>
         <input_file_ref idref="fl-dd"/>
      </object_component>
      <object_component id="oc-1db">
         <name>.debug_info</name>
         <load_address>0xac7c</load_address>
         <run_address>0xac7c</run_address>
         <size>0x142</size>
         <input_file_ref idref="fl-de"/>
      </object_component>
      <object_component id="oc-1e6">
         <name>.debug_info</name>
         <load_address>0xadbe</load_address>
         <run_address>0xadbe</run_address>
         <size>0x140</size>
         <input_file_ref idref="fl-df"/>
      </object_component>
      <object_component id="oc-226">
         <name>.debug_info</name>
         <load_address>0xaefe</load_address>
         <run_address>0xaefe</run_address>
         <size>0x168</size>
         <input_file_ref idref="fl-e0"/>
      </object_component>
      <object_component id="oc-1e0">
         <name>.debug_info</name>
         <load_address>0xb066</load_address>
         <run_address>0xb066</run_address>
         <size>0x1de</size>
         <input_file_ref idref="fl-e0"/>
      </object_component>
      <object_component id="oc-23e">
         <name>.debug_info</name>
         <load_address>0xb244</load_address>
         <run_address>0xb244</run_address>
         <size>0x10d</size>
         <input_file_ref idref="fl-e1"/>
      </object_component>
      <object_component id="oc-203">
         <name>.debug_info</name>
         <load_address>0xb351</load_address>
         <run_address>0xb351</run_address>
         <size>0x1c7</size>
         <input_file_ref idref="fl-e1"/>
      </object_component>
      <object_component id="oc-22a">
         <name>.debug_info</name>
         <load_address>0xb518</load_address>
         <run_address>0xb518</run_address>
         <size>0x15b</size>
         <input_file_ref idref="fl-e2"/>
      </object_component>
      <object_component id="oc-1f0">
         <name>.debug_info</name>
         <load_address>0xb673</load_address>
         <run_address>0xb673</run_address>
         <size>0x1a6</size>
         <input_file_ref idref="fl-e2"/>
      </object_component>
      <object_component id="oc-22b">
         <name>.debug_info</name>
         <load_address>0xb819</load_address>
         <run_address>0xb819</run_address>
         <size>0x2c</size>
         <input_file_ref idref="fl-e2"/>
      </object_component>
      <object_component id="oc-23a">
         <name>.debug_info</name>
         <load_address>0xb845</load_address>
         <run_address>0xb845</run_address>
         <size>0x198</size>
         <input_file_ref idref="fl-e3"/>
      </object_component>
      <object_component id="oc-1f7">
         <name>.debug_info</name>
         <load_address>0xb9dd</load_address>
         <run_address>0xb9dd</run_address>
         <size>0x1f1</size>
         <input_file_ref idref="fl-e3"/>
      </object_component>
      <object_component id="oc-ac">
         <name>.debug_info</name>
         <load_address>0xbbce</load_address>
         <run_address>0xbbce</run_address>
         <size>0x161</size>
         <input_file_ref idref="fl-e4"/>
      </object_component>
      <object_component id="oc-23c">
         <name>.debug_info</name>
         <load_address>0xbd2f</load_address>
         <run_address>0xbd2f</run_address>
         <size>0x111</size>
         <input_file_ref idref="fl-e5"/>
      </object_component>
      <object_component id="oc-1fc">
         <name>.debug_info</name>
         <load_address>0xbe40</load_address>
         <run_address>0xbe40</run_address>
         <size>0x296</size>
         <input_file_ref idref="fl-e5"/>
      </object_component>
      <object_component id="oc-21f">
         <name>.debug_info</name>
         <load_address>0xc0d6</load_address>
         <run_address>0xc0d6</run_address>
         <size>0x106</size>
         <input_file_ref idref="fl-e6"/>
      </object_component>
      <object_component id="oc-1c1">
         <name>.debug_info</name>
         <load_address>0xc1dc</load_address>
         <run_address>0xc1dc</run_address>
         <size>0x27c</size>
         <input_file_ref idref="fl-e6"/>
      </object_component>
      <object_component id="oc-1bc">
         <name>.debug_info</name>
         <load_address>0xc458</load_address>
         <run_address>0xc458</run_address>
         <size>0x199</size>
         <input_file_ref idref="fl-e7"/>
      </object_component>
      <object_component id="oc-237">
         <name>.debug_info</name>
         <load_address>0xc5f1</load_address>
         <run_address>0xc5f1</run_address>
         <size>0x10f</size>
         <input_file_ref idref="fl-e8"/>
      </object_component>
      <object_component id="oc-233">
         <name>.debug_info</name>
         <load_address>0xc700</load_address>
         <run_address>0xc700</run_address>
         <size>0x172</size>
         <input_file_ref idref="fl-e9"/>
      </object_component>
      <object_component id="oc-15d">
         <name>.debug_info</name>
         <load_address>0xc872</load_address>
         <run_address>0xc872</run_address>
         <size>0x20e</size>
         <input_file_ref idref="fl-ea"/>
      </object_component>
      <object_component id="oc-15a">
         <name>.debug_info</name>
         <load_address>0xca80</load_address>
         <run_address>0xca80</run_address>
         <size>0x157</size>
         <input_file_ref idref="fl-ea"/>
      </object_component>
      <object_component id="oc-124">
         <name>.debug_info</name>
         <load_address>0xcbd7</load_address>
         <run_address>0xcbd7</run_address>
         <size>0x2c1</size>
         <input_file_ref idref="fl-ea"/>
      </object_component>
      <object_component id="oc-12a">
         <name>.debug_info</name>
         <load_address>0xce98</load_address>
         <run_address>0xce98</run_address>
         <size>0x23e</size>
         <input_file_ref idref="fl-ea"/>
      </object_component>
      <object_component id="oc-165">
         <name>.debug_info</name>
         <load_address>0xd0d6</load_address>
         <run_address>0xd0d6</run_address>
         <size>0x8b</size>
         <input_file_ref idref="fl-ea"/>
      </object_component>
      <object_component id="oc-160">
         <name>.debug_info</name>
         <load_address>0xd161</load_address>
         <run_address>0xd161</run_address>
         <size>0x212</size>
         <input_file_ref idref="fl-eb"/>
      </object_component>
      <object_component id="oc-287">
         <name>.debug_info</name>
         <load_address>0xd373</load_address>
         <run_address>0xd373</run_address>
         <size>0x8d</size>
      </object_component>
      <object_component id="oc-114">
         <name>.debug_line</name>
         <load_address>0x0</load_address>
         <run_address>0x0</run_address>
         <size>0x110</size>
         <input_file_ref idref="fl-2"/>
      </object_component>
      <object_component id="oc-95">
         <name>.debug_line</name>
         <load_address>0x110</load_address>
         <run_address>0x110</run_address>
         <size>0x20</size>
         <input_file_ref idref="fl-2"/>
      </object_component>
      <object_component id="oc-88">
         <name>.debug_line</name>
         <load_address>0x130</load_address>
         <run_address>0x130</run_address>
         <size>0x66</size>
         <input_file_ref idref="fl-2"/>
      </object_component>
      <object_component id="oc-155">
         <name>.debug_line</name>
         <load_address>0x196</load_address>
         <run_address>0x196</run_address>
         <size>0x2e</size>
         <input_file_ref idref="fl-2"/>
      </object_component>
      <object_component id="oc-183">
         <name>.debug_line</name>
         <load_address>0x1c4</load_address>
         <run_address>0x1c4</run_address>
         <size>0x31</size>
         <input_file_ref idref="fl-3"/>
      </object_component>
      <object_component id="oc-ea">
         <name>.debug_line</name>
         <load_address>0x1f5</load_address>
         <run_address>0x1f5</run_address>
         <size>0x84</size>
         <input_file_ref idref="fl-3"/>
      </object_component>
      <object_component id="oc-148">
         <name>.debug_line</name>
         <load_address>0x279</load_address>
         <run_address>0x279</run_address>
         <size>0x37</size>
         <input_file_ref idref="fl-3"/>
      </object_component>
      <object_component id="oc-1a1">
         <name>.debug_line</name>
         <load_address>0x2b0</load_address>
         <run_address>0x2b0</run_address>
         <size>0x66</size>
         <input_file_ref idref="fl-3"/>
      </object_component>
      <object_component id="oc-141">
         <name>.debug_line</name>
         <load_address>0x316</load_address>
         <run_address>0x316</run_address>
         <size>0x31</size>
         <input_file_ref idref="fl-3"/>
      </object_component>
      <object_component id="oc-144">
         <name>.debug_line</name>
         <load_address>0x347</load_address>
         <run_address>0x347</run_address>
         <size>0x48</size>
         <input_file_ref idref="fl-5"/>
      </object_component>
      <object_component id="oc-b7">
         <name>.debug_line</name>
         <load_address>0x38f</load_address>
         <run_address>0x38f</run_address>
         <size>0x64</size>
         <input_file_ref idref="fl-5"/>
      </object_component>
      <object_component id="oc-171">
         <name>.debug_line</name>
         <load_address>0x3f3</load_address>
         <run_address>0x3f3</run_address>
         <size>0x65</size>
         <input_file_ref idref="fl-5"/>
      </object_component>
      <object_component id="oc-1ba">
         <name>.debug_line</name>
         <load_address>0x458</load_address>
         <run_address>0x458</run_address>
         <size>0xb9</size>
         <input_file_ref idref="fl-6"/>
      </object_component>
      <object_component id="oc-177">
         <name>.debug_line</name>
         <load_address>0x511</load_address>
         <run_address>0x511</run_address>
         <size>0x45</size>
         <input_file_ref idref="fl-6"/>
      </object_component>
      <object_component id="oc-17f">
         <name>.debug_line</name>
         <load_address>0x556</load_address>
         <run_address>0x556</run_address>
         <size>0x192</size>
         <input_file_ref idref="fl-6"/>
      </object_component>
      <object_component id="oc-1a4">
         <name>.debug_line</name>
         <load_address>0x6e8</load_address>
         <run_address>0x6e8</run_address>
         <size>0x97</size>
         <input_file_ref idref="fl-8"/>
      </object_component>
      <object_component id="oc-13a">
         <name>.debug_line</name>
         <load_address>0x77f</load_address>
         <run_address>0x77f</run_address>
         <size>0xfe</size>
         <input_file_ref idref="fl-8"/>
      </object_component>
      <object_component id="oc-16d">
         <name>.debug_line</name>
         <load_address>0x87d</load_address>
         <run_address>0x87d</run_address>
         <size>0xd1</size>
         <input_file_ref idref="fl-9"/>
      </object_component>
      <object_component id="oc-16b">
         <name>.debug_line</name>
         <load_address>0x94e</load_address>
         <run_address>0x94e</run_address>
         <size>0x37</size>
         <input_file_ref idref="fl-9"/>
      </object_component>
      <object_component id="oc-117">
         <name>.debug_line</name>
         <load_address>0x985</load_address>
         <run_address>0x985</run_address>
         <size>0x4f</size>
         <input_file_ref idref="fl-9"/>
      </object_component>
      <object_component id="oc-e1">
         <name>.debug_line</name>
         <load_address>0x9d4</load_address>
         <run_address>0x9d4</run_address>
         <size>0x35a</size>
         <input_file_ref idref="fl-9"/>
      </object_component>
      <object_component id="oc-84">
         <name>.debug_line</name>
         <load_address>0xd2e</load_address>
         <run_address>0xd2e</run_address>
         <size>0x41</size>
         <input_file_ref idref="fl-a"/>
      </object_component>
      <object_component id="oc-35">
         <name>.debug_line</name>
         <load_address>0xd6f</load_address>
         <run_address>0xd6f</run_address>
         <size>0x41</size>
         <input_file_ref idref="fl-a"/>
      </object_component>
      <object_component id="oc-30">
         <name>.debug_line</name>
         <load_address>0xdb0</load_address>
         <run_address>0xdb0</run_address>
         <size>0xa1</size>
         <input_file_ref idref="fl-a"/>
      </object_component>
      <object_component id="oc-25">
         <name>.debug_line</name>
         <load_address>0xe51</load_address>
         <run_address>0xe51</run_address>
         <size>0x53</size>
         <input_file_ref idref="fl-c5"/>
      </object_component>
      <object_component id="oc-91">
         <name>.debug_line</name>
         <load_address>0xea4</load_address>
         <run_address>0xea4</run_address>
         <size>0xa5</size>
         <input_file_ref idref="fl-c6"/>
      </object_component>
      <object_component id="oc-17">
         <name>.debug_line</name>
         <load_address>0xf49</load_address>
         <run_address>0xf49</run_address>
         <size>0x55</size>
         <input_file_ref idref="fl-c6"/>
      </object_component>
      <object_component id="oc-40">
         <name>.debug_line</name>
         <load_address>0xf9e</load_address>
         <run_address>0xf9e</run_address>
         <size>0x3a</size>
         <input_file_ref idref="fl-c6"/>
      </object_component>
      <object_component id="oc-8e">
         <name>.debug_line</name>
         <load_address>0xfd8</load_address>
         <run_address>0xfd8</run_address>
         <size>0xa5</size>
         <input_file_ref idref="fl-c6"/>
      </object_component>
      <object_component id="oc-99">
         <name>.debug_line</name>
         <load_address>0x107d</load_address>
         <run_address>0x107d</run_address>
         <size>0xa5</size>
         <input_file_ref idref="fl-c7"/>
      </object_component>
      <object_component id="oc-47">
         <name>.debug_line</name>
         <load_address>0x1122</load_address>
         <run_address>0x1122</run_address>
         <size>0x98</size>
         <input_file_ref idref="fl-c7"/>
      </object_component>
      <object_component id="oc-1a">
         <name>.debug_line</name>
         <load_address>0x11ba</load_address>
         <run_address>0x11ba</run_address>
         <size>0x4b</size>
         <input_file_ref idref="fl-c7"/>
      </object_component>
      <object_component id="oc-4e">
         <name>.debug_line</name>
         <load_address>0x1205</load_address>
         <run_address>0x1205</run_address>
         <size>0x39</size>
         <input_file_ref idref="fl-c7"/>
      </object_component>
      <object_component id="oc-9d">
         <name>.debug_line</name>
         <load_address>0x123e</load_address>
         <run_address>0x123e</run_address>
         <size>0xa5</size>
         <input_file_ref idref="fl-c7"/>
      </object_component>
      <object_component id="oc-102">
         <name>.debug_line</name>
         <load_address>0x12e3</load_address>
         <run_address>0x12e3</run_address>
         <size>0x128</size>
         <input_file_ref idref="fl-c9"/>
      </object_component>
      <object_component id="oc-f6">
         <name>.debug_line</name>
         <load_address>0x140b</load_address>
         <run_address>0x140b</run_address>
         <size>0x2a</size>
         <input_file_ref idref="fl-c9"/>
      </object_component>
      <object_component id="oc-77">
         <name>.debug_line</name>
         <load_address>0x1435</load_address>
         <run_address>0x1435</run_address>
         <size>0x86</size>
         <input_file_ref idref="fl-c9"/>
      </object_component>
      <object_component id="oc-38">
         <name>.debug_line</name>
         <load_address>0x14bb</load_address>
         <run_address>0x14bb</run_address>
         <size>0x88</size>
         <input_file_ref idref="fl-ca"/>
      </object_component>
      <object_component id="oc-c6">
         <name>.debug_line</name>
         <load_address>0x1543</load_address>
         <run_address>0x1543</run_address>
         <size>0x135</size>
         <input_file_ref idref="fl-cb"/>
      </object_component>
      <object_component id="oc-7f">
         <name>.debug_line</name>
         <load_address>0x1678</load_address>
         <run_address>0x1678</run_address>
         <size>0x2c</size>
         <input_file_ref idref="fl-cb"/>
      </object_component>
      <object_component id="oc-185">
         <name>.debug_line</name>
         <load_address>0x16a4</load_address>
         <run_address>0x16a4</run_address>
         <size>0x2c</size>
         <input_file_ref idref="fl-cb"/>
      </object_component>
      <object_component id="oc-10b">
         <name>.debug_line</name>
         <load_address>0x16d0</load_address>
         <run_address>0x16d0</run_address>
         <size>0x314</size>
         <input_file_ref idref="fl-cb"/>
      </object_component>
      <object_component id="oc-ca">
         <name>.debug_line</name>
         <load_address>0x19e4</load_address>
         <run_address>0x19e4</run_address>
         <size>0xa5</size>
         <input_file_ref idref="fl-cb"/>
      </object_component>
      <object_component id="oc-cf">
         <name>.debug_line</name>
         <load_address>0x1a89</load_address>
         <run_address>0x1a89</run_address>
         <size>0x2c</size>
         <input_file_ref idref="fl-cb"/>
      </object_component>
      <object_component id="oc-51">
         <name>.debug_line</name>
         <load_address>0x1ab5</load_address>
         <run_address>0x1ab5</run_address>
         <size>0x79</size>
         <input_file_ref idref="fl-cc"/>
      </object_component>
      <object_component id="oc-61">
         <name>.debug_line</name>
         <load_address>0x1b2e</load_address>
         <run_address>0x1b2e</run_address>
         <size>0x3d</size>
         <input_file_ref idref="fl-cd"/>
      </object_component>
      <object_component id="oc-67">
         <name>.debug_line</name>
         <load_address>0x1b6b</load_address>
         <run_address>0x1b6b</run_address>
         <size>0x40</size>
         <input_file_ref idref="fl-ce"/>
      </object_component>
      <object_component id="oc-c4">
         <name>.debug_line</name>
         <load_address>0x1bab</load_address>
         <run_address>0x1bab</run_address>
         <size>0x33</size>
         <input_file_ref idref="fl-cf"/>
      </object_component>
      <object_component id="oc-187">
         <name>.debug_line</name>
         <load_address>0x1bde</load_address>
         <run_address>0x1bde</run_address>
         <size>0x20</size>
         <input_file_ref idref="fl-d0"/>
      </object_component>
      <object_component id="oc-121">
         <name>.debug_line</name>
         <load_address>0x1bfe</load_address>
         <run_address>0x1bfe</run_address>
         <size>0xc0</size>
         <input_file_ref idref="fl-d0"/>
      </object_component>
      <object_component id="oc-21c">
         <name>.debug_line</name>
         <load_address>0x1cbe</load_address>
         <run_address>0x1cbe</run_address>
         <size>0x20</size>
         <input_file_ref idref="fl-d1"/>
      </object_component>
      <object_component id="oc-195">
         <name>.debug_line</name>
         <load_address>0x1cde</load_address>
         <run_address>0x1cde</run_address>
         <size>0xbb</size>
         <input_file_ref idref="fl-d1"/>
      </object_component>
      <object_component id="oc-21a">
         <name>.debug_line</name>
         <load_address>0x1d99</load_address>
         <run_address>0x1d99</run_address>
         <size>0xb4</size>
         <input_file_ref idref="fl-d2"/>
      </object_component>
      <object_component id="oc-18e">
         <name>.debug_line</name>
         <load_address>0x1e4d</load_address>
         <run_address>0x1e4d</run_address>
         <size>0x9f</size>
         <input_file_ref idref="fl-d2"/>
      </object_component>
      <object_component id="oc-1b0">
         <name>.debug_line</name>
         <load_address>0x1eec</load_address>
         <run_address>0x1eec</run_address>
         <size>0xa4</size>
         <input_file_ref idref="fl-d2"/>
      </object_component>
      <object_component id="oc-1b5">
         <name>.debug_line</name>
         <load_address>0x1f90</load_address>
         <run_address>0x1f90</run_address>
         <size>0x2f</size>
         <input_file_ref idref="fl-d2"/>
      </object_component>
      <object_component id="oc-14c">
         <name>.debug_line</name>
         <load_address>0x1fbf</load_address>
         <run_address>0x1fbf</run_address>
         <size>0x20</size>
         <input_file_ref idref="fl-d3"/>
      </object_component>
      <object_component id="oc-fe">
         <name>.debug_line</name>
         <load_address>0x1fdf</load_address>
         <run_address>0x1fdf</run_address>
         <size>0x2b</size>
         <input_file_ref idref="fl-d3"/>
      </object_component>
      <object_component id="oc-fc">
         <name>.debug_line</name>
         <load_address>0x200a</load_address>
         <run_address>0x200a</run_address>
         <size>0x68</size>
         <input_file_ref idref="fl-d3"/>
      </object_component>
      <object_component id="oc-245">
         <name>.debug_line</name>
         <load_address>0x2072</load_address>
         <run_address>0x2072</run_address>
         <size>0x1bb</size>
         <input_file_ref idref="fl-d4"/>
      </object_component>
      <object_component id="oc-1aa">
         <name>.debug_line</name>
         <load_address>0x222d</load_address>
         <run_address>0x222d</run_address>
         <size>0xc54</size>
         <input_file_ref idref="fl-d4"/>
      </object_component>
      <object_component id="oc-212">
         <name>.debug_line</name>
         <load_address>0x2e81</load_address>
         <run_address>0x2e81</run_address>
         <size>0xa5</size>
         <input_file_ref idref="fl-d4"/>
      </object_component>
      <object_component id="oc-249">
         <name>.debug_line</name>
         <load_address>0x2f26</load_address>
         <run_address>0x2f26</run_address>
         <size>0xa5</size>
         <input_file_ref idref="fl-d4"/>
      </object_component>
      <object_component id="oc-217">
         <name>.debug_line</name>
         <load_address>0x2fcb</load_address>
         <run_address>0x2fcb</run_address>
         <size>0x2e</size>
         <input_file_ref idref="fl-d4"/>
      </object_component>
      <object_component id="oc-ef">
         <name>.debug_line</name>
         <load_address>0x2ff9</load_address>
         <run_address>0x2ff9</run_address>
         <size>0x2b</size>
         <input_file_ref idref="fl-d5"/>
      </object_component>
      <object_component id="oc-6f">
         <name>.debug_line</name>
         <load_address>0x3024</load_address>
         <run_address>0x3024</run_address>
         <size>0x50</size>
         <input_file_ref idref="fl-d5"/>
      </object_component>
      <object_component id="oc-f3">
         <name>.debug_line</name>
         <load_address>0x3074</load_address>
         <run_address>0x3074</run_address>
         <size>0x2b</size>
         <input_file_ref idref="fl-d5"/>
      </object_component>
      <object_component id="oc-25e">
         <name>.debug_line</name>
         <load_address>0x309f</load_address>
         <run_address>0x309f</run_address>
         <size>0xa4</size>
         <input_file_ref idref="fl-d6"/>
      </object_component>
      <object_component id="oc-20b">
         <name>.debug_line</name>
         <load_address>0x3143</load_address>
         <run_address>0x3143</run_address>
         <size>0x63</size>
         <input_file_ref idref="fl-d6"/>
      </object_component>
      <object_component id="oc-d5">
         <name>.debug_line</name>
         <load_address>0x31a6</load_address>
         <run_address>0x31a6</run_address>
         <size>0xc4</size>
         <input_file_ref idref="fl-d7"/>
      </object_component>
      <object_component id="oc-6b">
         <name>.debug_line</name>
         <load_address>0x326a</load_address>
         <run_address>0x326a</run_address>
         <size>0x8b</size>
         <input_file_ref idref="fl-d7"/>
      </object_component>
      <object_component id="oc-d9">
         <name>.debug_line</name>
         <load_address>0x32f5</load_address>
         <run_address>0x32f5</run_address>
         <size>0x2e</size>
         <input_file_ref idref="fl-d7"/>
      </object_component>
      <object_component id="oc-de">
         <name>.debug_line</name>
         <load_address>0x3323</load_address>
         <run_address>0x3323</run_address>
         <size>0xa6</size>
         <input_file_ref idref="fl-d7"/>
      </object_component>
      <object_component id="oc-104">
         <name>.debug_line</name>
         <load_address>0x33c9</load_address>
         <run_address>0x33c9</run_address>
         <size>0xb3</size>
         <input_file_ref idref="fl-d8"/>
      </object_component>
      <object_component id="oc-a9">
         <name>.debug_line</name>
         <load_address>0x347c</load_address>
         <run_address>0x347c</run_address>
         <size>0x68</size>
         <input_file_ref idref="fl-d8"/>
      </object_component>
      <object_component id="oc-108">
         <name>.debug_line</name>
         <load_address>0x34e4</load_address>
         <run_address>0x34e4</run_address>
         <size>0x2e</size>
         <input_file_ref idref="fl-d8"/>
      </object_component>
      <object_component id="oc-260">
         <name>.debug_line</name>
         <load_address>0x3512</load_address>
         <run_address>0x3512</run_address>
         <size>0x20</size>
         <input_file_ref idref="fl-d9"/>
      </object_component>
      <object_component id="oc-25b">
         <name>.debug_line</name>
         <load_address>0x3532</load_address>
         <run_address>0x3532</run_address>
         <size>0x2b</size>
         <input_file_ref idref="fl-d9"/>
      </object_component>
      <object_component id="oc-1ee">
         <name>.debug_line</name>
         <load_address>0x355d</load_address>
         <run_address>0x355d</run_address>
         <size>0xd2</size>
         <input_file_ref idref="fl-da"/>
      </object_component>
      <object_component id="oc-1ca">
         <name>.debug_line</name>
         <load_address>0x362f</load_address>
         <run_address>0x362f</run_address>
         <size>0x77</size>
         <input_file_ref idref="fl-db"/>
      </object_component>
      <object_component id="oc-1d7">
         <name>.debug_line</name>
         <load_address>0x36a6</load_address>
         <run_address>0x36a6</run_address>
         <size>0x77</size>
         <input_file_ref idref="fl-db"/>
      </object_component>
      <object_component id="oc-1d1">
         <name>.debug_line</name>
         <load_address>0x371d</load_address>
         <run_address>0x371d</run_address>
         <size>0xa8</size>
         <input_file_ref idref="fl-dc"/>
      </object_component>
      <object_component id="oc-1cc">
         <name>.debug_line</name>
         <load_address>0x37c5</load_address>
         <run_address>0x37c5</run_address>
         <size>0x8e</size>
         <input_file_ref idref="fl-dd"/>
      </object_component>
      <object_component id="oc-1de">
         <name>.debug_line</name>
         <load_address>0x3853</load_address>
         <run_address>0x3853</run_address>
         <size>0x5a</size>
         <input_file_ref idref="fl-de"/>
      </object_component>
      <object_component id="oc-1e9">
         <name>.debug_line</name>
         <load_address>0x38ad</load_address>
         <run_address>0x38ad</run_address>
         <size>0x50</size>
         <input_file_ref idref="fl-df"/>
      </object_component>
      <object_component id="oc-24e">
         <name>.debug_line</name>
[...]
         <name>__c_args__</name>
         <value>0xffffffff</value>
      </symbol>
      <symbol id="sm-c">
         <name>__TI_pprof_out_hndl</name>
         <value>0xffffffff</value>
      </symbol>
      <symbol id="sm-d">
         <name>__TI_prof_data_start</name>
         <value>0xffffffff</value>
      </symbol>
      <symbol id="sm-e">
         <name>__TI_prof_data_size</name>
         <value>0xffffffff</value>
      </symbol>
      <symbol id="sm-53">
         <name>timer_startClock</name>
         <value>0x29d1</value>
         <object_component_ref idref="oc-110"/>
      </symbol>
      <symbol id="sm-54">
         <name>timer_stopClock</name>
         <value>0x2a23</value>
         <object_component_ref idref="oc-110"/>
      </symbol>
      <symbol id="sm-55">
         <name>timer_getClock</name>
         <value>0x2a1d</value>
         <object_component_ref idref="oc-110"/>
      </symbol>
      <symbol id="sm-56">
         <name>timer_stopTimer</name>
         <value>0x29bb</value>
         <object_component_ref idref="oc-110"/>
      </symbol>
      <symbol id="sm-57">
         <name>timer_startTimer</name>
         <value>0x296b</value>
         <object_component_ref idref="oc-110"/>
      </symbol>
      <symbol id="sm-58">
         <name>timer_waitMillis</name>
         <value>0x290d</value>
         <object_component_ref idref="oc-110"/>
      </symbol>
      <symbol id="sm-59">
         <name>timer_waitMicros</name>
         <value>0x2941</value>
         <object_component_ref idref="oc-110"/>
      </symbol>
      <symbol id="sm-7d">
         <name>avoid</name>
         <value>0x2e8d</value>
         <object_component_ref idref="oc-e6"/>
      </symbol>
      <symbol id="sm-7e">
         <name>getTo</name>
         <value>0x2e31</value>
         <object_component_ref idref="oc-e6"/>
      </symbol>
      <symbol id="sm-92">
         <name>main</name>
         <value>0x3187</value>
         <object_component_ref idref="oc-b2"/>
      </symbol>
      <symbol id="sm-93">
         <name>updateedge</name>
         <value>0x3145</value>
         <object_component_ref idref="oc-b2"/>
      </symbol>
      <symbol id="sm-cf">
         <name>lcd_sendCommand</name>
         <value>0x21ef</value>
         <object_component_ref idref="oc-17a"/>
      </symbol>
      <symbol id="sm-d0">
         <name>lcd_sendNibble</name>
         <value>0x222d</value>
         <object_component_ref idref="oc-17a"/>
      </symbol>
      <symbol id="sm-d1">
         <name>lcd_clear</name>
         <value>0x35a1</value>
         <object_component_ref idref="oc-173"/>
      </symbol>
      <symbol id="sm-d2">
         <name>lcd_printf</name>
         <value>0x22d7</value>
         <object_component_ref idref="oc-17a"/>
      </symbol>
      <symbol id="sm-d3">
         <name>lcd_setCursorPos</name>
         <value>0x2299</value>
         <object_component_ref idref="oc-17a"/>
      </symbol>
      <symbol id="sm-d4">
         <name>lcd_init</name>
         <value>0x20d9</value>
         <object_component_ref idref="oc-17a"/>
      </symbol>
      <symbol id="sm-d5">
         <name>lcd_puts</name>
         <value>0x21d1</value>
         <object_component_ref idref="oc-17a"/>
      </symbol>
      <symbol id="sm-d6">
         <name>lcd_putc</name>
         <value>0x2199</value>
         <object_component_ref idref="oc-17a"/>
      </symbol>
      <symbol id="sm-d7">
         <name>lcd_gotoLine</name>
         <value>0x2271</value>
         <object_component_ref idref="oc-17a"/>
      </symbol>
      <symbol id="sm-fc">
         <name>forward</name>
         <value>0x278d</value>
         <object_component_ref idref="oc-136"/>
      </symbol>
      <symbol id="sm-fd">
         <name>turn</name>
         <value>0x287b</value>
         <object_component_ref idref="oc-136"/>
      </symbol>
      <symbol id="sm-fe">
         <name>botpos_init</name>
         <value>0x2771</value>
         <object_component_ref idref="oc-136"/>
      </symbol>
      <symbol id="sm-196">
         <name>go_charge</name>
         <value>0x1a23</value>
         <object_component_ref idref="oc-e0"/>
      </symbol>
      <symbol id="sm-197">
         <name>GPIOF_Handler</name>
         <value>0x1c71</value>
         <object_component_ref idref="oc-e0"/>
      </symbol>
      <symbol id="sm-198">
         <name>oi_free</name>
         <value>0x1389</value>
         <object_component_ref idref="oc-e0"/>
      </symbol>
      <symbol id="sm-199">
         <name>oi_uartReceive</name>
         <value>0x1ad5</value>
         <object_component_ref idref="oc-e0"/>
      </symbol>
      <symbol id="sm-19a">
         <name>oi_setWheels</name>
         <value>0x1977</value>
         <object_component_ref idref="oc-e0"/>
      </symbol>
      <symbol id="sm-19b">
         <name>oi_shutoff_init</name>
         <value>0x1bff</value>
         <object_component_ref idref="oc-e0"/>
      </symbol>
      <symbol id="sm-19c">
         <name>oi_parseInt</name>
         <value>0x34df</value>
         <object_component_ref idref="oc-116"/>
      </symbol>
      <symbol id="sm-19d">
         <name>oi_uartSendStr</name>
         <value>0x1afd</value>
         <object_component_ref idref="oc-e0"/>
      </symbol>
      <symbol id="sm-19e">
         <name>oi_close</name>
         <value>0x13d3</value>
         <object_component_ref idref="oc-e0"/>
      </symbol>
      <symbol id="sm-19f">
         <name>oi_uartSendBuff</name>
         <value>0x1b1b</value>
         <object_component_ref idref="oc-e0"/>
      </symbol>
      <symbol id="sm-1a0">
         <name>oi_checkFirmware</name>
         <value>0x1b4d</value>
         <object_component_ref idref="oc-e0"/>
      </symbol>
      <symbol id="sm-1a1">
         <name>oi_init_noupdate</name>
         <value>0x1399</value>
         <object_component_ref idref="oc-e0"/>
      </symbol>
      <symbol id="sm-1a2">
         <name>oi_uartSendChar</name>
         <value>0x1ab9</value>
         <object_component_ref idref="oc-e0"/>
      </symbol>
      <symbol id="sm-1a3">
         <name>oi_alloc</name>
         <value>0x137d</value>
         <object_component_ref idref="oc-e0"/>
      </symbol>
      <symbol id="sm-1a4">
         <name>oi_loadSong</name>
         <value>0x19b9</value>
         <object_component_ref idref="oc-e0"/>
      </symbol>
      <symbol id="sm-1a5">
         <name>oi_play_song</name>
         <value>0x1a0f</value>
         <object_component_ref idref="oc-e0"/>
      </symbol>
      <symbol id="sm-1a6">
         <name>oi_parsePacket</name>
         <value>0x1437</value>
         <object_component_ref idref="oc-e0"/>
      </symbol>
      <symbol id="sm-1a7">
         <name>oi_setLeds</name>
         <value>0x1933</value>
         <object_component_ref idref="oc-e0"/>
      </symbol>
      <symbol id="sm-1a8">
         <name>oi_init</name>
         <value>0x13bd</value>
         <object_component_ref idref="oc-e0"/>
      </symbol>
      <symbol id="sm-1a9">
         <name>oi_update</name>
         <value>0x13e5</value>
         <object_component_ref idref="oc-e0"/>
      </symbol>
      <symbol id="sm-1aa">
         <name>oi_uartInit</name>
         <value>0x1a31</value>
         <object_component_ref idref="oc-e0"/>
      </symbol>
      <symbol id="sm-1c6">
         <name>ResetISR</name>
         <value>0x35cb</value>
         <object_component_ref idref="oc-2e"/>
      </symbol>
      <symbol id="sm-1c7">
         <name>g_pfnVectors</name>
         <value>0x0</value>
         <object_component_ref idref="oc-f"/>
      </symbol>
      <symbol id="sm-1d8">
         <name>_c_int00</name>
         <value>0x32d9</value>
         <object_component_ref idref="oc-24"/>
      </symbol>
      <symbol id="sm-1d9">
         <name>__stack</name>
         <value>0x2000026c</value>
         <object_component_ref idref="oc-2a"/>
      </symbol>
      <symbol id="sm-1f0">
         <name>__TI_decompress_none</name>
         <value>0x35b1</value>
         <object_component_ref idref="oc-12"/>
      </symbol>
      <symbol id="sm-218">
         <name>__TI_decompress_rle24</name>
         <value>0x35d7</value>
         <object_component_ref idref="oc-18"/>
      </symbol>
      <symbol id="sm-23a">
         <name>C$$EXIT</name>
         <value>0x332d</value>
         <object_component_ref idref="oc-74"/>
      </symbol>
      <symbol id="sm-23b">
         <name>abort</name>
         <value>0x3331</value>
         <object_component_ref idref="oc-74"/>
      </symbol>
      <symbol id="sm-23c">
         <name>exit</name>
         <value>0x3339</value>
         <object_component_ref idref="oc-74"/>
      </symbol>
      <symbol id="sm-23d">
         <name>__TI_dtors_ptr</name>
         <value>0x20000ee0</value>
         <object_component_ref idref="oc-ba"/>
      </symbol>
      <symbol id="sm-23e">
         <name>__TI_cleanup_ptr</name>
         <value>0x20000edc</value>
         <object_component_ref idref="oc-ba"/>
      </symbol>
      <symbol id="sm-23f">
         <name>__TI_enable_exit_profile_output</name>
         <value>0x20000ee4</value>
         <object_component_ref idref="oc-ba"/>
      </symbol>
      <symbol id="sm-25a">
         <name>memcpy</name>
         <value>0x2d95</value>
         <object_component_ref idref="oc-37"/>
      </symbol>
      <symbol id="sm-25b">
         <name>__aeabi_memcpy</name>
         <value>0x2d95</value>
         <object_component_ref idref="oc-37"/>
      </symbol>
      <symbol id="sm-25c">
         <name>__aeabi_memcpy8</name>
         <value>0x2d95</value>
         <object_component_ref idref="oc-37"/>
      </symbol>
      <symbol id="sm-25d">
         <name>__aeabi_memcpy4</name>
         <value>0x2d95</value>
         <object_component_ref idref="oc-37"/>
      </symbol>
      <symbol id="sm-2d1">
         <name>_sys_memory</name>
         <value>0x20000a70</value>
         <object_component_ref idref="oc-2b"/>
      </symbol>
      <symbol id="sm-2d2">
         <name>free</name>
         <value>0x1df3</value>
         <object_component_ref idref="oc-10a"/>
      </symbol>
      <symbol id="sm-2d3">
         <name>realloc</name>
         <value>0x1eb5</value>
         <object_component_ref idref="oc-10a"/>
      </symbol>
      <symbol id="sm-2d4">
         <name>memalign</name>
         <value>0x1fc1</value>
         <object_component_ref idref="oc-10a"/>
      </symbol>
      <symbol id="sm-2d5">
         <name>calloc</name>
         <value>0x20a5</value>
         <object_component_ref idref="oc-10a"/>
      </symbol>
      <symbol id="sm-2d6">
         <name>malloc</name>
         <value>0x1d8b</value>
         <object_component_ref idref="oc-10a"/>
      </symbol>
      <symbol id="sm-2d7">
         <name>minit</name>
         <value>0x1cfd</value>
         <object_component_ref idref="oc-10a"/>
      </symbol>
      <symbol id="sm-2e6">
         <name>__aeabi_memset</name>
         <value>0x305b</value>
         <object_component_ref idref="oc-50"/>
      </symbol>
      <symbol id="sm-2e7">
         <name>memset</name>
         <value>0x3061</value>
         <object_component_ref idref="oc-50"/>
      </symbol>
      <symbol id="sm-2e8">
         <name>__aeabi_memset8</name>
         <value>0x305b</value>
         <object_component_ref idref="oc-50"/>
      </symbol>
      <symbol id="sm-2e9">
         <name>__aeabi_memset4</name>
         <value>0x305b</value>
         <object_component_ref idref="oc-50"/>
      </symbol>
      <symbol id="sm-2ea">
         <name>__aeabi_memclr8</name>
         <value>0x3059</value>
         <object_component_ref idref="oc-50"/>
      </symbol>
      <symbol id="sm-2eb">
         <name>__aeabi_memclr4</name>
         <value>0x3059</value>
         <object_component_ref idref="oc-50"/>
      </symbol>
      <symbol id="sm-2ec">
         <name>__aeabi_memclr</name>
         <value>0x3059</value>
         <object_component_ref idref="oc-50"/>
      </symbol>
      <symbol id="sm-2f6">
         <name>__mpu_init</name>
         <value>0x276f</value>
         <object_component_ref idref="oc-5c"/>
      </symbol>
      <symbol id="sm-300">
         <name>_system_pre_init</name>
         <value>0x35dd</value>
         <object_component_ref idref="oc-62"/>
      </symbol>
      <symbol id="sm-308">
         <name>main_func_sp</name>
         <value>0x20000f04</value>
         <object_component_ref idref="oc-7a"/>
      </symbol>
      <symbol id="sm-317">
         <name>strcmp</name>
         <value>0x3511</value>
         <object_component_ref idref="oc-11d"/>
      </symbol>
      <symbol id="sm-325">
         <name>strcpy</name>
         <value>0x3569</value>
         <object_component_ref idref="oc-193"/>
      </symbol>
      <symbol id="sm-346">
         <name>vsnprintf</name>
         <value>0x2ec5</value>
         <object_component_ref idref="oc-18d"/>
      </symbol>
      <symbol id="sm-35f">
         <name>_nop</name>
         <value>0x354f</value>
         <object_component_ref idref="oc-f7"/>
      </symbol>
      <symbol id="sm-360">
         <name>_lock</name>
         <value>0x20000ef4</value>
         <object_component_ref idref="oc-bd"/>
      </symbol>
      <symbol id="sm-361">
         <name>_unlock</name>
         <value>0x20000ef8</value>
         <object_component_ref idref="oc-bd"/>
      </symbol>
      <symbol id="sm-362">
         <name>_register_lock</name>
         <value>0x3547</value>
         <object_component_ref idref="oc-f7"/>
      </symbol>
      <symbol id="sm-363">
         <name>_register_unlock</name>
         <value>0x3541</value>
         <object_component_ref idref="oc-f7"/>
      </symbol>
      <symbol id="sm-46a">
         <name>__TI_printfi</name>
         <value>0x1077</value>
         <object_component_ref idref="oc-1a5"/>
      </symbol>
      <symbol id="sm-47e">
         <name>_args_main</name>
         <value>0x34f9</value>
         <object_component_ref idref="oc-6e"/>
      </symbol>
      <symbol id="sm-494">
         <name>atoi</name>
         <value>0x3381</value>
         <object_component_ref idref="oc-207"/>
      </symbol>
      <symbol id="sm-4b9">
         <name>__TI_auto_init</name>
         <value>0x30d5</value>
         <object_component_ref idref="oc-68"/>
      </symbol>
      <symbol id="sm-4d3">
         <name>copy_in</name>
         <value>0x33cd</value>
         <object_component_ref idref="oc-a4"/>
      </symbol>
      <symbol id="sm-4de">
         <name>_ctypes_</name>
         <value>0x35e0</value>
         <object_component_ref idref="oc-23f"/>
      </symbol>
      <symbol id="sm-4f5">
         <name>__aeabi_dsub</name>
         <value>0x25b9</value>
         <object_component_ref idref="oc-1ea"/>
      </symbol>
      <symbol id="sm-4f6">
         <name>__aeabi_dadd</name>
         <value>0x25c3</value>
         <object_component_ref idref="oc-1ea"/>
      </symbol>
      <symbol id="sm-518">
         <name>__aeabi_cdcmpeq</name>
         <value>0x2f4d</value>
         <object_component_ref idref="oc-1c6"/>
      </symbol>
      <symbol id="sm-519">
         <name>__aeabi_cdcmple</name>
         <value>0x2f4d</value>
         <object_component_ref idref="oc-1c6"/>
      </symbol>
      <symbol id="sm-51a">
         <name>__aeabi_cdrcmple</name>
         <value>0x2fd3</value>
         <object_component_ref idref="oc-1d5"/>
      </symbol>
      <symbol id="sm-52e">
         <name>__aeabi_ddiv</name>
         <value>0x2a65</value>
         <object_component_ref idref="oc-1d0"/>
      </symbol>
      <symbol id="sm-539">
         <name>__aeabi_dmul</name>
         <value>0x2b9b</value>
         <object_component_ref idref="oc-1cb"/>
      </symbol>
      <symbol id="sm-543">
         <name>__aeabi_d2iz</name>
         <value>0x3419</value>
         <object_component_ref idref="oc-1da"/>
      </symbol>
      <symbol id="sm-54d">
         <name>__aeabi_i2d</name>
         <value>0x3495</value>
         <object_component_ref idref="oc-1e5"/>
      </symbol>
      <symbol id="sm-55c">
         <name>ltoa</name>
         <value>0x3281</value>
         <object_component_ref idref="oc-1df"/>
      </symbol>
      <symbol id="sm-56c">
         <name>memccpy</name>
         <value>0x34c3</value>
         <object_component_ref idref="oc-201"/>
      </symbol>
      <symbol id="sm-587">
         <name>frexpl</name>
         <value>0x321d</value>
         <object_component_ref idref="oc-1ef"/>
      </symbol>
      <symbol id="sm-588">
         <name>frexp</name>
         <value>0x321d</value>
         <object_component_ref idref="oc-1ef"/>
      </symbol>
      <symbol id="sm-5a5">
         <name>scalbn</name>
         <value>0x2c99</value>
         <object_component_ref idref="oc-1f5"/>
      </symbol>
      <symbol id="sm-5a6">
         <name>scalbnl</name>
         <value>0x2c99</value>
         <object_component_ref idref="oc-1f5"/>
      </symbol>
      <symbol id="sm-5a7">
         <name>ldexpl</name>
         <value>0x2c99</value>
         <object_component_ref idref="oc-1f5"/>
      </symbol>
      <symbol id="sm-5a8">
         <name>ldexp</name>
         <value>0x2c99</value>
         <object_component_ref idref="oc-1f5"/>
      </symbol>
      <symbol id="sm-5b2">
         <name>_system_post_cinit</name>
         <value>0x290b</value>
         <object_component_ref idref="oc-aa"/>
      </symbol>
      <symbol id="sm-5c2">
         <name>strchr</name>
         <value>0x3529</value>
         <object_component_ref idref="oc-1fb"/>
      </symbol>
      <symbol id="sm-5d0">
         <name>strlen</name>
         <value>0x357d</value>
         <object_component_ref idref="oc-1c0"/>
      </symbol>
      <symbol id="sm-5ec">
         <name>__aeabi_uldivmod</name>
         <value>0x23c5</value>
         <object_component_ref idref="oc-1bb"/>
      </symbol>
      <symbol id="sm-5f4">
         <name>errno</name>
         <value>0x20000f00</value>
         <object_component_ref idref="oc-236"/>
      </symbol>
      <symbol id="sm-5fe">
         <name>copysign</name>
         <value>0x3555</value>
         <object_component_ref idref="oc-230"/>
      </symbol>
      <symbol id="sm-5ff">
         <name>copysignl</name>
         <value>0x3555</value>
         <object_component_ref idref="oc-230"/>
      </symbol>
      <symbol id="sm-624">
         <name>IntRegister</name>
         <value>0x3461</value>
         <object_component_ref idref="oc-123"/>
      </symbol>
      <symbol id="sm-625">
         <name>g_pfnRAMVectors</name>
         <value>0x20000000</value>
         <object_component_ref idref="oc-159"/>
      </symbol>
      <symbol id="sm-626">
         <name>IntMasterEnable</name>
         <value>0x3591</value>
         <object_component_ref idref="oc-129"/>
      </symbol>
      <symbol id="sm-630">
         <name>CPUcpsie</name>
         <value>0x35bf</value>
         <object_component_ref idref="oc-15e"/>
      </symbol>
      <symbol id="sm-631">
         <name>__TI_static_base__</name>
         <value>0x0</value>
      </symbol>
      <symbol id="sm-634">
         <name>SHT$$INIT_ARRAY$$Limit</name>
         <value>0x0</value>
      </symbol>
      <symbol id="sm-635">
         <name>SHT$$INIT_ARRAY$$Base</name>
         <value>0x0</value>
      </symbol>
   </symbol_table>
   <title>Link errors: red sections failed placement</title>
</link_info>
