******************************************************************************
                  TI ARM Linker PC v15.12.1                    
******************************************************************************
>> Linked Tue Sep 13 18:10:36 2016

OUTPUT FILE NAME:   <lab2.0.out>
ENTRY POINT SYMBOL: "_c_int00"  address: 000032b5


MEMORY CONFIGURATION

         name            origin    length      used     unused   attr    fill
----------------------  --------  ---------  --------  --------  ----  --------
  FLASH                 00000000   00020000  00003738  0001c8c8  R  X
  SRAM                  20000000   00008000  00000f04  000070fc  RW X


SEGMENT ALLOCATION MAP

run origin  load origin   length   init length attrs members
----------  ----------- ---------- ----------- ----- -------
00000000    00000000    0000373c   0000373c    r-x
  00000000    00000000    0000026c   0000026c    r-- .intvecs
  0000026c    0000026c    00003350   00003350    r-x .text
  000035bc    000035bc    00000118   00000118    r-- .const
  000036d8    000036d8    00000064   00000064    r-- .cinit
20000000    20000000    00000f08   00000000    rw-
  20000000    20000000    0000026c   00000000    rw- .vtable
  2000026c    2000026c    00000800   00000000    rw- .stack
  20000a70    20000a70    00000400   00000000    rw- .sysmem
  20000e70    20000e70    0000006c   00000000    rw- .bss
  20000edc    20000edc    0000002c   00000000    rw- .data


SECTION ALLOCATION MAP

 output                                  attributes/
section   page    origin      length       input sections
--------  ----  ----------  ----------   ----------------
.intvecs   0    00000000    0000026c     
                  00000000    0000026c     tm4c1231e6pm_startup_ccs.obj (.intvecs)

.text      0    0000026c    00003350     
                  0000026c    00001110     rtsv7M4_T_le_v4SPD16_eabi.lib : _printfi.obj (.text)
                  0000137c    00000980     open_interface.obj (.text)
                  00001cfc    000003dc     rtsv7M4_T_le_v4SPD16_eabi.lib : memory.obj (.text)
                  000020d8    000002e8     lcd.obj (.text)
                  000023c0    000001f4     rtsv7M4_T_le_v4SPD16_eabi.lib : ull_div_t2.obj (.text)
                  000025b4    000001b6                                   : fd_add_t2.obj (.text)
                  0000276a    00000002                                   : mpu_init.obj (.text)
                  0000276c    0000017e     movement.obj (.text)
                  000028ea    00000002     rtsv7M4_T_le_v4SPD16_eabi.lib : startup.obj (.text)
                  000028ec    00000158     timer.obj (.text)
                  00002a44    00000136     rtsv7M4_T_le_v4SPD16_eabi.lib : fd_div_t2.obj (.text)
                  00002b7a    000000fc                                   : fd_mul_t2.obj (.text)
                  00002c76    00000002     --HOLE-- [fill = 0]
                  00002c78    000000fc                                   : s_scalbn.obj (.text)
                  00002d74    000000a2     botlogic.obj (.text)
                  00002e16    0000009c     rtsv7M4_T_le_v4SPD16_eabi.lib : memcpy_t2.obj (.text)
                  00002eb2    00000002     --HOLE-- [fill = 0]
                  00002eb4    00000088                                   : vsnprintf.obj (.text)
                  00002f3c    00000086                                   : fd_cmp_t2.obj (.text:__aeabi_cdcmple)
                  00002fc2    00000086                                   : fd_cmp_t2.obj (.text:__aeabi_cdrcmple)
                  00003048    0000007a                                   : memset_t2.obj (.text)
                  000030c2    00000002     --HOLE-- [fill = 0]
                  000030c4    00000070                                   : autoinit.obj (.text)
                  00003134    0000006a                                   : copy_decompress_rle.obj (.text)
                  0000319e    00000002     --HOLE-- [fill = 0]
                  000031a0    00000064                                   : s_frexp.obj (.text)
                  00003204    00000058     main.obj (.text)
                  0000325c    00000056     rtsv7M4_T_le_v4SPD16_eabi.lib : ltoa.obj (.text)
                  000032b2    00000002     --HOLE-- [fill = 0]
                  000032b4    00000054                                   : boot.obj (.text)
                  00003308    00000054                                   : exit.obj (.text)
                  0000335c    0000004c                                   : atoi.obj (.text)
                  000033a8    0000004c                                   : cpy_tbl.obj (.text)
                  000033f4    00000048                                   : fd_toi_t2.obj (.text)
                  0000343c    00000034     driverlib.lib : interrupt.obj (.text:IntRegister)
                  00003470    0000002e     rtsv7M4_T_le_v4SPD16_eabi.lib : i_tofd_t2.obj (.text)
                  0000349e    0000001c                                   : memccpy.obj (.text)
                  000034ba    00000018     open_interface.obj (.text:oi_parseInt)
                  000034d2    00000002     --HOLE-- [fill = 0]
                  000034d4    00000018     rtsv7M4_T_le_v4SPD16_eabi.lib : args_main.obj (.text)
                  000034ec    00000018                                   : strcmp.obj (.text)
                  00003504    00000016                                   : strchr.obj (.text)
                  0000351a    00000002     --HOLE-- [fill = 0]
                  0000351c    00000014                                   : _lock.obj (.text)
                  00003530    00000014                                   : s_copysign.obj (.text)
                  00003544    00000014                                   : strcpy.obj (.text)
                  00003558    00000014                                   : strlen.obj (.text)
                  0000356c    00000010     driverlib.lib : interrupt.obj (.text:IntMasterEnable)
                  0000357c    00000010     lcd.obj (.text:lcd_clear)
                  0000358c    0000000e     rtsv7M4_T_le_v4SPD16_eabi.lib : copy_decompress_none.obj (.text:decompress:none)
                  0000359a    0000000c     driverlib.lib : cpu.obj (.text:CPUcpsie)
                  000035a6    0000000c     tm4c1231e6pm_startup_ccs.obj (.text)
                  000035b2    00000006     rtsv7M4_T_le_v4SPD16_eabi.lib : copy_decompress_rle.obj (.text:decompress:rle24)
                  000035b8    00000004                                   : pre_init.obj (.text)

.const     0    000035bc    00000118     
                  000035bc    00000101     rtsv7M4_T_le_v4SPD16_eabi.lib : ctype.obj (.const:.string:_ctypes_)
                  000036bd    0000000f     open_interface.obj (.const:.string:$P$T0$3)
                  000036cc    00000004     lcd.obj (.const:.string:lineAddress$1)
                  000036d0    00000004     lcd.obj (.const:.string:lineAddresses$2)

.cinit     0    000036d8    00000064     
                  000036d8    00000021     (.cinit..data.load) [load image, compression = rle]
                  000036f9    00000007     --HOLE-- [fill = 0]
                  00003700    0000000b     (.cinit..vtable.load) [load image, compression = rle]
                  0000370b    00000005     --HOLE-- [fill = 0]
                  00003710    00000009     (.cinit..bss.load) [load image, compression = rle]
                  00003719    00000003     --HOLE-- [fill = 0]
                  0000371c    00000008     (__TI_handler_table)
                  00003724    00000018     (__TI_cinit_table)

.init_array 
*          0    00000000    00000000     UNINITIALIZED

.vtable    0    20000000    0000026c     UNINITIALIZED
                  20000000    0000026c     driverlib.lib : interrupt.obj (.vtable)

.stack     0    2000026c    00000800     UNINITIALIZED
                  2000026c    00000800     --HOLE--

.sysmem    0    20000a70    00000400     UNINITIALIZED
                  20000a70    00000008     rtsv7M4_T_le_v4SPD16_eabi.lib : memory.obj (.sysmem)
                  20000a78    000003f8     --HOLE--

.bss       0    20000e70    0000006c     UNINITIALIZED
                  20000e70    00000054     lcd.obj (.bss:lastbuffer$3)
                  20000ec4    00000018     open_interface.obj (.bss:firmware$2)

.data      0    20000edc    0000002c     UNINITIALIZED
                  20000edc    0000000c     rtsv7M4_T_le_v4SPD16_eabi.lib : exit.obj (.data:$O1$$)
                  20000ee8    0000000c                                   : memory.obj (.data:$O1$$)
                  20000ef4    00000008                                   : _lock.obj (.data:$O1$$)
                  20000efc    00000004     open_interface.obj (.data)
                  20000f00    00000004     rtsv7M4_T_le_v4SPD16_eabi.lib : errno.obj (.data)
                  20000f04    00000004                                   : stkdepth_vars.obj (.data)

MODULE SUMMARY

       Module                         code    ro data   rw data
       ------                         ----    -------   -------
    .\
       open_interface.obj             2456    15        28     
       lcd.obj                        760     8         84     
       tm4c1231e6pm_startup_ccs.obj   12      620       0      
       movement.obj                   382     0         0      
       timer.obj                      344     0         0      
       botlogic.obj                   162     0         0      
       main.obj                       88      0         0      
    +--+------------------------------+-------+---------+---------+
       Total:                         4204    643       112    
                                                               
    C:/ti/TivaWare_C_Series-2.1.2.111/driverlib/ccs/Debug/driverlib.lib
       interrupt.obj                  68      0         620    
       cpu.obj                        12      0         0      
    +--+------------------------------+-------+---------+---------+
       Total:                         80      0         620    
                                                               
    C:\ti\ccsv6\tools\compiler\ti-cgt-arm_15.12.1.LTS\lib\rtsv7M4_T_le_v4SPD16_eabi.lib
       _printfi.obj                   4368    0         0      
       memory.obj                     988     0         12     
       ull_div_t2.obj                 500     0         0      
       fd_add_t2.obj                  438     0         0      
       fd_div_t2.obj                  310     0         0      
       fd_cmp_t2.obj                  268     0         0      
       ctype.obj                      0       257       0      
       fd_mul_t2.obj                  252     0         0      
       s_scalbn.obj                   252     0         0      
       memcpy_t2.obj                  156     0         0      
       vsnprintf.obj                  136     0         0      
       memset_t2.obj                  122     0         0      
       autoinit.obj                   112     0         0      
       copy_decompress_rle.obj        112     0         0      
       s_frexp.obj                    100     0         0      
       exit.obj                       84      0         12     
       ltoa.obj                       86      0         0      
       boot.obj                       84      0         0      
       atoi.obj                       76      0         0      
       cpy_tbl.obj                    76      0         0      
       fd_toi_t2.obj                  72      0         0      
       i_tofd_t2.obj                  46      0         0      
       _lock.obj                      20      0         8      
       memccpy.obj                    28      0         0      
       args_main.obj                  24      0         0      
       strcmp.obj                     24      0         0      
       strchr.obj                     22      0         0      
       s_copysign.obj                 20      0         0      
       strcpy.obj                     20      0         0      
       strlen.obj                     20      0         0      
       copy_decompress_none.obj       14      0         0      
       errno.obj                      0       0         4      
       pre_init.obj                   4       0         0      
       stkdepth_vars.obj              0       0         4      
       mpu_init.obj                   2       0         0      
       startup.obj                    2       0         0      
    +--+------------------------------+-------+---------+---------+
       Total:                         8838    257       40     
                                                               
       Heap:                          0       0         1024   
       Stack:                         0       0         2048   
       Linker Generated:              0       85        0      
    +--+------------------------------+-------+---------+---------+
       Grand Total:                   13122   985       3844   


LINKER GENERATED COPY TABLES

__TI_cinit_table @ 00003724 records: 3, size/record: 8, table size: 24
	.data: load addr=000036d8, load size=00000021 bytes, run addr=20000edc, run size=0000002c bytes, compression=rle
	.vtable: load addr=00003700, load size=0000000b bytes, run addr=20000000, run size=0000026c bytes, compression=rle
	.bss: load addr=00003710, load size=00000009 bytes, run addr=20000e70, run size=0000006c bytes, compression=rle


LINKER GENERATED HANDLER TABLE

__TI_handler_table @ 0000371c records: 2, size/record: 4, table size: 8
	index: 0, handler: __TI_decompress_rle24
	index: 1, handler: __TI_decompress_none


GLOBAL SYMBOLS: SORTED ALPHABETICALLY BY Name 

address   name                           
-------   ----                           
00003309  C$$EXIT                        
0000359b  CPUcpsie                       
00001c71  GPIOF_Handler                  
0000356d  IntMasterEnable                
0000343d  IntRegister                    
000035a7  ResetISR                       
UNDEFED   SHT$$INIT_ARRAY$$Base          
UNDEFED   SHT$$INIT_ARRAY$$Limit         
20000a6c  __STACK_END                    
00000800  __STACK_SIZE                   
2000046c  __STACK_TOP                    
00000400  __SYSMEM_SIZE                  
00003724  __TI_CINIT_Base                
0000373c  __TI_CINIT_Limit               
0000371c  __TI_Handler_Table_Base        
00003724  __TI_Handler_Table_Limit       
000030c5  __TI_auto_init                 
20000edc  __TI_cleanup_ptr               
0000358d  __TI_decompress_none           
000035b3  __TI_decompress_rle24          
20000ee0  __TI_dtors_ptr                 
20000ee4  __TI_enable_exit_profile_output
ffffffff  __TI_pprof_out_hndl            
00001077  __TI_printfi                   
ffffffff  __TI_prof_data_size            
ffffffff  __TI_prof_data_start           
00000000  __TI_static_base__             
00002f3d  __aeabi_cdcmpeq                
00002f3d  __aeabi_cdcmple                
00002fc3  __aeabi_cdrcmple               
000033f5  __aeabi_d2iz                   
000025bf  __aeabi_dadd                   
00002a45  __aeabi_ddiv                   
00002b7b  __aeabi_dmul                   
000025b5  __aeabi_dsub                   
00003471  __aeabi_i2d                    
00003049  __aeabi_memclr                 
00003049  __aeabi_memclr4                
00003049  __aeabi_memclr8                
00002e17  __aeabi_memcpy                 
00002e17  __aeabi_memcpy4                
00002e17  __aeabi_memcpy8                
0000304b  __aeabi_memset                 
0000304b  __aeabi_memset4                
0000304b  __aeabi_memset8                
000023c1  __aeabi_uldivmod               
ffffffff  __binit__                      
ffffffff  __c_args__                     
0000276b  __mpu_init                     
2000026c  __stack                        
000034d5  _args_main                     
000032b5  _c_int00                       
000035bc  _ctypes_                       
20000ef4  _lock                          
0000352b  _nop                           
00003523  _register_lock                 
0000351d  _register_unlock               
20000a70  _sys_memory                    
000028eb  _system_post_cinit             
000035b9  _system_pre_init               
20000ef8  _unlock                        
0000330d  abort                          
0000335d  atoi                           
00002de1  avoid                          
ffffffff  binit                          
000020a5  calloc                         
000033a9  copy_in                        
00003531  copysign                       
00003531  copysignl                      
20000f00  errno                          
00003315  exit                           
0000276d  forward                        
00001df3  free                           
000031a1  frexp                          
000031a1  frexpl                         
20000000  g_pfnRAMVectors                
00000000  g_pfnVectors                   
00002d75  getTo                          
00001a23  go_charge                      
0000357d  lcd_clear                      
0000226d  lcd_gotoLine                   
000020d9  lcd_init                       
000022d3  lcd_printf                     
00002195  lcd_putc                       
000021cd  lcd_puts                       
000021eb  lcd_sendCommand                
00002229  lcd_sendNibble                 
00002295  lcd_setCursorPos               
00002c79  ldexp                          
00002c79  ldexpl                         
0000325d  ltoa                           
00003205  main                           
20000f04  main_func_sp                   
00001d8b  malloc                         
00001fc1  memalign                       
0000349f  memccpy                        
00002e17  memcpy                         
00003051  memset                         
00001cfd  minit                          
0000137d  oi_alloc                       
00001b4d  oi_checkFirmware               
000013d3  oi_close                       
00001389  oi_free                        
000013bd  oi_init                        
00001399  oi_init_noupdate               
000019b9  oi_loadSong                    
000034bb  oi_parseInt                    
00001437  oi_parsePacket                 
00001a0f  oi_play_song                   
00001933  oi_setLeds                     
00001977  oi_setWheels                   
00001bff  oi_shutoff_init                
00001a31  oi_uartInit                    
00001ad5  oi_uartReceive                 
00001b1b  oi_uartSendBuff                
00001ab9  oi_uartSendChar                
00001afd  oi_uartSendStr                 
000013e5  oi_update                      
00001eb5  realloc                        
00002c79  scalbn                         
00002c79  scalbnl                        
00003505  strchr                         
000034ed  strcmp                         
00003545  strcpy                         
00003559  strlen                         
000029fd  timer_getClock                 
000029b1  timer_startClock               
0000294b  timer_startTimer               
00002a03  timer_stopClock                
0000299b  timer_stopTimer                
00002921  timer_waitMicros               
000028ed  timer_waitMillis               
0000285b  turn                           
00002eb5  vsnprintf                      


GLOBAL SYMBOLS: SORTED BY Symbol Address 

address   name                           
-------   ----                           
00000000  __TI_static_base__             
00000000  g_pfnVectors                   
00000400  __SYSMEM_SIZE                  
00000800  __STACK_SIZE                   
00001077  __TI_printfi                   
0000137d  oi_alloc                       
00001389  oi_free                        
00001399  oi_init_noupdate               
000013bd  oi_init                        
000013d3  oi_close                       
000013e5  oi_update                      
00001437  oi_parsePacket                 
00001933  oi_setLeds                     
00001977  oi_setWheels                   
000019b9  oi_loadSong                    
00001a0f  oi_play_song                   
00001a23  go_charge                      
00001a31  oi_uartInit                    
00001ab9  oi_uartSendChar                
00001ad5  oi_uartReceive                 
00001afd  oi_uartSendStr                 
00001b1b  oi_uartSendBuff                
00001b4d  oi_checkFirmware               
00001bff  oi_shutoff_init                
00001c71  GPIOF_Handler                  
00001cfd  minit                          
00001d8b  malloc                         
00001df3  free                           
00001eb5  realloc                        
00001fc1  memalign                       
000020a5  calloc                         
000020d9  lcd_init                       
00002195  lcd_putc                       
000021cd  lcd_puts                       
000021eb  lcd_sendCommand                
00002229  lcd_sendNibble                 
0000226d  lcd_gotoLine                   
00002295  lcd_setCursorPos               
000022d3  lcd_printf                     
000023c1  __aeabi_uldivmod               
000025b5  __aeabi_dsub                   
000025bf  __aeabi_dadd                   
0000276b  __mpu_init                     
0000276d  forward                        
0000285b  turn                           
000028eb  _system_post_cinit             
000028ed  timer_waitMillis               
00002921  timer_waitMicros               
0000294b  timer_startTimer               
0000299b  timer_stopTimer                
000029b1  timer_startClock               
000029fd  timer_getClock                 
00002a03  timer_stopClock                
00002a45  __aeabi_ddiv                   
00002b7b  __aeabi_dmul                   
00002c79  ldexp                          
00002c79  ldexpl                         
00002c79  scalbn                         
00002c79  scalbnl                        
00002d75  getTo                          
00002de1  avoid                          
00002e17  __aeabi_memcpy                 
00002e17  __aeabi_memcpy4                
00002e17  __aeabi_memcpy8                
00002e17  memcpy                         
00002eb5  vsnprintf                      
00002f3d  __aeabi_cdcmpeq                
00002f3d  __aeabi_cdcmple                
00002fc3  __aeabi_cdrcmple               
00003049  __aeabi_memclr                 
00003049  __aeabi_memclr4                
00003049  __aeabi_memclr8                
0000304b  __aeabi_memset                 
0000304b  __aeabi_memset4                
0000304b  __aeabi_memset8                
00003051  memset                         
000030c5  __TI_auto_init                 
000031a1  frexp                          
000031a1  frexpl                         
00003205  main                           
0000325d  ltoa                           
000032b5  _c_int00                       
00003309  C$$EXIT                        
0000330d  abort                          
00003315  exit                           
0000335d  atoi                           
000033a9  copy_in                        
000033f5  __aeabi_d2iz                   
0000343d  IntRegister                    
00003471  __aeabi_i2d                    
0000349f  memccpy                        
000034bb  oi_parseInt                    
000034d5  _args_main                     
000034ed  strcmp                         
00003505  strchr                         
0000351d  _register_unlock               
00003523  _register_lock                 
0000352b  _nop                           
00003531  copysign                       
00003531  copysignl                      
00003545  strcpy                         
00003559  strlen                         
0000356d  IntMasterEnable                
0000357d  lcd_clear                      
0000358d  __TI_decompress_none           
0000359b  CPUcpsie                       
000035a7  ResetISR                       
000035b3  __TI_decompress_rle24          
000035b9  _system_pre_init               
000035bc  _ctypes_                       
0000371c  __TI_Handler_Table_Base        
00003724  __TI_CINIT_Base                
00003724  __TI_Handler_Table_Limit       
0000373c  __TI_CINIT_Limit               
20000000  g_pfnRAMVectors                
2000026c  __stack                        
2000046c  __STACK_TOP                    
20000a6c  __STACK_END                    
20000a70  _sys_memory                    
20000edc  __TI_cleanup_ptr               
20000ee0  __TI_dtors_ptr                 
20000ee4  __TI_enable_exit_profile_output
20000ef4  _lock                          
20000ef8  _unlock                        
20000f00  errno                          
20000f04  main_func_sp                   
ffffffff  __TI_pprof_out_hndl            
ffffffff  __TI_prof_data_size            
ffffffff  __TI_prof_data_start           
ffffffff  __binit__                      
ffffffff  __c_args__                     
ffffffff  binit                          
UNDEFED   SHT$$INIT_ARRAY$$Base          
UNDEFED   SHT$$INIT_ARRAY$$Limit         

[134 symbols]
