******************************************************************************
                  TI ARM Linker PC v15.12.1                    
******************************************************************************
>> Linked Sun Nov 06 22:17:35 2016

OUTPUT FILE NAME:   <lab7.0.out>
ENTRY POINT SYMBOL: "_c_int00"  address: 00002519


MEMORY CONFIGURATION

         name            origin    length      used     unused   attr    fill
----------------------  --------  ---------  --------  --------  ----  --------
  FLASH                 00000000   00020000  00002965  0001d69b  R  X
  SRAM                  20000000   00008000  00000aec  00007514  RW X


SEGMENT ALLOCATION MAP

run origin  load origin   length   init length attrs members
----------  ----------- ---------- ----------- ----- -------
00000000    00000000    0000296c   0000296c    r-x
  00000000    00000000    0000026c   0000026c    r-- .intvecs
  0000026c    0000026c    0000259c   0000259c    r-x .text
  00002808    00002808    00000109   00000109    r-- .const
  00002918    00002918    00000054   00000054    r-- .cinit
20000000    20000000    00000aec   00000000    rw-
  20000000    20000000    0000026c   00000000    rw- .vtable
  2000026c    2000026c    00000800   00000000    rw- .stack
  20000a6c    20000a6c    00000054   00000000    rw- .bss
  20000ac0    20000ac0    0000002c   00000000    rw- .data


SECTION ALLOCATION MAP

 output                                  attributes/
section   page    origin      length       input sections
--------  ----  ----------  ----------   ----------------
.intvecs   0    00000000    0000026c     
                  00000000    0000026c     tm4c1231e6pm_startup_ccs.obj (.intvecs)

.text      0    0000026c    0000259c     
                  0000026c    00001110     rtsv7M4_T_le_v4SPD16_eabi.lib : _printfi.obj (.text)
                  0000137c    000002ec     lcd.obj (.text)
                  00001668    00000238     main.obj (.text)
                  000018a0    000001f4     rtsv7M4_T_le_v4SPD16_eabi.lib : ull_div_t2.obj (.text)
                  00001a94    000001b6                                   : fd_add_t2.obj (.text)
                  00001c4a    00000002                                   : mpu_init.obj (.text)
                  00001c4c    00000158     Timer.obj (.text)
                  00001da4    00000136     rtsv7M4_T_le_v4SPD16_eabi.lib : fd_div_t2.obj (.text)
                  00001eda    000000fc                                   : fd_mul_t2.obj (.text)
                  00001fd6    00000002                                   : startup.obj (.text)
                  00001fd8    000000fc                                   : s_scalbn.obj (.text)
                  000020d4    0000009c                                   : memcpy_t2.obj (.text)
                  00002170    00000088                                   : vsnprintf.obj (.text)
                  000021f8    00000086                                   : fd_cmp_t2.obj (.text:__aeabi_cdcmple)
                  0000227e    00000086                                   : fd_cmp_t2.obj (.text:__aeabi_cdrcmple)
                  00002304    0000007a                                   : memset_t2.obj (.text)
                  0000237e    00000002     --HOLE-- [fill = 0]
                  00002380    00000070                                   : autoinit.obj (.text)
                  000023f0    0000006a                                   : copy_decompress_rle.obj (.text)
                  0000245a    00000002     --HOLE-- [fill = 0]
                  0000245c    00000064                                   : s_frexp.obj (.text)
                  000024c0    00000056                                   : ltoa.obj (.text)
                  00002516    00000002     --HOLE-- [fill = 0]
                  00002518    00000054                                   : boot.obj (.text)
                  0000256c    00000054                                   : exit.obj (.text)
                  000025c0    0000004c                                   : atoi.obj (.text)
                  0000260c    0000004c                                   : cpy_tbl.obj (.text)
                  00002658    00000048                                   : fd_toi_t2.obj (.text)
                  000026a0    00000034     driverlib.lib : interrupt.obj (.text:IntRegister)
                  000026d4    0000002e     rtsv7M4_T_le_v4SPD16_eabi.lib : i_tofd_t2.obj (.text)
                  00002702    0000001c                                   : memccpy.obj (.text)
                  0000271e    00000002     --HOLE-- [fill = 0]
                  00002720    00000018                                   : args_main.obj (.text)
                  00002738    00000018                                   : strcmp.obj (.text)
                  00002750    00000016                                   : strchr.obj (.text)
                  00002766    00000002     --HOLE-- [fill = 0]
                  00002768    00000014                                   : _lock.obj (.text)
                  0000277c    00000014                                   : s_copysign.obj (.text)
                  00002790    00000014                                   : strcpy.obj (.text)
                  000027a4    00000014                                   : strlen.obj (.text)
                  000027b8    00000010     driverlib.lib : interrupt.obj (.text:IntMasterEnable)
                  000027c8    00000010     lcd.obj (.text:lcd_clear)
                  000027d8    0000000e     rtsv7M4_T_le_v4SPD16_eabi.lib : copy_decompress_none.obj (.text:decompress:none)
                  000027e6    0000000c     driverlib.lib : cpu.obj (.text:CPUcpsie)
                  000027f2    0000000c     tm4c1231e6pm_startup_ccs.obj (.text)
                  000027fe    00000006     rtsv7M4_T_le_v4SPD16_eabi.lib : copy_decompress_rle.obj (.text:decompress:rle24)
                  00002804    00000004                                   : pre_init.obj (.text)

.const     0    00002808    00000109     
                  00002808    00000101     rtsv7M4_T_le_v4SPD16_eabi.lib : ctype.obj (.const:.string:_ctypes_)
                  00002909    00000004     lcd.obj (.const:.string:lineAddress$1)
                  0000290d    00000004     lcd.obj (.const:.string:lineAddresses$2)

.cinit     0    00002918    00000054     
                  00002918    00000016     (.cinit..data.load) [load image, compression = rle]
                  0000292e    00000002     --HOLE-- [fill = 0]
                  00002930    0000000b     (.cinit..vtable.load) [load image, compression = rle]
                  0000293b    00000005     --HOLE-- [fill = 0]
                  00002940    00000009     (.cinit..bss.load) [load image, compression = rle]
                  00002949    00000003     --HOLE-- [fill = 0]
                  0000294c    00000008     (__TI_handler_table)
                  00002954    00000018     (__TI_cinit_table)

.init_array 
*          0    00000000    00000000     UNINITIALIZED

.vtable    0    20000000    0000026c     UNINITIALIZED
                  20000000    0000026c     driverlib.lib : interrupt.obj (.vtable)

.stack     0    2000026c    00000800     UNINITIALIZED
                  2000026c    00000800     --HOLE--

.bss       0    20000a6c    00000054     UNINITIALIZED
                  20000a6c    00000054     lcd.obj (.bss:lastbuffer$3)

.data      0    20000ac0    0000002c     UNINITIALIZED
                  20000ac0    00000010     main.obj (.data)
                  20000ad0    0000000c     rtsv7M4_T_le_v4SPD16_eabi.lib : exit.obj (.data:$O1$$)
                  20000adc    00000008                                   : _lock.obj (.data:$O1$$)
                  20000ae4    00000004                                   : errno.obj (.data)
                  20000ae8    00000004                                   : stkdepth_vars.obj (.data)

MODULE SUMMARY

       Module                         code   ro data   rw data
       ------                         ----   -------   -------
    .\
       lcd.obj                        764    8         84     
       tm4c1231e6pm_startup_ccs.obj   12     620       0      
       main.obj                       568    0         16     
       Timer.obj                      344    0         0      
    +--+------------------------------+------+---------+---------+
       Total:                         1688   628       100    
                                                              
    C:/ti/TivaWare_C_Series-2.1.2.111/driverlib/ccs/Debug/driverlib.lib
       interrupt.obj                  68     0         620    
       cpu.obj                        12     0         0      
    +--+------------------------------+------+---------+---------+
       Total:                         80     0         620    
                                                              
    C:\ti\ccsv6\tools\compiler\ti-cgt-arm_15.12.1.LTS\lib\rtsv7M4_T_le_v4SPD16_eabi.lib
       _printfi.obj                   4368   0         0      
       ull_div_t2.obj                 500    0         0      
       fd_add_t2.obj                  438    0         0      
       fd_div_t2.obj                  310    0         0      
       fd_cmp_t2.obj                  268    0         0      
       ctype.obj                      0      257       0      
       fd_mul_t2.obj                  252    0         0      
       s_scalbn.obj                   252    0         0      
       memcpy_t2.obj                  156    0         0      
       vsnprintf.obj                  136    0         0      
       memset_t2.obj                  122    0         0      
       autoinit.obj                   112    0         0      
       copy_decompress_rle.obj        112    0         0      
       s_frexp.obj                    100    0         0      
       exit.obj                       84     0         12     
       ltoa.obj                       86     0         0      
       boot.obj                       84     0         0      
       atoi.obj                       76     0         0      
       cpy_tbl.obj                    76     0         0      
       fd_toi_t2.obj                  72     0         0      
       i_tofd_t2.obj                  46     0         0      
       _lock.obj                      20     0         8      
       memccpy.obj                    28     0         0      
       args_main.obj                  24     0         0      
       strcmp.obj                     24     0         0      
       strchr.obj                     22     0         0      
       s_copysign.obj                 20     0         0      
       strcpy.obj                     20     0         0      
       strlen.obj                     20     0         0      
       copy_decompress_none.obj       14     0         0      
       errno.obj                      0      0         4      
       pre_init.obj                   4      0         0      
       stkdepth_vars.obj              0      0         4      
       mpu_init.obj                   2      0         0      
       startup.obj                    2      0         0      
    +--+------------------------------+------+---------+---------+
       Total:                         7850   257       28     
                                                              
       Stack:                         0      0         2048   
       Linker Generated:              0      74        0      
    +--+------------------------------+------+---------+---------+
       Grand Total:                   9618   959       2796   


LINKER GENERATED COPY TABLES

__TI_cinit_table @ 00002954 records: 3, size/record: 8, table size: 24
	.data: load addr=00002918, load size=00000016 bytes, run addr=20000ac0, run size=0000002c bytes, compression=rle
	.vtable: load addr=00002930, load size=0000000b bytes, run addr=20000000, run size=0000026c bytes, compression=rle
	.bss: load addr=00002940, load size=00000009 bytes, run addr=20000a6c, run size=00000054 bytes, compression=rle


LINKER GENERATED HANDLER TABLE

__TI_handler_table @ 0000294c records: 2, size/record: 4, table size: 8
	index: 0, handler: __TI_decompress_rle24
	index: 1, handler: __TI_decompress_none


GLOBAL SYMBOLS: SORTED ALPHABETICALLY BY Name 

address   name                           
-------   ----                           
0000256d  C$$EXIT                        
000027e7  CPUcpsie                       
000027b9  IntMasterEnable                
000026a1  IntRegister                    
000027f3  ResetISR                       
UNDEFED   SHT$$INIT_ARRAY$$Base          
UNDEFED   SHT$$INIT_ARRAY$$Limit         
00001705  TIMER3B_Handler                
20000a6c  __STACK_END                    
00000800  __STACK_SIZE                   
2000046c  __STACK_TOP                    
00002954  __TI_CINIT_Base                
0000296c  __TI_CINIT_Limit               
0000294c  __TI_Handler_Table_Base        
00002954  __TI_Handler_Table_Limit       
00002381  __TI_auto_init                 
20000ad0  __TI_cleanup_ptr               
000027d9  __TI_decompress_none           
000027ff  __TI_decompress_rle24          
20000ad4  __TI_dtors_ptr                 
20000ad8  __TI_enable_exit_profile_output
ffffffff  __TI_pprof_out_hndl            
00001077  __TI_printfi                   
ffffffff  __TI_prof_data_size            
ffffffff  __TI_prof_data_start           
00000000  __TI_static_base__             
000021f9  __aeabi_cdcmpeq                
000021f9  __aeabi_cdcmple                
0000227f  __aeabi_cdrcmple               
00002659  __aeabi_d2iz                   
00001a9f  __aeabi_dadd                   
00001da5  __aeabi_ddiv                   
00001edb  __aeabi_dmul                   
00001a95  __aeabi_dsub                   
000026d5  __aeabi_i2d                    
00002305  __aeabi_memclr                 
00002305  __aeabi_memclr4                
00002305  __aeabi_memclr8                
000020d5  __aeabi_memcpy                 
000020d5  __aeabi_memcpy4                
000020d5  __aeabi_memcpy8                
00002307  __aeabi_memset                 
00002307  __aeabi_memset4                
00002307  __aeabi_memset8                
000018a1  __aeabi_uldivmod               
ffffffff  __binit__                      
ffffffff  __c_args__                     
00001c4b  __mpu_init                     
2000026c  __stack                        
00002721  _args_main                     
00002519  _c_int00                       
00002808  _ctypes_                       
20000adc  _lock                          
00002777  _nop                           
0000276f  _register_lock                 
00002769  _register_unlock               
00001fd7  _system_post_cinit             
00002805  _system_pre_init               
20000ae0  _unlock                        
00002571  abort                          
000025c1  atoi                           
ffffffff  binit                          
0000260d  copy_in                        
0000277d  copysign                       
0000277d  copysignl                      
20000ac0  current_state                  
20000ae4  errno                          
00002579  exit                           
20000ac8  falling_edge_time              
0000245d  frexp                          
0000245d  frexpl                         
20000000  g_pfnRAMVectors                
00000000  g_pfnVectors                   
000027c9  lcd_clear                      
00001515  lcd_gotoLine                   
0000137d  lcd_init                       
0000157b  lcd_printf                     
0000143d  lcd_putc                       
00001475  lcd_puts                       
00001493  lcd_sendCommand                
000014d1  lcd_sendNibble                 
0000153d  lcd_setCursorPos               
00001fd9  ldexp                          
00001fd9  ldexpl                         
000024c1  ltoa                           
000017eb  main                           
20000ae8  main_func_sp                   
00002703  memccpy                        
000020d5  memcpy                         
0000230d  memset                         
20000acc  overflow                       
00001669  regestersinit                  
20000ac4  rising_edge_time               
00001fd9  scalbn                         
00001fd9  scalbnl                        
0000173d  send_pulse                     
0000179d  sonar_getDistance              
00002751  strchr                         
00002739  strcmp                         
00002791  strcpy                         
000027a5  strlen                         
00001d5d  timer_getClock                 
00001d11  timer_startClock               
00001cab  timer_startTimer               
00001d63  timer_stopClock                
00001cfb  timer_stopTimer                
00001c81  timer_waitMicros               
00001c4d  timer_waitMillis               
0000169b  timerinit                      
00002171  vsnprintf                      


GLOBAL SYMBOLS: SORTED BY Symbol Address 

address   name                           
-------   ----                           
00000000  __TI_static_base__             
00000000  g_pfnVectors                   
00000800  __STACK_SIZE                   
00001077  __TI_printfi                   
0000137d  lcd_init                       
0000143d  lcd_putc                       
00001475  lcd_puts                       
00001493  lcd_sendCommand                
000014d1  lcd_sendNibble                 
00001515  lcd_gotoLine                   
0000153d  lcd_setCursorPos               
0000157b  lcd_printf                     
00001669  regestersinit                  
0000169b  timerinit                      
00001705  TIMER3B_Handler                
0000173d  send_pulse                     
0000179d  sonar_getDistance              
000017eb  main                           
000018a1  __aeabi_uldivmod               
00001a95  __aeabi_dsub                   
00001a9f  __aeabi_dadd                   
00001c4b  __mpu_init                     
00001c4d  timer_waitMillis               
00001c81  timer_waitMicros               
00001cab  timer_startTimer               
00001cfb  timer_stopTimer                
00001d11  timer_startClock               
00001d5d  timer_getClock                 
00001d63  timer_stopClock                
00001da5  __aeabi_ddiv                   
00001edb  __aeabi_dmul                   
00001fd7  _system_post_cinit             
00001fd9  ldexp                          
00001fd9  ldexpl                         
00001fd9  scalbn                         
00001fd9  scalbnl                        
000020d5  __aeabi_memcpy                 
000020d5  __aeabi_memcpy4                
000020d5  __aeabi_memcpy8                
000020d5  memcpy                         
00002171  vsnprintf                      
000021f9  __aeabi_cdcmpeq                
000021f9  __aeabi_cdcmple                
0000227f  __aeabi_cdrcmple               
00002305  __aeabi_memclr                 
00002305  __aeabi_memclr4                
00002305  __aeabi_memclr8                
00002307  __aeabi_memset                 
00002307  __aeabi_memset4                
00002307  __aeabi_memset8                
0000230d  memset                         
00002381  __TI_auto_init                 
0000245d  frexp                          
0000245d  frexpl                         
000024c1  ltoa                           
00002519  _c_int00                       
0000256d  C$$EXIT                        
00002571  abort                          
00002579  exit                           
000025c1  atoi                           
0000260d  copy_in                        
00002659  __aeabi_d2iz                   
000026a1  IntRegister                    
000026d5  __aeabi_i2d                    
00002703  memccpy                        
00002721  _args_main                     
00002739  strcmp                         
00002751  strchr                         
00002769  _register_unlock               
0000276f  _register_lock                 
00002777  _nop                           
0000277d  copysign                       
0000277d  copysignl                      
00002791  strcpy                         
000027a5  strlen                         
000027b9  IntMasterEnable                
000027c9  lcd_clear                      
000027d9  __TI_decompress_none           
000027e7  CPUcpsie                       
000027f3  ResetISR                       
000027ff  __TI_decompress_rle24          
00002805  _system_pre_init               
00002808  _ctypes_                       
0000294c  __TI_Handler_Table_Base        
00002954  __TI_CINIT_Base                
00002954  __TI_Handler_Table_Limit       
0000296c  __TI_CINIT_Limit               
20000000  g_pfnRAMVectors                
2000026c  __stack                        
2000046c  __STACK_TOP                    
20000a6c  __STACK_END                    
20000ac0  current_state                  
20000ac4  rising_edge_time               
20000ac8  falling_edge_time              
20000acc  overflow                       
20000ad0  __TI_cleanup_ptr               
20000ad4  __TI_dtors_ptr                 
20000ad8  __TI_enable_exit_profile_output
20000adc  _lock                          
20000ae0  _unlock                        
20000ae4  errno                          
20000ae8  main_func_sp                   
ffffffff  __TI_pprof_out_hndl            
ffffffff  __TI_prof_data_size            
ffffffff  __TI_prof_data_start           
ffffffff  __binit__                      
ffffffff  __c_args__                     
ffffffff  binit                          
UNDEFED   SHT$$INIT_ARRAY$$Base          
UNDEFED   SHT$$INIT_ARRAY$$Limit         

[110 symbols]
