******************************************************************************
                  TI ARM Linker PC v15.12.1                    
******************************************************************************
>> Linked Sat Dec 03 16:13:06 2016

OUTPUT FILE NAME:   <finalrefactor.out>
ENTRY POINT SYMBOL: "_c_int00"  address: 00005141


MEMORY CONFIGURATION

         name            origin    length      used     unused   attr    fill
----------------------  --------  ---------  --------  --------  ----  --------
  FLASH                 00000000   00020000  000057d8  0001a828  R  X
  SRAM                  20000000   00008000  00001267  00006d99  RW X


SEGMENT ALLOCATION MAP

run origin  load origin   length   init length attrs members
----------  ----------- ---------- ----------- ----- -------
00000000    00000000    000057dc   000057dc    r-x
  00000000    00000000    0000026c   0000026c    r-- .intvecs
  0000026c    0000026c    000051c4   000051c4    r-x .text
  00005430    00005430    00000314   00000314    r-- .const
  00005748    00005748    00000094   00000094    r-- .cinit
20000000    20000000    0000126b   00000000    rw-
  20000000    20000000    0000026c   00000000    rw- .vtable
  2000026c    2000026c    00000800   00000000    rw- .stack
  20000a70    20000a70    00000400   00000000    rw- .sysmem
  20000e70    20000e70    00000365   00000000    rw- .data
  200011d5    200011d5    00000096   00000000    rw- .bss


SECTION ALLOCATION MAP

 output                                  attributes/
section   page    origin      length       input sections
--------  ----  ----------  ----------   ----------------
.intvecs   0    00000000    0000026c     
                  00000000    0000026c     tm4c1231e6pm_startup_ccs.obj (.intvecs)

.text      0    0000026c    000051c4     
                  0000026c    00001110     rtsv7M4_T_le_v4SPD16_eabi.lib : _printfi.obj (.text)
                  0000137c    000009d8     sweep.obj (.text)
                  00001d54    000009ac     rtsv7M4_T_le_v4SPD16_eabi.lib : e_pow.obj (.text)
                  00002700    00000740                                   : k_rem_pio2.obj (.text)
                  00002e40    00000510                                   : s_tan.obj (.text)
                  00003350    0000040c     main.obj (.text)
                  0000375c    00000320     rtsv7M4_T_le_v4SPD16_eabi.lib : k_tan.obj (.text)
                  00003a7c    000002ec     lcd.obj (.text)
                  00003d68    000001fc     uart.obj (.text)
                  00003f64    000001f4     rtsv7M4_T_le_v4SPD16_eabi.lib : ull_div_t2.obj (.text)
                  00004158    000001b8     botdata.obj (.text)
                  00004310    000001b6     rtsv7M4_T_le_v4SPD16_eabi.lib : fd_add_t2.obj (.text)
                  000044c6    00000002                                   : mpu_init.obj (.text)
                  000044c8    00000170                                   : e_sqrt.obj (.text)
                  00004638    00000158     Timer.obj (.text)
                  00004790    00000136     rtsv7M4_T_le_v4SPD16_eabi.lib : fd_div_t2.obj (.text)
                  000048c6    000000fc                                   : fd_mul_t2.obj (.text)
                  000049c2    00000002                                   : startup.obj (.text)
                  000049c4    000000fc                                   : s_scalbn.obj (.text)
                  00004ac0    000000f8                                   : s_floor.obj (.text)
                  00004bb8    000000e4     button.obj (.text)
                  00004c9c    0000009c     rtsv7M4_T_le_v4SPD16_eabi.lib : memcpy_t2.obj (.text)
                  00004d38    00000088                                   : vsnprintf.obj (.text)
                  00004dc0    00000086                                   : fd_cmp_t2.obj (.text:__aeabi_cdcmple)
                  00004e46    00000086                                   : fd_cmp_t2.obj (.text:__aeabi_cdrcmple)
                  00004ecc    0000007a                                   : memset_t2.obj (.text)
                  00004f46    00000002     --HOLE-- [fill = 0]
                  00004f48    00000070                                   : autoinit.obj (.text)
                  00004fb8    0000006a                                   : copy_decompress_rle.obj (.text)
                  00005022    00000002     --HOLE-- [fill = 0]
                  00005024    00000064                                   : s_frexp.obj (.text)
                  00005088    00000060                                   : sprintf.obj (.text)
                  000050e8    00000056                                   : ltoa.obj (.text)
                  0000513e    00000002     --HOLE-- [fill = 0]
                  00005140    00000054                                   : boot.obj (.text)
                  00005194    00000054                                   : exit.obj (.text)
                  000051e8    0000004c                                   : atoi.obj (.text)
                  00005234    0000004c                                   : cpy_tbl.obj (.text)
                  00005280    00000048                                   : fd_toi_t2.obj (.text)
                  000052c8    00000034     driverlib.lib : interrupt.obj (.text:IntRegister)
                  000052fc    0000002e     rtsv7M4_T_le_v4SPD16_eabi.lib : i_tofd_t2.obj (.text)
                  0000532a    0000001c                                   : memccpy.obj (.text)
                  00005346    00000002     --HOLE-- [fill = 0]
                  00005348    00000018                                   : args_main.obj (.text)
                  00005360    00000018                                   : strcmp.obj (.text)
                  00005378    00000016                                   : strchr.obj (.text)
                  0000538e    00000002     --HOLE-- [fill = 0]
                  00005390    00000014                                   : _lock.obj (.text)
                  000053a4    00000014                                   : s_copysign.obj (.text)
                  000053b8    00000014                                   : strcpy.obj (.text)
                  000053cc    00000014                                   : strlen.obj (.text)
                  000053e0    00000010     driverlib.lib : interrupt.obj (.text:IntMasterEnable)
                  000053f0    00000010     lcd.obj (.text:lcd_clear)
                  00005400    0000000e     rtsv7M4_T_le_v4SPD16_eabi.lib : copy_decompress_none.obj (.text:decompress:none)
                  0000540e    0000000c     driverlib.lib : cpu.obj (.text:CPUcpsie)
                  0000541a    0000000c     tm4c1231e6pm_startup_ccs.obj (.text)
                  00005426    00000006     rtsv7M4_T_le_v4SPD16_eabi.lib : copy_decompress_rle.obj (.text:decompress:rle24)
                  0000542c    00000004                                   : pre_init.obj (.text)

.const     0    00005430    00000314     
                  00005430    00000158     rtsv7M4_T_le_v4SPD16_eabi.lib : k_rem_pio2.obj (.const:$O1$$)
                  00005588    00000101                                   : ctype.obj (.const:.string:_ctypes_)
                  00005689    00000004     lcd.obj (.const:.string:lineAddress$1)
                  0000568d    00000003     --HOLE-- [fill = 0]
                  00005690    00000080     rtsv7M4_T_le_v4SPD16_eabi.lib : k_tan.obj (.const:xxx)
                  00005710    00000030                                   : e_pow.obj (.const:$O1$$)
                  00005740    00000004     lcd.obj (.const:.string:lineAddresses$2)

.cinit     0    00005748    00000094     
                  00005748    00000052     (.cinit..data.load) [load image, compression = rle]
                  0000579a    00000006     --HOLE-- [fill = 0]
                  000057a0    0000000b     (.cinit..vtable.load) [load image, compression = rle]
                  000057ab    00000005     --HOLE-- [fill = 0]
                  000057b0    00000009     (.cinit..bss.load) [load image, compression = rle]
                  000057b9    00000003     --HOLE-- [fill = 0]
                  000057bc    00000008     (__TI_handler_table)
                  000057c4    00000018     (__TI_cinit_table)

.init_array 
*          0    00000000    00000000     UNINITIALIZED

.vtable    0    20000000    0000026c     UNINITIALIZED
                  20000000    0000026c     driverlib.lib : interrupt.obj (.vtable)

.stack     0    2000026c    00000800     UNINITIALIZED
                  2000026c    00000800     --HOLE--

.sysmem    0    20000a70    00000400     UNINITIALIZED
                  20000a70    00000008     rtsv7M4_T_le_v4SPD16_eabi.lib : memory.obj (.sysmem)
                  20000a78    000003f8     --HOLE--

.data      0    20000e70    00000365     UNINITIALIZED
                  20000e70    00000320     main.obj (.data:send_string)
                  20001190    00000024     main.obj (.data)
                  200011b4    0000000c     rtsv7M4_T_le_v4SPD16_eabi.lib : exit.obj (.data:$O1$$)
                  200011c0    00000008                                   : _lock.obj (.data:$O1$$)
                  200011c8    00000004                                   : errno.obj (.data)
                  200011cc    00000004                                   : stkdepth_vars.obj (.data)
                  200011d0    00000004     uart.obj (.data)
                  200011d4    00000001     button.obj (.data)

.bss       0    200011d5    00000096     UNINITIALIZED
                  200011d5    00000054     lcd.obj (.bss:lastbuffer$3)
                  20001229    00000034     (.common:isr_char_buffer)
                  2000125d    0000000c     (.common:rec_string)
                  20001269    00000001     (.common:_prevButton)
                  2000126a    00000001     (.common:state)

MODULE SUMMARY

       Module                         code    ro data   rw data
       ------                         ----    -------   -------
    .\
       sweep.obj                      2520    0         0      
       main.obj                       1036    0         849    
       lcd.obj                        764     8         84     
       tm4c1231e6pm_startup_ccs.obj   12      620       0      
       uart.obj                       508     0         56     
       botdata.obj                    440     0         0      
       Timer.obj                      344     0         0      
       button.obj                     228     0         2      
    +--+------------------------------+-------+---------+---------+
       Total:                         5852    628       991    
                                                               
    C:/ti/TivaWare_C_Series-2.1.2.111/driverlib/ccs/Debug/driverlib.lib
       interrupt.obj                  68      0         620    
       cpu.obj                        12      0         0      
    +--+------------------------------+-------+---------+---------+
       Total:                         80      0         620    
                                                               
    C:\ti\ccsv6\tools\compiler\ti-cgt-arm_15.12.1.LTS\lib\rtsv7M4_T_le_v4SPD16_eabi.lib
       _printfi.obj                   4368    0         0      
       e_pow.obj                      2476    48        0      
       k_rem_pio2.obj                 1856    344       0      
       s_tan.obj                      1296    0         0      
       k_tan.obj                      800     128       0      
       ull_div_t2.obj                 500     0         0      
       fd_add_t2.obj                  438     0         0      
       e_sqrt.obj                     368     0         0      
       fd_div_t2.obj                  310     0         0      
       fd_cmp_t2.obj                  268     0         0      
       ctype.obj                      0       257       0      
       fd_mul_t2.obj                  252     0         0      
       s_scalbn.obj                   252     0         0      
       s_floor.obj                    248     0         0      
       memcpy_t2.obj                  156     0         0      
       vsnprintf.obj                  136     0         0      
       memset_t2.obj                  122     0         0      
       autoinit.obj                   112     0         0      
       copy_decompress_rle.obj        112     0         0      
       s_frexp.obj                    100     0         0      
       exit.obj                       84      0         12     
       sprintf.obj                    96      0         0      
       ltoa.obj                       86      0         0      
       boot.obj                       84      0         0      
       atoi.obj                       76      0         0      
       cpy_tbl.obj                    76      0         0      
       fd_toi_t2.obj                  72      0         0      
       i_tofd_t2.obj                  46      0         0      
       _lock.obj                      20      0         8      
       memccpy.obj                    28      0         0      
       args_main.obj                  24      0         0      
       strcmp.obj                     24      0         0      
       strchr.obj                     22      0         0      
       s_copysign.obj                 20      0         0      
       strcpy.obj                     20      0         0      
       strlen.obj                     20      0         0      
       copy_decompress_none.obj       14      0         0      
       errno.obj                      0       0         4      
       pre_init.obj                   4       0         0      
       stkdepth_vars.obj              0       0         4      
       mpu_init.obj                   2       0         0      
       startup.obj                    2       0         0      
    +--+------------------------------+-------+---------+---------+
       Total:                         14990   777       28     
                                                               
       Heap:                          0       0         1024   
       Stack:                         0       0         2048   
       Linker Generated:              0       134       0      
    +--+------------------------------+-------+---------+---------+
       Grand Total:                   20922   1539      4711   


LINKER GENERATED COPY TABLES

__TI_cinit_table @ 000057c4 records: 3, size/record: 8, table size: 24
	.data: load addr=00005748, load size=00000052 bytes, run addr=20000e70, run size=00000365 bytes, compression=rle
	.vtable: load addr=000057a0, load size=0000000b bytes, run addr=20000000, run size=0000026c bytes, compression=rle
	.bss: load addr=000057b0, load size=00000009 bytes, run addr=200011d5, run size=00000096 bytes, compression=rle


LINKER GENERATED HANDLER TABLE

__TI_handler_table @ 000057bc records: 2, size/record: 4, table size: 8
	index: 0, handler: __TI_decompress_rle24
	index: 1, handler: __TI_decompress_none


GLOBAL SYMBOLS: SORTED ALPHABETICALLY BY Name 

address   name                           
-------   ----                           
00005195  C$$EXIT                        
0000540f  CPUcpsie                       
000053e1  IntMasterEnable                
000052c9  IntRegister                    
0000541b  ResetISR                       
UNDEFED   SHT$$INIT_ARRAY$$Base          
UNDEFED   SHT$$INIT_ARRAY$$Limit         
00003585  TIMER3B_Handler                
00003ed9  UART1_Handler                  
20000a6c  __STACK_END                    
00000800  __STACK_SIZE                   
2000046c  __STACK_TOP                    
00000400  __SYSMEM_SIZE                  
000057c4  __TI_CINIT_Base                
000057dc  __TI_CINIT_Limit               
000057bc  __TI_Handler_Table_Base        
000057c4  __TI_Handler_Table_Limit       
00004f49  __TI_auto_init                 
200011b4  __TI_cleanup_ptr               
00005401  __TI_decompress_none           
00005427  __TI_decompress_rle24          
200011b8  __TI_dtors_ptr                 
200011bc  __TI_enable_exit_profile_output
ffffffff  __TI_pprof_out_hndl            
00001077  __TI_printfi                   
ffffffff  __TI_prof_data_size            
ffffffff  __TI_prof_data_start           
00000000  __TI_static_base__             
00004dc1  __aeabi_cdcmpeq                
00004dc1  __aeabi_cdcmple                
00004e47  __aeabi_cdrcmple               
00005281  __aeabi_d2iz                   
0000431b  __aeabi_dadd                   
00004791  __aeabi_ddiv                   
000048c7  __aeabi_dmul                   
00004311  __aeabi_dsub                   
000052fd  __aeabi_i2d                    
00004ecd  __aeabi_memclr                 
00004ecd  __aeabi_memclr4                
00004ecd  __aeabi_memclr8                
00004c9d  __aeabi_memcpy                 
00004c9d  __aeabi_memcpy4                
00004c9d  __aeabi_memcpy8                
00004ecf  __aeabi_memset                 
00004ecf  __aeabi_memset4                
00004ecf  __aeabi_memset8                
00003f65  __aeabi_uldivmod               
ffffffff  __binit__                      
ffffffff  __c_args__                     
00002701  __kernel_rem_pio2              
0000375d  __kernel_tan                   
000044c7  __mpu_init                     
2000026c  __stack                        
00005349  _args_main                     
00005141  _c_int00                       
00005588  _ctypes_                       
200011c0  _lock                          
0000539f  _nop                           
20001269  _prevButton                    
00005397  _register_lock                 
00005391  _register_unlock               
20000a70  _sys_memory                    
000049c3  _system_post_cinit             
0000542d  _system_pre_init               
200011c4  _unlock                        
00005199  abort                          
00001439  analyze                        
000051e9  atoi                           
ffffffff  binit                          
00004159  botdata_init                   
00004be5  button_checkButtons            
00004bef  button_getButton               
00004c2f  button_getButtonBlocking       
00004c43  button_getButtonChange         
00004c6d  button_getButtonChangeBlocking 
00004bb9  button_init                    
00005235  copy_in                        
000053a5  copysign                       
000053a5  copysignl                      
20001198  count                          
20001190  decrementing                   
200011ac  distance                       
0000137d  do_sweep                       
200011c8  errno                          
000051a1  exit                           
200011a8  final_value                    
00001787  find_width                     
00004ac1  floor                          
00004ac1  floorl                         
00005025  frexp                          
00005025  frexpl                         
20000000  g_pfnRAMVectors                
00000000  g_pfnVectors                   
00004261  getADC                         
0000421f  get_distance                   
200011b0  initial                        
200011a0  initial_value                  
000035bd  interpret_buttons              
000034a7  ir_sensor_init                 
20001229  isr_char_buffer                
200011d0  isr_counter                    
000053f1  lcd_clear                      
00003c15  lcd_gotoLine                   
00003a7d  lcd_init                       
00003c7b  lcd_printf                     
00003b3d  lcd_putc                       
00003b75  lcd_puts                       
00003b93  lcd_sendCommand                
00003bd1  lcd_sendNibble                 
00003c3d  lcd_setCursorPos               
000049c5  ldexp                          
000049c5  ldexpl                         
000050e9  ltoa                           
00003351  main                           
200011cc  main_func_sp                   
0000532b  memccpy                        
00004c9d  memcpy                         
00004ed5  memset                         
00001b05  move_servo                     
000033eb  object_send                    
00001d55  pow                            
00001d55  powl                           
2000125d  rec_string                     
000049c5  scalbn                         
000049c5  scalbnl                        
200011a4  second_value                   
00004285  send_pulse                     
20000e70  send_string                    
0000160f  sendscandata                   
00003519  servo_init                     
00003423  sonar_init                     
00005089  sprintf                        
000044c9  sqrt                           
000044c9  sqrtl                          
2000126a  state                          
00005379  strchr                         
00005361  strcmp                         
000053b9  strcpy                         
000053cd  strlen                         
00002e41  tan                            
00002e41  tanl                           
00001c19  time2distance                  
00004749  timer_getClock                 
000046fd  timer_startClock               
00004697  timer_startTimer               
0000474f  timer_stopClock                
000046e7  timer_stopTimer                
0000466d  timer_waitMicros               
00004639  timer_waitMillis               
00003e97  uart_flush                     
00003d69  uart_init                      
00003e55  uart_receive                   
00003e2b  uart_sendBuffer                
00003e0f  uart_sendChar                  
00003eb5  uart_sendStr                   
00004d39  vsnprintf                      


GLOBAL SYMBOLS: SORTED BY Symbol Address 

address   name                           
-------   ----                           
00000000  __TI_static_base__             
00000000  g_pfnVectors                   
00000400  __SYSMEM_SIZE                  
00000800  __STACK_SIZE                   
00001077  __TI_printfi                   
0000137d  do_sweep                       
00001439  analyze                        
0000160f  sendscandata                   
00001787  find_width                     
00001b05  move_servo                     
00001c19  time2distance                  
00001d55  pow                            
00001d55  powl                           
00002701  __kernel_rem_pio2              
00002e41  tan                            
00002e41  tanl                           
00003351  main                           
000033eb  object_send                    
00003423  sonar_init                     
000034a7  ir_sensor_init                 
00003519  servo_init                     
00003585  TIMER3B_Handler                
000035bd  interpret_buttons              
0000375d  __kernel_tan                   
00003a7d  lcd_init                       
00003b3d  lcd_putc                       
00003b75  lcd_puts                       
00003b93  lcd_sendCommand                
00003bd1  lcd_sendNibble                 
00003c15  lcd_gotoLine                   
00003c3d  lcd_setCursorPos               
00003c7b  lcd_printf                     
00003d69  uart_init                      
00003e0f  uart_sendChar                  
00003e2b  uart_sendBuffer                
00003e55  uart_receive                   
00003e97  uart_flush                     
00003eb5  uart_sendStr                   
00003ed9  UART1_Handler                  
00003f65  __aeabi_uldivmod               
00004159  botdata_init                   
0000421f  get_distance                   
00004261  getADC                         
00004285  send_pulse                     
00004311  __aeabi_dsub                   
0000431b  __aeabi_dadd                   
000044c7  __mpu_init                     
000044c9  sqrt                           
000044c9  sqrtl                          
00004639  timer_waitMillis               
0000466d  timer_waitMicros               
00004697  timer_startTimer               
000046e7  timer_stopTimer                
000046fd  timer_startClock               
00004749  timer_getClock                 
0000474f  timer_stopClock                
00004791  __aeabi_ddiv                   
000048c7  __aeabi_dmul                   
000049c3  _system_post_cinit             
000049c5  ldexp                          
000049c5  ldexpl                         
000049c5  scalbn                         
000049c5  scalbnl                        
00004ac1  floor                          
00004ac1  floorl                         
00004bb9  button_init                    
00004be5  button_checkButtons            
00004bef  button_getButton               
00004c2f  button_getButtonBlocking       
00004c43  button_getButtonChange         
00004c6d  button_getButtonChangeBlocking 
00004c9d  __aeabi_memcpy                 
00004c9d  __aeabi_memcpy4                
00004c9d  __aeabi_memcpy8                
00004c9d  memcpy                         
00004d39  vsnprintf                      
00004dc1  __aeabi_cdcmpeq                
00004dc1  __aeabi_cdcmple                
00004e47  __aeabi_cdrcmple               
00004ecd  __aeabi_memclr                 
00004ecd  __aeabi_memclr4                
00004ecd  __aeabi_memclr8                
00004ecf  __aeabi_memset                 
00004ecf  __aeabi_memset4                
00004ecf  __aeabi_memset8                
00004ed5  memset                         
00004f49  __TI_auto_init                 
00005025  frexp                          
00005025  frexpl                         
00005089  sprintf                        
000050e9  ltoa                           
00005141  _c_int00                       
00005195  C$$EXIT                        
00005199  abort                          
000051a1  exit                           
000051e9  atoi                           
00005235  copy_in                        
00005281  __aeabi_d2iz                   
000052c9  IntRegister                    
000052fd  __aeabi_i2d                    
0000532b  memccpy                        
00005349  _args_main                     
00005361  strcmp                         
00005379  strchr                         
00005391  _register_unlock               
00005397  _register_lock                 
0000539f  _nop                           
000053a5  copysign                       
000053a5  copysignl                      
000053b9  strcpy                         
000053cd  strlen                         
000053e1  IntMasterEnable                
000053f1  lcd_clear                      
00005401  __TI_decompress_none           
0000540f  CPUcpsie                       
0000541b  ResetISR                       
00005427  __TI_decompress_rle24          
0000542d  _system_pre_init               
00005588  _ctypes_                       
000057bc  __TI_Handler_Table_Base        
000057c4  __TI_CINIT_Base                
000057c4  __TI_Handler_Table_Limit       
000057dc  __TI_CINIT_Limit               
20000000  g_pfnRAMVectors                
2000026c  __stack                        
2000046c  __STACK_TOP                    
20000a6c  __STACK_END                    
20000a70  _sys_memory                    
20000e70  send_string                    
20001190  decrementing                   
20001198  count                          
200011a0  initial_value                  
200011a4  second_value                   
200011a8  final_value                    
200011ac  distance                       
200011b0  initial                        
200011b4  __TI_cleanup_ptr               
200011b8  __TI_dtors_ptr                 
200011bc  __TI_enable_exit_profile_output
200011c0  _lock                          
200011c4  _unlock                        
200011c8  errno                          
200011cc  main_func_sp                   
200011d0  isr_counter                    
20001229  isr_char_buffer                
2000125d  rec_string                     
20001269  _prevButton                    
2000126a  state                          
ffffffff  __TI_pprof_out_hndl            
ffffffff  __TI_prof_data_size            
ffffffff  __TI_prof_data_start           
ffffffff  __binit__                      
ffffffff  __c_args__                     
ffffffff  binit                          
UNDEFED   SHT$$INIT_ARRAY$$Base          
UNDEFED   SHT$$INIT_ARRAY$$Limit         

[156 symbols]
